Component: ARM Compiler 5.06 update 5 (build 528) Tool: armlink [4d35e2]

==============================================================================

Section Cross References

    startup_stm32f103xb.o(RESET) refers to startup_stm32f103xb.o(STACK) for __initial_sp
    startup_stm32f103xb.o(RESET) refers to startup_stm32f103xb.o(.text) for Reset_Handler
    startup_stm32f103xb.o(RESET) refers to stm32f1xx_it.o(i.NMI_Handler) for NMI_Handler
    startup_stm32f103xb.o(RESET) refers to stm32f1xx_it.o(i.HardFault_Handler) for HardFault_Handler
    startup_stm32f103xb.o(RESET) refers to stm32f1xx_it.o(i.MemManage_Handler) for MemManage_Handler
    startup_stm32f103xb.o(RESET) refers to stm32f1xx_it.o(i.BusFault_Handler) for BusFault_Handler
    startup_stm32f103xb.o(RESET) refers to stm32f1xx_it.o(i.UsageFault_Handler) for UsageFault_Handler
    startup_stm32f103xb.o(RESET) refers to port.o(.emb_text) for SVC_Handler
    startup_stm32f103xb.o(RESET) refers to stm32f1xx_it.o(i.DebugMon_Handler) for DebugMon_Handler
    startup_stm32f103xb.o(RESET) refers to port.o(i.SysTick_Handler) for SysTick_Handler
    startup_stm32f103xb.o(RESET) refers to stm32f1xx_it.o(i.TIM4_IRQHandler) for TIM4_IRQHandler
    startup_stm32f103xb.o(.text) refers to system_stm32f1xx.o(i.SystemInit) for SystemInit
    startup_stm32f103xb.o(.text) refers to entry.o(.ARM.Collect$$$$00000000) for __main
    main.o(i.HAL_TIM_PeriodElapsedCallback) refers to stm32f1xx_hal.o(i.HAL_IncTick) for HAL_IncTick
    main.o(i.SystemClock_Config) refers to memseta.o(.text) for __aeabi_memclr4
    main.o(i.SystemClock_Config) refers to stm32f1xx_hal_rcc.o(i.HAL_RCC_OscConfig) for HAL_RCC_OscConfig
    main.o(i.SystemClock_Config) refers to stm32f1xx_hal_rcc.o(i.HAL_RCC_ClockConfig) for HAL_RCC_ClockConfig
    main.o(i.SystemClock_Config) refers to stm32f1xx_hal_rcc_ex.o(i.HAL_RCCEx_PeriphCLKConfig) for HAL_RCCEx_PeriphCLKConfig
    main.o(i.fputc) refers to stm32f1xx_hal_uart.o(i.HAL_UART_Transmit) for HAL_UART_Transmit
    main.o(i.fputc) refers to usart.o(.bss) for huart1
    main.o(i.main) refers to stm32f1xx_hal.o(i.HAL_Init) for HAL_Init
    main.o(i.main) refers to main.o(i.SystemClock_Config) for SystemClock_Config
    main.o(i.main) refers to gpio.o(i.MX_GPIO_Init) for MX_GPIO_Init
    main.o(i.main) refers to adc.o(i.MX_ADC1_Init) for MX_ADC1_Init
    main.o(i.main) refers to spi.o(i.MX_SPI1_Init) for MX_SPI1_Init
    main.o(i.main) refers to tim.o(i.MX_TIM1_Init) for MX_TIM1_Init
    main.o(i.main) refers to usart.o(i.MX_USART1_UART_Init) for MX_USART1_UART_Init
    main.o(i.main) refers to usart.o(i.MX_USART2_UART_Init) for MX_USART2_UART_Init
    main.o(i.main) refers to stm32f1xx_hal_gpio.o(i.HAL_GPIO_WritePin) for HAL_GPIO_WritePin
    main.o(i.main) refers to freertos.o(i.MX_FREERTOS_Init) for MX_FREERTOS_Init
    main.o(i.main) refers to printf1.o(i.__0printf$1) for __2printf
    main.o(i.main) refers to tasks.o(i.xTaskCreate) for xTaskCreate
    main.o(i.main) refers to cmsis_os.o(i.osKernelStart) for osKernelStart
    main.o(i.main) refers to main.o(i.task_test) for task_test
    main.o(i.myTestTimer_Cb) refers to printf1.o(i.__0printf$1) for __2printf
    main.o(i.myTestTimer_Cb) refers to main.o(.data) for .data
    main.o(i.task_test) refers to printf1.o(i.__0printf$1) for __2printf
    main.o(i.task_test) refers to au_adc.o(i.Init_Adc) for Init_Adc
    main.o(i.task_test) refers to au_adc.o(i.Get_Adc_Volts) for Get_Adc_Volts
    main.o(i.task_test) refers to au_adc.o(i.Au_Adc_Test) for Au_Adc_Test
    main.o(i.task_test) refers to tasks.o(i.vTaskDelay) for vTaskDelay
    main.o(i.test) refers to cmsis_os.o(i.osTimerCreate) for osTimerCreate
    main.o(i.test) refers to cmsis_os.o(i.osTimerStart) for osTimerStart
    main.o(i.test) refers to main.o(.constdata) for .constdata
    main.o(i.test) refers to main.o(.data) for .data
    main.o(.constdata) refers to main.o(i.myTestTimer_Cb) for myTestTimer_Cb
    gpio.o(i.MX_GPIO_Init) refers to stm32f1xx_hal_gpio.o(i.HAL_GPIO_WritePin) for HAL_GPIO_WritePin
    gpio.o(i.MX_GPIO_Init) refers to stm32f1xx_hal_gpio.o(i.HAL_GPIO_Init) for HAL_GPIO_Init
    freertos.o(i.MX_FREERTOS_Init) refers to memcpya.o(.text) for __aeabi_memcpy4
    freertos.o(i.MX_FREERTOS_Init) refers to cmsis_os.o(i.osThreadCreate) for osThreadCreate
    freertos.o(i.MX_FREERTOS_Init) refers to freertos.o(.constdata) for .constdata
    freertos.o(i.MX_FREERTOS_Init) refers to freertos.o(.data) for .data
    freertos.o(i.StartDefaultTask) refers to cmsis_os.o(i.osDelay) for osDelay
    freertos.o(i.vApplicationGetIdleTaskMemory) refers to freertos.o(.bss) for .bss
    freertos.o(i.vApplicationGetTimerTaskMemory) refers to freertos.o(.bss) for .bss
    freertos.o(.constdata) refers to freertos.o(.conststring) for .conststring
    freertos.o(.constdata) refers to freertos.o(i.StartDefaultTask) for StartDefaultTask
    adc.o(i.HAL_ADC_MspDeInit) refers to stm32f1xx_hal_gpio.o(i.HAL_GPIO_DeInit) for HAL_GPIO_DeInit
[...]
    ../clib/microlib/init/entry.s            0x00000000   Number         0  entry2.o ABSOLUTE
    ../clib/microlib/init/entry.s            0x00000000   Number         0  entry11b.o ABSOLUTE
    ../clib/microlib/longlong.c              0x00000000   Number         0  llsshr.o ABSOLUTE
    ../clib/microlib/longlong.c              0x00000000   Number         0  llshl.o ABSOLUTE
    ../clib/microlib/longlong.c              0x00000000   Number         0  llushr.o ABSOLUTE
    ../clib/microlib/printf/printf.c         0x00000000   Number         0  printf6.o ABSOLUTE
    ../clib/microlib/printf/printf.c         0x00000000   Number         0  printf7.o ABSOLUTE
    ../clib/microlib/printf/printf.c         0x00000000   Number         0  printf0.o ABSOLUTE
    ../clib/microlib/printf/printf.c         0x00000000   Number         0  printf5.o ABSOLUTE
    ../clib/microlib/printf/printf.c         0x00000000   Number         0  printfb.o ABSOLUTE
    ../clib/microlib/printf/printf.c         0x00000000   Number         0  printf4.o ABSOLUTE
    ../clib/microlib/printf/printf.c         0x00000000   Number         0  printf1.o ABSOLUTE
    ../clib/microlib/printf/printf.c         0x00000000   Number         0  printfa.o ABSOLUTE
    ../clib/microlib/printf/printf.c         0x00000000   Number         0  printf8.o ABSOLUTE
    ../clib/microlib/printf/printf.c         0x00000000   Number         0  printf3.o ABSOLUTE
    ../clib/microlib/printf/printf.c         0x00000000   Number         0  printf2.o ABSOLUTE
    ../clib/microlib/printf/stubs.s          0x00000000   Number         0  stubs.o ABSOLUTE
    ../clib/microlib/stdio/streams.c         0x00000000   Number         0  stdout.o ABSOLUTE
    ../clib/microlib/string/memcpy.c         0x00000000   Number         0  memcpya.o ABSOLUTE
    ../clib/microlib/string/memcpy.c         0x00000000   Number         0  memcpyb.o ABSOLUTE
    ../clib/microlib/string/memset.c         0x00000000   Number         0  memseta.o ABSOLUTE
    ../clib/microlib/string/memset.c         0x00000000   Number         0  memset.o ABSOLUTE
    ../clib/microlib/stubs.s                 0x00000000   Number         0  iusefp.o ABSOLUTE
    ../fplib/microlib/d2f.c                  0x00000000   Number         0  d2f.o ABSOLUTE
    ../fplib/microlib/f2d.c                  0x00000000   Number         0  f2d.o ABSOLUTE
    ../fplib/microlib/fpadd.c                0x00000000   Number         0  dadd.o ABSOLUTE
    ../fplib/microlib/fpdiv.c                0x00000000   Number         0  ddiv.o ABSOLUTE
    ../fplib/microlib/fpdiv.c                0x00000000   Number         0  fdiv.o ABSOLUTE
    ../fplib/microlib/fpepilogue.c           0x00000000   Number         0  depilogue.o ABSOLUTE
    ../fplib/microlib/fpepilogue.c           0x00000000   Number         0  fepilogue.o ABSOLUTE
    ../fplib/microlib/fpfix.c                0x00000000   Number         0  ffixui.o ABSOLUTE
    ../fplib/microlib/fpfix.c                0x00000000   Number         0  dfixul.o ABSOLUTE
    ../fplib/microlib/fpflt.c                0x00000000   Number         0  ffltui.o ABSOLUTE
    ../fplib/microlib/fpflt.c                0x00000000   Number         0  dflti.o ABSOLUTE
    ../fplib/microlib/fpmul.c                0x00000000   Number         0  fmul.o ABSOLUTE
    ../fplib/microlib/fpmul.c                0x00000000   Number         0  dmul.o ABSOLUTE
    ../fplib/microlib/fpscalb.c              0x00000000   Number         0  fscalb.o ABSOLUTE
    ../fplib/microlib/fpscalb.c              0x00000000   Number         0  dscalb.o ABSOLUTE
    ../mathlib/dunder.c                      0x00000000   Number         0  dunder.o ABSOLUTE
    ../mathlib/log.c                         0x00000000   Number         0  log.o ABSOLUTE
    ../mathlib/log.c                         0x00000000   Number         0  log_x.o ABSOLUTE
    ../mathlib/poly.c                        0x00000000   Number         0  poly.o ABSOLUTE
    ../mathlib/qnan.c                        0x00000000   Number         0  qnan.o ABSOLUTE
    ..\Core\Src\adc.c                        0x00000000   Number         0  adc.o ABSOLUTE
    ..\Core\Src\freertos.c                   0x00000000   Number         0  freertos.o ABSOLUTE
    ..\Core\Src\gpio.c                       0x00000000   Number         0  gpio.o ABSOLUTE
    ..\Core\Src\main.c                       0x00000000   Number         0  main.o ABSOLUTE
    ..\Core\Src\spi.c                        0x00000000   Number         0  spi.o ABSOLUTE
    ..\Core\Src\stm32f1xx_hal_msp.c          0x00000000   Number         0  stm32f1xx_hal_msp.o ABSOLUTE
    ..\Core\Src\stm32f1xx_hal_timebase_tim.c 0x00000000   Number         0  stm32f1xx_hal_timebase_tim.o ABSOLUTE
    ..\Core\Src\stm32f1xx_it.c               0x00000000   Number         0  stm32f1xx_it.o ABSOLUTE
    ..\Core\Src\system_stm32f1xx.c           0x00000000   Number         0  system_stm32f1xx.o ABSOLUTE
    ..\Core\Src\tim.c                        0x00000000   Number         0  tim.o ABSOLUTE
    ..\Core\Src\usart.c                      0x00000000   Number         0  usart.o ABSOLUTE
    ..\Core\hal\Au_Adc.c                     0x00000000   Number         0  au_adc.o ABSOLUTE
    ..\Core\hal\Au_Motor.c                   0x00000000   Number         0  au_motor.o ABSOLUTE
    ..\Core\hal\Au_Task.c                    0x00000000   Number         0  au_task.o ABSOLUTE
    ..\Drivers\STM32F1xx_HAL_Driver\Src\stm32f1xx_hal.c 0x00000000   Number         0  stm32f1xx_hal.o ABSOLUTE
    ..\Drivers\STM32F1xx_HAL_Driver\Src\stm32f1xx_hal_adc.c 0x00000000   Number         0  stm32f1xx_hal_adc.o ABSOLUTE
    ..\Drivers\STM32F1xx_HAL_Driver\Src\stm32f1xx_hal_adc_ex.c 0x00000000   Number         0  stm32f1xx_hal_adc_ex.o ABSOLUTE
    ..\Drivers\STM32F1xx_HAL_Driver\Src\stm32f1xx_hal_cortex.c 0x00000000   Number         0  stm32f1xx_hal_cortex.o ABSOLUTE
    ..\Drivers\STM32F1xx_HAL_Driver\Src\stm32f1xx_hal_dma.c 0x00000000   Number         0  stm32f1xx_hal_dma.o ABSOLUTE
    ..\Drivers\STM32F1xx_HAL_Driver\Src\stm32f1xx_hal_exti.c 0x00000000   Number         0  stm32f1xx_hal_exti.o ABSOLUTE
    ..\Drivers\STM32F1xx_HAL_Driver\Src\stm32f1xx_hal_flash.c 0x00000000   Number         0  stm32f1xx_hal_flash.o ABSOLUTE
    ..\Drivers\STM32F1xx_HAL_Driver\Src\stm32f1xx_hal_flash_ex.c 0x00000000   Number         0  stm32f1xx_hal_flash_ex.o ABSOLUTE
    ..\Drivers\STM32F1xx_HAL_Driver\Src\stm32f1xx_hal_gpio.c 0x00000000   Number         0  stm32f1xx_hal_gpio.o ABSOLUTE
    ..\Drivers\STM32F1xx_HAL_Driver\Src\stm32f1xx_hal_gpio_ex.c 0x00000000   Number         0  stm32f1xx_hal_gpio_ex.o ABSOLUTE
    ..\Drivers\STM32F1xx_HAL_Driver\Src\stm32f1xx_hal_pwr.c 0x00000000   Number         0  stm32f1xx_hal_pwr.o ABSOLUTE
    ..\Drivers\STM32F1xx_HAL_Driver\Src\stm32f1xx_hal_rcc.c 0x00000000   Number         0  stm32f1xx_hal_rcc.o ABSOLUTE
    ..\Drivers\STM32F1xx_HAL_Driver\Src\stm32f1xx_hal_rcc_ex.c 0x00000000   Number         0  stm32f1xx_hal_rcc_ex.o ABSOLUTE
    ..\Drivers\STM32F1xx_HAL_Driver\Src\stm32f1xx_hal_spi.c 0x00000000   Number         0  stm32f1xx_hal_spi.o ABSOLUTE
    ..\Drivers\STM32F1xx_HAL_Driver\Src\stm32f1xx_hal_tim.c 0x00000000   Number         0  stm32f1xx_hal_tim.o ABSOLUTE
    ..\Drivers\STM32F1xx_HAL_Driver\Src\stm32f1xx_hal_tim_ex.c 0x00000000   Number         0  stm32f1xx_hal_tim_ex.o ABSOLUTE
    ..\Drivers\STM32F1xx_HAL_Driver\Src\stm32f1xx_hal_uart.c 0x00000000   Number         0  stm32f1xx_hal_uart.o ABSOLUTE
    ..\Middlewares\Third_Party\FreeRTOS\Source\CMSIS_RTOS\cmsis_os.c 0x00000000   Number         0  cmsis_os.o ABSOLUTE
    ..\Middlewares\Third_Party\FreeRTOS\Source\portable\RVDS\ARM_CM3\port.c 0x00000000   Number         0  port.o ABSOLUTE
    ..\\Core\\hal\\Au_Adc.c                  0x00000000   Number         0  au_adc.o ABSOLUTE
    ..\\Core\\hal\\Au_Motor.c                0x00000000   Number         0  au_motor.o ABSOLUTE
    ..\\Core\\hal\\Au_Task.c                 0x00000000   Number         0  au_task.o ABSOLUTE
    cdcmple.s                                0x00000000   Number         0  cdcmple.o ABSOLUTE
    cdrcmple.s                               0x00000000   Number         0  cdrcmple.o ABSOLUTE
    dc.s                                     0x00000000   Number         0  dc.o ABSOLUTE
    handlers.s                               0x00000000   Number         0  handlers.o ABSOLUTE
    init.s                                   0x00000000   Number         0  init.o ABSOLUTE
    startup_stm32f103xb.s                    0x00000000   Number         0  startup_stm32f103xb.o ABSOLUTE
    RESET                                    0x08000000   Section      236  startup_stm32f103xb.o(RESET)
    .ARM.Collect$$$$00000000                 0x080000ec   Section        0  entry.o(.ARM.Collect$$$$00000000)
    .ARM.Collect$$$$00000001                 0x080000ec   Section        4  entry2.o(.ARM.Collect$$$$00000001)
    .ARM.Collect$$$$00000004                 0x080000f0   Section        4  entry5.o(.ARM.Collect$$$$00000004)
    .ARM.Collect$$$$00000008                 0x080000f4   Section        0  entry7b.o(.ARM.Collect$$$$00000008)
    .ARM.Collect$$$$0000000A                 0x080000f4   Section        0  entry8b.o(.ARM.Collect$$$$0000000A)
    .ARM.Collect$$$$0000000B                 0x080000f4   Section        8  entry9a.o(.ARM.Collect$$$$0000000B)
    .ARM.Collect$$$$0000000D                 0x080000fc   Section        0  entry10a.o(.ARM.Collect$$$$0000000D)
    .ARM.Collect$$$$0000000F                 0x080000fc   Section        0  entry11a.o(.ARM.Collect$$$$0000000F)
    .ARM.Collect$$$$00002712                 0x080000fc   Section        4  entry2.o(.ARM.Collect$$$$00002712)
    __lit__00000000                          0x080000fc   Data           4  entry2.o(.ARM.Collect$$$$00002712)
    .emb_text                                0x08000100   Section      150  port.o(.emb_text)
    .text                                    0x08000198   Section       36  startup_stm32f103xb.o(.text)
    .text                                    0x080001bc   Section        0  memcpya.o(.text)
    .text                                    0x080001e0   Section        0  memseta.o(.text)
    .text                                    0x08000204   Section        0  fmul.o(.text)
    .text                                    0x08000268   Section        0  fscalb.o(.text)
    .text                                    0x08000280   Section        0  ffltui.o(.text)
    .text                                    0x0800028a   Section        0  ffixui.o(.text)
    .text                                    0x080002b2   Section        0  uidiv.o(.text)
    .text                                    0x080002de   Section        0  fepilogue.o(.text)
    .text                                    0x080002de   Section        0  iusefp.o(.text)
    .text                                    0x0800034c   Section       36  init.o(.text)
    i.ADC_ConversionStop_Disable             0x08000370   Section        0  stm32f1xx_hal_adc.o(i.ADC_ConversionStop_Disable)
    i.ADC_Enable                             0x080003c8   Section        0  stm32f1xx_hal_adc.o(i.ADC_Enable)
    i.Adc_Alg_Handle                         0x08000444   Section        0  au_adc.o(i.Adc_Alg_Handle)
    i.Au_Adc_Test                            0x08000478   Section        0  au_adc.o(i.Au_Adc_Test)
    i.BusFault_Handler                       0x08000518   Section        0  stm32f1xx_it.o(i.BusFault_Handler)
    i.DebugMon_Handler                       0x0800051a   Section        0  stm32f1xx_it.o(i.DebugMon_Handler)
    i.Error_Handler                          0x0800051c   Section        0  main.o(i.Error_Handler)
    i.Get_Adc_Volts                          0x08000520   Section        0  au_adc.o(i.Get_Adc_Volts)
    i.HAL_ADC_ConfigChannel                  0x080005b4   Section        0  stm32f1xx_hal_adc.o(i.HAL_ADC_ConfigChannel)
    i.HAL_ADC_GetValue                       0x080006b0   Section        0  stm32f1xx_hal_adc.o(i.HAL_ADC_GetValue)
    i.HAL_ADC_Init                           0x080006b8   Section        0  stm32f1xx_hal_adc.o(i.HAL_ADC_Init)
    i.HAL_ADC_MspInit                        0x080007d4   Section        0  adc.o(i.HAL_ADC_MspInit)
    i.HAL_ADC_PollForConversion              0x0800082c   Section        0  stm32f1xx_hal_adc.o(i.HAL_ADC_PollForConversion)
    i.HAL_ADC_Start                          0x08000968   Section        0  stm32f1xx_hal_adc.o(i.HAL_ADC_Start)
    i.HAL_ADC_Stop                           0x08000a28   Section        0  stm32f1xx_hal_adc.o(i.HAL_ADC_Stop)
    i.HAL_GPIO_Init                          0x08000a5c   Section        0  stm32f1xx_hal_gpio.o(i.HAL_GPIO_Init)
    i.HAL_GPIO_WritePin                      0x08000c3c   Section        0  stm32f1xx_hal_gpio.o(i.HAL_GPIO_WritePin)
    i.HAL_GetTick                            0x08000c48   Section        0  stm32f1xx_hal.o(i.HAL_GetTick)
    i.HAL_IncTick                            0x08000c54   Section        0  stm32f1xx_hal.o(i.HAL_IncTick)
    i.HAL_Init                               0x08000c64   Section        0  stm32f1xx_hal.o(i.HAL_Init)
    i.HAL_InitTick                           0x08000c88   Section        0  stm32f1xx_hal_timebase_tim.o(i.HAL_InitTick)
    i.HAL_MspInit                            0x08000d20   Section        0  stm32f1xx_hal_msp.o(i.HAL_MspInit)
    i.HAL_NVIC_EnableIRQ                     0x08000d68   Section        0  stm32f1xx_hal_cortex.o(i.HAL_NVIC_EnableIRQ)
    i.HAL_NVIC_SetPriority                   0x08000d84   Section        0  stm32f1xx_hal_cortex.o(i.HAL_NVIC_SetPriority)
    i.HAL_NVIC_SetPriorityGrouping           0x08000dc4   Section        0  stm32f1xx_hal_cortex.o(i.HAL_NVIC_SetPriorityGrouping)
    i.HAL_RCCEx_GetPeriphCLKFreq             0x08000de8   Section        0  stm32f1xx_hal_rcc_ex.o(i.HAL_RCCEx_GetPeriphCLKFreq)
    i.HAL_RCCEx_PeriphCLKConfig              0x08000e8c   Section        0  stm32f1xx_hal_rcc_ex.o(i.HAL_RCCEx_PeriphCLKConfig)
    i.HAL_RCC_ClockConfig                    0x08000f78   Section        0  stm32f1xx_hal_rcc.o(i.HAL_RCC_ClockConfig)
    i.HAL_RCC_GetClockConfig                 0x080010a4   Section        0  stm32f1xx_hal_rcc.o(i.HAL_RCC_GetClockConfig)
    i.HAL_RCC_GetPCLK1Freq                   0x080010e4   Section        0  stm32f1xx_hal_rcc.o(i.HAL_RCC_GetPCLK1Freq)
    i.HAL_RCC_GetPCLK2Freq                   0x08001104   Section        0  stm32f1xx_hal_rcc.o(i.HAL_RCC_GetPCLK2Freq)
    i.HAL_RCC_GetSysClockFreq                0x08001124   Section        0  stm32f1xx_hal_rcc.o(i.HAL_RCC_GetSysClockFreq)
    i.HAL_RCC_OscConfig                      0x08001170   Section        0  stm32f1xx_hal_rcc.o(i.HAL_RCC_OscConfig)
    i.HAL_SPI_Init                           0x08001490   Section        0  stm32f1xx_hal_spi.o(i.HAL_SPI_Init)
    i.HAL_SPI_MspInit                        0x08001544   Section        0  spi.o(i.HAL_SPI_MspInit)
    i.HAL_TIMEx_BreakCallback                0x080015a0   Section        0  stm32f1xx_hal_tim_ex.o(i.HAL_TIMEx_BreakCallback)
    i.HAL_TIMEx_CommutCallback               0x080015a2   Section        0  stm32f1xx_hal_tim_ex.o(i.HAL_TIMEx_CommutCallback)
    i.HAL_TIMEx_MasterConfigSynchronization  0x080015a4   Section        0  stm32f1xx_hal_tim_ex.o(i.HAL_TIMEx_MasterConfigSynchronization)
    i.HAL_TIM_Base_Init                      0x0800160c   Section        0  stm32f1xx_hal_tim.o(i.HAL_TIM_Base_Init)
    i.HAL_TIM_Base_MspInit                   0x08001668   Section        0  tim.o(i.HAL_TIM_Base_MspInit)
    i.HAL_TIM_Base_Start_IT                  0x08001690   Section        0  stm32f1xx_hal_tim.o(i.HAL_TIM_Base_Start_IT)
    i.HAL_TIM_ConfigClockSource              0x080016e8   Section        0  stm32f1xx_hal_tim.o(i.HAL_TIM_ConfigClockSource)
    i.HAL_TIM_IC_CaptureCallback             0x080017c4   Section        0  stm32f1xx_hal_tim.o(i.HAL_TIM_IC_CaptureCallback)
    i.HAL_TIM_IRQHandler                     0x080017c6   Section        0  stm32f1xx_hal_tim.o(i.HAL_TIM_IRQHandler)
    i.HAL_TIM_OC_DelayElapsedCallback        0x0800192c   Section        0  stm32f1xx_hal_tim.o(i.HAL_TIM_OC_DelayElapsedCallback)
    i.HAL_TIM_PWM_PulseFinishedCallback      0x0800192e   Section        0  stm32f1xx_hal_tim.o(i.HAL_TIM_PWM_PulseFinishedCallback)
    i.HAL_TIM_PeriodElapsedCallback          0x08001930   Section        0  main.o(i.HAL_TIM_PeriodElapsedCallback)
    i.HAL_TIM_TriggerCallback                0x08001944   Section        0  stm32f1xx_hal_tim.o(i.HAL_TIM_TriggerCallback)
    i.HAL_UART_Init                          0x08001946   Section        0  stm32f1xx_hal_uart.o(i.HAL_UART_Init)
    i.HAL_UART_MspInit                       0x080019ac   Section        0  usart.o(i.HAL_UART_MspInit)
    i.HAL_UART_Transmit                      0x08001a58   Section        0  stm32f1xx_hal_uart.o(i.HAL_UART_Transmit)
    i.HardFault_Handler                      0x08001af2   Section        0  stm32f1xx_it.o(i.HardFault_Handler)
    i.Init_Adc                               0x08001af4   Section        0  au_adc.o(i.Init_Adc)
    i.MX_ADC1_Init                           0x08001b10   Section        0  adc.o(i.MX_ADC1_Init)
    i.MX_FREERTOS_Init                       0x08001b78   Section        0  freertos.o(i.MX_FREERTOS_Init)
    i.MX_GPIO_Init                           0x08001ba0   Section        0  gpio.o(i.MX_GPIO_Init)
    i.MX_SPI1_Init                           0x08001c84   Section        0  spi.o(i.MX_SPI1_Init)
    i.MX_TIM1_Init                           0x08001cd0   Section        0  tim.o(i.MX_TIM1_Init)
    i.MX_USART1_UART_Init                    0x08001d38   Section        0  usart.o(i.MX_USART1_UART_Init)
    i.MX_USART2_UART_Init                    0x08001d70   Section        0  usart.o(i.MX_USART2_UART_Init)
    i.MemManage_Handler                      0x08001da8   Section        0  stm32f1xx_it.o(i.MemManage_Handler)
    i.NMI_Handler                            0x08001daa   Section        0  stm32f1xx_it.o(i.NMI_Handler)
    i.StartDefaultTask                       0x08001dac   Section        0  freertos.o(i.StartDefaultTask)
    i.SysTick_Handler                        0x08001db4   Section        0  port.o(i.SysTick_Handler)
    i.SystemClock_Config                     0x08001de0   Section        0  main.o(i.SystemClock_Config)
    i.SystemInit                             0x08001e48   Section        0  system_stm32f1xx.o(i.SystemInit)
    i.TIM4_IRQHandler                        0x08001e4c   Section        0  stm32f1xx_it.o(i.TIM4_IRQHandler)
    i.TIM_Base_SetConfig                     0x08001e58   Section        0  stm32f1xx_hal_tim.o(i.TIM_Base_SetConfig)
    i.TIM_ETR_SetConfig                      0x08001ec4   Section        0  stm32f1xx_hal_tim.o(i.TIM_ETR_SetConfig)
    i.TIM_ITRx_SetConfig                     0x08001ed8   Section        0  stm32f1xx_hal_tim.o(i.TIM_ITRx_SetConfig)
    TIM_ITRx_SetConfig                       0x08001ed9   Thumb Code    16  stm32f1xx_hal_tim.o(i.TIM_ITRx_SetConfig)
    i.TIM_TI1_ConfigInputStage               0x08001ee8   Section        0  stm32f1xx_hal_tim.o(i.TIM_TI1_ConfigInputStage)
    TIM_TI1_ConfigInputStage                 0x08001ee9   Thumb Code    34  stm32f1xx_hal_tim.o(i.TIM_TI1_ConfigInputStage)
    i.TIM_TI2_ConfigInputStage               0x08001f0a   Section        0  stm32f1xx_hal_tim.o(i.TIM_TI2_ConfigInputStage)
    TIM_TI2_ConfigInputStage                 0x08001f0b   Thumb Code    36  stm32f1xx_hal_tim.o(i.TIM_TI2_ConfigInputStage)
    i.UART_SetConfig                         0x08001f30   Section        0  stm32f1xx_hal_uart.o(i.UART_SetConfig)
    UART_SetConfig                           0x08001f31   Thumb Code   178  stm32f1xx_hal_uart.o(i.UART_SetConfig)
    i.UART_WaitOnFlagUntilTimeout            0x08001fe8   Section        0  stm32f1xx_hal_uart.o(i.UART_WaitOnFlagUntilTimeout)
    UART_WaitOnFlagUntilTimeout              0x08001fe9   Thumb Code   120  stm32f1xx_hal_uart.o(i.UART_WaitOnFlagUntilTimeout)
    i.UsageFault_Handler                     0x08002060   Section        0  stm32f1xx_it.o(i.UsageFault_Handler)
    i.__0printf$1                            0x08002064   Section        0  printf1.o(i.__0printf$1)
    i.__NVIC_SetPriority                     0x08002084   Section        0  stm32f1xx_hal_cortex.o(i.__NVIC_SetPriority)
    __NVIC_SetPriority                       0x08002085   Thumb Code    32  stm32f1xx_hal_cortex.o(i.__NVIC_SetPriority)
    i.__scatterload_copy                     0x080020a4   Section       14  handlers.o(i.__scatterload_copy)
    i.__scatterload_null                     0x080020b2   Section        2  handlers.o(i.__scatterload_null)
    i.__scatterload_zeroinit                 0x080020b4   Section       14  handlers.o(i.__scatterload_zeroinit)
    i._printf_core                           0x080020c4   Section        0  printf1.o(i._printf_core)
    _printf_core                             0x080020c5   Thumb Code   336  printf1.o(i._printf_core)
    i.fputc                                  0x08002218   Section        0  main.o(i.fputc)
    i.main                                   0x08002234   Section        0  main.o(i.main)
    i.makeFreeRtosPriority                   0x080022c0   Section        0  cmsis_os.o(i.makeFreeRtosPriority)
    makeFreeRtosPriority                     0x080022c1   Thumb Code    12  cmsis_os.o(i.makeFreeRtosPriority)
    i.osDelay                                0x080022cc   Section        0  cmsis_os.o(i.osDelay)
    i.osKernelStart                          0x080022da   Section        0  cmsis_os.o(i.osKernelStart)
    i.osThreadCreate                         0x080022e4   Section        0  cmsis_os.o(i.osThreadCreate)
    i.prvAddCurrentTaskToDelayedList         0x08002338   Section        0  tasks.o(i.prvAddCurrentTaskToDelayedList)
    prvAddCurrentTaskToDelayedList           0x08002339   Thumb Code   102  tasks.o(i.prvAddCurrentTaskToDelayedList)
    i.prvAddNewTaskToReadyList               0x080023a8   Section        0  tasks.o(i.prvAddNewTaskToReadyList)
    prvAddNewTaskToReadyList                 0x080023a9   Thumb Code   194  tasks.o(i.prvAddNewTaskToReadyList)
    i.prvCheckForValidListAndQueue           0x08002478   Section        0  timers.o(i.prvCheckForValidListAndQueue)
    prvCheckForValidListAndQueue             0x08002479   Thumb Code    72  timers.o(i.prvCheckForValidListAndQueue)
    i.prvCopyDataFromQueue                   0x080024d0   Section        0  queue.o(i.prvCopyDataFromQueue)
    prvCopyDataFromQueue                     0x080024d1   Thumb Code    38  queue.o(i.prvCopyDataFromQueue)
    i.prvCopyDataToQueue                     0x080024f6   Section        0  queue.o(i.prvCopyDataToQueue)
    prvCopyDataToQueue                       0x080024f7   Thumb Code   108  queue.o(i.prvCopyDataToQueue)
    i.prvDeleteTCB                           0x08002562   Section        0  tasks.o(i.prvDeleteTCB)
    prvDeleteTCB                             0x08002563   Thumb Code    52  tasks.o(i.prvDeleteTCB)
    i.prvHeapInit                            0x08002598   Section        0  heap_4.o(i.prvHeapInit)
    prvHeapInit                              0x08002599   Thumb Code    64  heap_4.o(i.prvHeapInit)
    i.prvIdleTask                            0x080025e0   Section        0  tasks.o(i.prvIdleTask)
    prvIdleTask                              0x080025e1   Thumb Code    82  tasks.o(i.prvIdleTask)
    i.prvInitialiseNewQueue                  0x08002640   Section        0  queue.o(i.prvInitialiseNewQueue)
    prvInitialiseNewQueue                    0x08002641   Thumb Code    22  queue.o(i.prvInitialiseNewQueue)
    i.prvInitialiseNewTask                   0x08002656   Section        0  tasks.o(i.prvInitialiseNewTask)
    prvInitialiseNewTask                     0x08002657   Thumb Code   142  tasks.o(i.prvInitialiseNewTask)
    i.prvInsertBlockIntoFreeList             0x080026e4   Section        0  heap_4.o(i.prvInsertBlockIntoFreeList)
    prvInsertBlockIntoFreeList               0x080026e5   Thumb Code    72  heap_4.o(i.prvInsertBlockIntoFreeList)
    i.prvInsertTimerInActiveList             0x08002730   Section        0  timers.o(i.prvInsertTimerInActiveList)
    prvInsertTimerInActiveList               0x08002731   Thumb Code    52  timers.o(i.prvInsertTimerInActiveList)
    i.prvIsQueueEmpty                        0x08002768   Section        0  queue.o(i.prvIsQueueEmpty)
    prvIsQueueEmpty                          0x08002769   Thumb Code    28  queue.o(i.prvIsQueueEmpty)
    i.prvProcessReceivedCommands             0x08002784   Section        0  timers.o(i.prvProcessReceivedCommands)
    prvProcessReceivedCommands               0x08002785   Thumb Code   184  timers.o(i.prvProcessReceivedCommands)
    i.prvProcessTimerOrBlockTask             0x08002840   Section        0  timers.o(i.prvProcessTimerOrBlockTask)
    prvProcessTimerOrBlockTask               0x08002841   Thumb Code   172  timers.o(i.prvProcessTimerOrBlockTask)
    i.prvResetNextTaskUnblockTime            0x080028f4   Section        0  tasks.o(i.prvResetNextTaskUnblockTime)
    prvResetNextTaskUnblockTime              0x080028f5   Thumb Code    26  tasks.o(i.prvResetNextTaskUnblockTime)
    i.prvSampleTimeNow                       0x08002914   Section        0  timers.o(i.prvSampleTimeNow)
    prvSampleTimeNow                         0x08002915   Thumb Code    36  timers.o(i.prvSampleTimeNow)
    i.prvSwitchTimerLists                    0x0800293c   Section        0  timers.o(i.prvSwitchTimerLists)
    prvSwitchTimerLists                      0x0800293d   Thumb Code   102  timers.o(i.prvSwitchTimerLists)
    i.prvTaskExitError                       0x080029a8   Section        0  port.o(i.prvTaskExitError)
    prvTaskExitError                         0x080029a9   Thumb Code    36  port.o(i.prvTaskExitError)
    i.prvTimerTask                           0x080029d0   Section        0  timers.o(i.prvTimerTask)
    prvTimerTask                             0x080029d1   Thumb Code    32  timers.o(i.prvTimerTask)
    i.prvUnlockQueue                         0x080029f4   Section        0  queue.o(i.prvUnlockQueue)
    prvUnlockQueue                           0x080029f5   Thumb Code   106  queue.o(i.prvUnlockQueue)
    i.pvPortMalloc                           0x08002a60   Section        0  heap_4.o(i.pvPortMalloc)
    i.pxPortInitialiseStack                  0x08002b38   Section        0  port.o(i.pxPortInitialiseStack)
    i.task_test                              0x08002b5c   Section        0  main.o(i.task_test)
    i.uxListRemove                           0x08002ba4   Section        0  list.o(i.uxListRemove)
    i.vApplicationGetIdleTaskMemory          0x08002bcc   Section        0  freertos.o(i.vApplicationGetIdleTaskMemory)
    i.vApplicationGetTimerTaskMemory         0x08002be0   Section        0  freertos.o(i.vApplicationGetTimerTaskMemory)
    i.vListInitialise                        0x08002bf8   Section        0  list.o(i.vListInitialise)
    i.vListInitialiseItem                    0x08002c0e   Section        0  list.o(i.vListInitialiseItem)
    i.vListInsert                            0x08002c14   Section        0  list.o(i.vListInsert)
    i.vListInsertEnd                         0x08002c44   Section        0  list.o(i.vListInsertEnd)
    i.vPortEnterCritical                     0x08002c5c   Section        0  port.o(i.vPortEnterCritical)
    i.vPortExitCritical                      0x08002c9c   Section        0  port.o(i.vPortExitCritical)
    i.vPortFree                              0x08002cc4   Section        0  heap_4.o(i.vPortFree)
    i.vPortSetupTimerInterrupt               0x08002d20   Section        0  port.o(i.vPortSetupTimerInterrupt)
    i.vPortValidateInterruptPriority         0x08002d44   Section        0  port.o(i.vPortValidateInterruptPriority)
    i.vQueueAddToRegistry                    0x08002d98   Section        0  queue.o(i.vQueueAddToRegistry)
    i.vQueueWaitForMessageRestricted         0x08002dc0   Section        0  queue.o(i.vQueueWaitForMessageRestricted)
    i.vTaskDelay                             0x08002e04   Section        0  tasks.o(i.vTaskDelay)
    i.vTaskInternalSetTimeOutState           0x08002e50   Section        0  tasks.o(i.vTaskInternalSetTimeOutState)
    i.vTaskMissedYield                       0x08002e60   Section        0  tasks.o(i.vTaskMissedYield)
    i.vTaskPlaceOnEventList                  0x08002e6c   Section        0  tasks.o(i.vTaskPlaceOnEventList)
    i.vTaskPlaceOnEventListRestricted        0x08002e9c   Section        0  tasks.o(i.vTaskPlaceOnEventListRestricted)
    i.vTaskStartScheduler                    0x08002ed4   Section        0  tasks.o(i.vTaskStartScheduler)
    i.vTaskSuspendAll                        0x08002f5c   Section        0  tasks.o(i.vTaskSuspendAll)
    i.vTaskSwitchContext                     0x08002f6c   Section        0  tasks.o(i.vTaskSwitchContext)
    i.xPortStartScheduler                    0x08002fc8   Section        0  port.o(i.xPortStartScheduler)
    i.xQueueGenericCreateStatic              0x08003070   Section        0  queue.o(i.xQueueGenericCreateStatic)
    i.xQueueGenericReset                     0x080030d8   Section        0  queue.o(i.xQueueGenericReset)
    i.xQueueGenericSend                      0x08003160   Section        0  queue.o(i.xQueueGenericSend)
    i.xQueueGenericSendFromISR               0x080032c0   Section        0  queue.o(i.xQueueGenericSendFromISR)
    i.xQueueReceive                          0x0800337c   Section        0  queue.o(i.xQueueReceive)
    i.xTaskCheckForTimeOut                   0x080034b4   Section        0  tasks.o(i.xTaskCheckForTimeOut)
    i.xTaskCreate                            0x08003528   Section        0  tasks.o(i.xTaskCreate)
    i.xTaskCreateStatic                      0x08003582   Section        0  tasks.o(i.xTaskCreateStatic)
    i.xTaskGetSchedulerState                 0x080035d8   Section        0  tasks.o(i.xTaskGetSchedulerState)
    i.xTaskGetTickCount                      0x080035f4   Section        0  tasks.o(i.xTaskGetTickCount)
    i.xTaskIncrementTick                     0x08003600   Section        0  tasks.o(i.xTaskIncrementTick)
    i.xTaskPriorityDisinherit                0x080036c8   Section        0  tasks.o(i.xTaskPriorityDisinherit)
    i.xTaskRemoveFromEventList               0x08003760   Section        0  tasks.o(i.xTaskRemoveFromEventList)
    i.xTaskResumeAll                         0x080037d4   Section        0  tasks.o(i.xTaskResumeAll)
    i.xTimerCreateTimerTask                  0x08003898   Section        0  timers.o(i.xTimerCreateTimerTask)
    i.xTimerGenericCommand                   0x080038f8   Section        0  timers.o(i.xTimerGenericCommand)
    .constdata                               0x08003958   Section       28  freertos.o(.constdata)
    .constdata                               0x08003974   Section       18  stm32f1xx_hal_rcc.o(.constdata)
    aPredivFactorTable                       0x08003974   Data           2  stm32f1xx_hal_rcc.o(.constdata)
    aPLLMULFactorTable                       0x08003976   Data          16  stm32f1xx_hal_rcc.o(.constdata)
    .constdata                               0x08003986   Section       18  stm32f1xx_hal_rcc_ex.o(.constdata)
    aPredivFactorTable                       0x08003986   Data           2  stm32f1xx_hal_rcc_ex.o(.constdata)
    aPLLMULFactorTable                       0x08003988   Data          16  stm32f1xx_hal_rcc_ex.o(.constdata)
    .constdata                               0x08003998   Section       16  system_stm32f1xx.o(.constdata)
    .constdata                               0x080039a8   Section        8  system_stm32f1xx.o(.constdata)
    .conststring                             0x080039b0   Section       12  freertos.o(.conststring)
    .data                                    0x20000000   Section        4  freertos.o(.data)
    .data                                    0x20000004   Section       12  stm32f1xx_hal.o(.data)
    .data                                    0x20000010   Section        4  system_stm32f1xx.o(.data)
    .data                                    0x20000014   Section       60  tasks.o(.data)
    pxDelayedTaskList                        0x20000018   Data           4  tasks.o(.data)
    pxOverflowDelayedTaskList                0x2000001c   Data           4  tasks.o(.data)
    uxDeletedTasksWaitingCleanUp             0x20000020   Data           4  tasks.o(.data)
    uxCurrentNumberOfTasks                   0x20000024   Data           4  tasks.o(.data)
    xTickCount                               0x20000028   Data           4  tasks.o(.data)
    uxTopReadyPriority                       0x2000002c   Data           4  tasks.o(.data)
    xSchedulerRunning                        0x20000030   Data           4  tasks.o(.data)
    uxPendedTicks                            0x20000034   Data           4  tasks.o(.data)
    xYieldPending                            0x20000038   Data           4  tasks.o(.data)
    xNumOfOverflows                          0x2000003c   Data           4  tasks.o(.data)
    uxTaskNumber                             0x20000040   Data           4  tasks.o(.data)
    xNextTaskUnblockTime                     0x20000044   Data           4  tasks.o(.data)
    xIdleTaskHandle                          0x20000048   Data           4  tasks.o(.data)
    uxSchedulerSuspended                     0x2000004c   Data           4  tasks.o(.data)
    .data                                    0x20000050   Section       20  timers.o(.data)
    pxCurrentTimerList                       0x20000050   Data           4  timers.o(.data)
    pxOverflowTimerList                      0x20000054   Data           4  timers.o(.data)
    xTimerQueue                              0x20000058   Data           4  timers.o(.data)
    xTimerTaskHandle                         0x2000005c   Data           4  timers.o(.data)
    xLastTime                                0x20000060   Data           4  timers.o(.data)
    .data                                    0x20000064   Section       24  heap_4.o(.data)
    pxEnd                                    0x20000064   Data           4  heap_4.o(.data)
    xFreeBytesRemaining                      0x20000068   Data           4  heap_4.o(.data)
    xMinimumEverFreeBytesRemaining           0x2000006c   Data           4  heap_4.o(.data)
    xBlockAllocatedBit                       0x20000070   Data           4  heap_4.o(.data)
    xStart                                   0x20000074   Data           8  heap_4.o(.data)
    .data                                    0x2000007c   Section       12  port.o(.data)
    ucMaxSysCallPriority                     0x2000007c   Data           1  port.o(.data)
    uxCriticalNesting                        0x20000080   Data           4  port.o(.data)
    ulMaxPRIGROUPValue                       0x20000084   Data           4  port.o(.data)
    .data                                    0x20000088   Section       12  au_adc.o(.data)
    flag                                     0x20000088   Data           1  au_adc.o(.data)
    .data                                    0x20000094   Section        4  stdout.o(.data)
    .bss                                     0x20000098   Section     1704  freertos.o(.bss)
    xIdleTaskTCBBuffer                       0x20000098   Data          84  freertos.o(.bss)
    xIdleStack                               0x200000ec   Data         512  freertos.o(.bss)
    xTimerTaskTCBBuffer                      0x200002ec   Data          84  freertos.o(.bss)
    xTimerStack                              0x20000340   Data        1024  freertos.o(.bss)
    .bss                                     0x20000740   Section       48  adc.o(.bss)
    .bss                                     0x20000770   Section       88  spi.o(.bss)
    .bss                                     0x200007c8   Section       72  tim.o(.bss)
    .bss                                     0x20000810   Section      144  usart.o(.bss)
    .bss                                     0x200008a0   Section       72  stm32f1xx_hal_timebase_tim.o(.bss)
    .bss                                     0x200008e8   Section       64  queue.o(.bss)
    .bss                                     0x20000928   Section      240  tasks.o(.bss)
    pxReadyTasksLists                        0x20000928   Data         140  tasks.o(.bss)
    xDelayedTaskList1                        0x200009b4   Data          20  tasks.o(.bss)
    xDelayedTaskList2                        0x200009c8   Data          20  tasks.o(.bss)
    xPendingReadyList                        0x200009dc   Data          20  tasks.o(.bss)
    xTasksWaitingTermination                 0x200009f0   Data          20  tasks.o(.bss)
    xSuspendedTaskList                       0x20000a04   Data          20  tasks.o(.bss)
    .bss                                     0x20000a18   Section      232  timers.o(.bss)
    xActiveTimerList1                        0x20000a18   Data          20  timers.o(.bss)
    xActiveTimerList2                        0x20000a2c   Data          20  timers.o(.bss)
    xStaticTimerQueue                        0x20000a40   Data          72  timers.o(.bss)
    ucStaticTimerQueueStorage                0x20000a88   Data         120  timers.o(.bss)
    .bss                                     0x20000b00   Section     4072  heap_4.o(.bss)
    ucHeap                                   0x20000b00   Data        4072  heap_4.o(.bss)
    STACK                                    0x20001ae8   Section     1024  startup_stm32f103xb.o(STACK)

    Global Symbols

    Symbol Name                              Value     Ov Type        Size  Object(Section)

    BuildAttributes$$THM_ISAv4$P$D$K$B$S$PE$A:L22UL41UL21$X:L11$S22US41US21$IEEE1$IW$USESV6$~STKCKD$USESV7$~SHL$OTIME$ROPI$IEEEX$EBA8$MICROLIB$REQ8$PRES8$EABIv2 0x00000000   Number         0  anon$$obj.o ABSOLUTE
    __ARM_use_no_argv                        0x00000000   Number         0  main.o ABSOLUTE
    _printf_a                                0x00000000   Number         0  stubs.o ABSOLUTE
    _printf_c                                0x00000000   Number         0  stubs.o ABSOLUTE
    _printf_charcount                        0x00000000   Number         0  stubs.o ABSOLUTE
    _printf_d                                0x00000000   Number         0  stubs.o ABSOLUTE
    _printf_e                                0x00000000   Number         0  stubs.o ABSOLUTE
    _printf_f                                0x00000000   Number         0  stubs.o ABSOLUTE
    _printf_flags                            0x00000000   Number         0  stubs.o ABSOLUTE
    _printf_fp_dec                           0x00000000   Number         0  stubs.o ABSOLUTE
    _printf_fp_hex                           0x00000000   Number         0  stubs.o ABSOLUTE
    _printf_g                                0x00000000   Number         0  stubs.o ABSOLUTE
    _printf_i                                0x00000000   Number         0  stubs.o ABSOLUTE
    _printf_int_dec                          0x00000000   Number         0  stubs.o ABSOLUTE
    _printf_l                                0x00000000   Number         0  stubs.o ABSOLUTE
    _printf_lc                               0x00000000   Number         0  stubs.o ABSOLUTE
    _printf_ll                               0x00000000   Number         0  stubs.o ABSOLUTE
    _printf_lld                              0x00000000   Number         0  stubs.o ABSOLUTE
    _printf_lli                              0x00000000   Number         0  stubs.o ABSOLUTE
    _printf_llo                              0x00000000   Number         0  stubs.o ABSOLUTE
    _printf_llu                              0x00000000   Number         0  stubs.o ABSOLUTE
    _printf_llx                              0x00000000   Number         0  stubs.o ABSOLUTE
    _printf_longlong_dec                     0x00000000   Number         0  stubs.o ABSOLUTE
    _printf_longlong_hex                     0x00000000   Number         0  stubs.o ABSOLUTE
    _printf_longlong_oct                     0x00000000   Number         0  stubs.o ABSOLUTE
    _printf_ls                               0x00000000   Number         0  stubs.o ABSOLUTE
    _printf_mbtowc                           0x00000000   Number         0  stubs.o ABSOLUTE
    _printf_n                                0x00000000   Number         0  stubs.o ABSOLUTE
    _printf_o                                0x00000000   Number         0  stubs.o ABSOLUTE
    _printf_p                                0x00000000   Number         0  stubs.o ABSOLUTE
    _printf_percent                          0x00000000   Number         0  stubs.o ABSOLUTE
    _printf_pre_padding                      0x00000000   Number         0  stubs.o ABSOLUTE
    _printf_return_value                     0x00000000   Number         0  stubs.o ABSOLUTE
    _printf_s                                0x00000000   Number         0  stubs.o ABSOLUTE
    _printf_sizespec                         0x00000000   Number         0  stubs.o ABSOLUTE
    _printf_str                              0x00000000   Number         0  stubs.o ABSOLUTE
    _printf_truncate_signed                  0x00000000   Number         0  stubs.o ABSOLUTE
    _printf_truncate_unsigned                0x00000000   Number         0  stubs.o ABSOLUTE
    _printf_u                                0x00000000   Number         0  stubs.o ABSOLUTE
    _printf_wc                               0x00000000   Number         0  stubs.o ABSOLUTE
    _printf_wctomb                           0x00000000   Number         0  stubs.o ABSOLUTE
    _printf_widthprec                        0x00000000   Number         0  stubs.o ABSOLUTE
    _printf_x                                0x00000000   Number         0  stubs.o ABSOLUTE
    __cpp_initialize__aeabi_                  - Undefined Weak Reference
    __cxa_finalize                            - Undefined Weak Reference
    __decompress                              - Undefined Weak Reference
    _clock_init                               - Undefined Weak Reference
    _microlib_exit                            - Undefined Weak Reference
    __Vectors_Size                           0x000000ec   Number         0  startup_stm32f103xb.o ABSOLUTE
    __Vectors                                0x08000000   Data           4  startup_stm32f103xb.o(RESET)
    __Vectors_End                            0x080000ec   Data           0  startup_stm32f103xb.o(RESET)
    __main                                   0x080000ed   Thumb Code     0  entry.o(.ARM.Collect$$$$00000000)
    _main_stk                                0x080000ed   Thumb Code     0  entry2.o(.ARM.Collect$$$$00000001)
    _main_scatterload                        0x080000f1   Thumb Code     0  entry5.o(.ARM.Collect$$$$00000004)
    __main_after_scatterload                 0x080000f5   Thumb Code     0  entry5.o(.ARM.Collect$$$$00000004)
    _main_clock                              0x080000f5   Thumb Code     0  entry7b.o(.ARM.Collect$$$$00000008)
    _main_cpp_init                           0x080000f5   Thumb Code     0  entry8b.o(.ARM.Collect$$$$0000000A)
    _main_init                               0x080000f5   Thumb Code     0  entry9a.o(.ARM.Collect$$$$0000000B)
    __rt_final_cpp                           0x080000fd   Thumb Code     0  entry10a.o(.ARM.Collect$$$$0000000D)
    __rt_final_exit                          0x080000fd   Thumb Code     0  entry11a.o(.ARM.Collect$$$$0000000F)
    SVC_Handler                              0x08000101   Thumb Code    32  port.o(.emb_text)
    __asm___6_port_c_39a90d8d__prvStartFirstTask 0x08000125   Thumb Code    28  port.o(.emb_text)
    PendSV_Handler                           0x08000145   Thumb Code    72  port.o(.emb_text)
    vPortGetIPSR                             0x08000191   Thumb Code     6  port.o(.emb_text)
    Reset_Handler                            0x08000199   Thumb Code     8  startup_stm32f103xb.o(.text)
    ADC1_2_IRQHandler                        0x080001b3   Thumb Code     0  startup_stm32f103xb.o(.text)
    CAN1_RX1_IRQHandler                      0x080001b3   Thumb Code     0  startup_stm32f103xb.o(.text)
    CAN1_SCE_IRQHandler                      0x080001b3   Thumb Code     0  startup_stm32f103xb.o(.text)
    DMA1_Channel1_IRQHandler                 0x080001b3   Thumb Code     0  startup_stm32f103xb.o(.text)
    DMA1_Channel2_IRQHandler                 0x080001b3   Thumb Code     0  startup_stm32f103xb.o(.text)
    DMA1_Channel3_IRQHandler                 0x080001b3   Thumb Code     0  startup_stm32f103xb.o(.text)
    DMA1_Channel4_IRQHandler                 0x080001b3   Thumb Code     0  startup_stm32f103xb.o(.text)
    DMA1_Channel5_IRQHandler                 0x080001b3   Thumb Code     0  startup_stm32f103xb.o(.text)
    DMA1_Channel6_IRQHandler                 0x080001b3   Thumb Code     0  startup_stm32f103xb.o(.text)
    DMA1_Channel7_IRQHandler                 0x080001b3   Thumb Code     0  startup_stm32f103xb.o(.text)
    EXTI0_IRQHandler                         0x080001b3   Thumb Code     0  startup_stm32f103xb.o(.text)
    EXTI15_10_IRQHandler                     0x080001b3   Thumb Code     0  startup_stm32f103xb.o(.text)
    EXTI1_IRQHandler                         0x080001b3   Thumb Code     0  startup_stm32f103xb.o(.text)
    EXTI2_IRQHandler                         0x080001b3   Thumb Code     0  startup_stm32f103xb.o(.text)
    EXTI3_IRQHandler                         0x080001b3   Thumb Code     0  startup_stm32f103xb.o(.text)
    EXTI4_IRQHandler                         0x080001b3   Thumb Code     0  startup_stm32f103xb.o(.text)
    EXTI9_5_IRQHandler                       0x080001b3   Thumb Code     0  startup_stm32f103xb.o(.text)
    FLASH_IRQHandler                         0x080001b3   Thumb Code     0  startup_stm32f103xb.o(.text)
    I2C1_ER_IRQHandler                       0x080001b3   Thumb Code     0  startup_stm32f103xb.o(.text)
    I2C1_EV_IRQHandler                       0x080001b3   Thumb Code     0  startup_stm32f103xb.o(.text)
    I2C2_ER_IRQHandler                       0x080001b3   Thumb Code     0  startup_stm32f103xb.o(.text)
    I2C2_EV_IRQHandler                       0x080001b3   Thumb Code     0  startup_stm32f103xb.o(.text)
    PVD_IRQHandler                           0x080001b3   Thumb Code     0  startup_stm32f103xb.o(.text)
    RCC_IRQHandler                           0x080001b3   Thumb Code     0  startup_stm32f103xb.o(.text)
    RTC_Alarm_IRQHandler                     0x080001b3   Thumb Code     0  startup_stm32f103xb.o(.text)
    RTC_IRQHandler                           0x080001b3   Thumb Code     0  startup_stm32f103xb.o(.text)
    SPI1_IRQHandler                          0x080001b3   Thumb Code     0  startup_stm32f103xb.o(.text)
    SPI2_IRQHandler                          0x080001b3   Thumb Code     0  startup_stm32f103xb.o(.text)
    TAMPER_IRQHandler                        0x080001b3   Thumb Code     0  startup_stm32f103xb.o(.text)
    TIM1_BRK_IRQHandler                      0x080001b3   Thumb Code     0  startup_stm32f103xb.o(.text)
    TIM1_CC_IRQHandler                       0x080001b3   Thumb Code     0  startup_stm32f103xb.o(.text)
    TIM1_TRG_COM_IRQHandler                  0x080001b3   Thumb Code     0  startup_stm32f103xb.o(.text)
    TIM1_UP_IRQHandler                       0x080001b3   Thumb Code     0  startup_stm32f103xb.o(.text)
    TIM2_IRQHandler                          0x080001b3   Thumb Code     0  startup_stm32f103xb.o(.text)
    TIM3_IRQHandler                          0x080001b3   Thumb Code     0  startup_stm32f103xb.o(.text)
    USART1_IRQHandler                        0x080001b3   Thumb Code     0  startup_stm32f103xb.o(.text)
    USART2_IRQHandler                        0x080001b3   Thumb Code     0  startup_stm32f103xb.o(.text)
    USART3_IRQHandler                        0x080001b3   Thumb Code     0  startup_stm32f103xb.o(.text)
    USBWakeUp_IRQHandler                     0x080001b3   Thumb Code     0  startup_stm32f103xb.o(.text)
    USB_HP_CAN1_TX_IRQHandler                0x080001b3   Thumb Code     0  startup_stm32f103xb.o(.text)
    USB_LP_CAN1_RX0_IRQHandler               0x080001b3   Thumb Code     0  startup_stm32f103xb.o(.text)
    WWDG_IRQHandler                          0x080001b3   Thumb Code     0  startup_stm32f103xb.o(.text)
    __aeabi_memcpy                           0x080001bd   Thumb Code    36  memcpya.o(.text)
    __aeabi_memcpy4                          0x080001bd   Thumb Code     0  memcpya.o(.text)
    __aeabi_memcpy8                          0x080001bd   Thumb Code     0  memcpya.o(.text)
    __aeabi_memset                           0x080001e1   Thumb Code    14  memseta.o(.text)
    __aeabi_memset4                          0x080001e1   Thumb Code     0  memseta.o(.text)
    __aeabi_memset8                          0x080001e1   Thumb Code     0  memseta.o(.text)
    __aeabi_memclr                           0x080001ef   Thumb Code     4  memseta.o(.text)
    __aeabi_memclr4                          0x080001ef   Thumb Code     0  memseta.o(.text)
    __aeabi_memclr8                          0x080001ef   Thumb Code     0  memseta.o(.text)
    memset                                   0x080001f3   Thumb Code    18  memseta.o(.text)
    __aeabi_fmul                             0x08000205   Thumb Code   100  fmul.o(.text)
    __ARM_scalbnf                            0x08000269   Thumb Code    24  fscalb.o(.text)
    scalbnf                                  0x08000269   Thumb Code     0  fscalb.o(.text)
    __aeabi_ui2f                             0x08000281   Thumb Code    10  ffltui.o(.text)
    __aeabi_f2uiz                            0x0800028b   Thumb Code    40  ffixui.o(.text)
    __aeabi_uidiv                            0x080002b3   Thumb Code     0  uidiv.o(.text)
    __aeabi_uidivmod                         0x080002b3   Thumb Code    44  uidiv.o(.text)
    __I$use$fp                               0x080002df   Thumb Code     0  iusefp.o(.text)
    _float_round                             0x080002df   Thumb Code    18  fepilogue.o(.text)
    _float_epilogue                          0x080002f1   Thumb Code    92  fepilogue.o(.text)
    __scatterload                            0x0800034d   Thumb Code    28  init.o(.text)
    __scatterload_rt2                        0x0800034d   Thumb Code     0  init.o(.text)
    ADC_ConversionStop_Disable               0x08000371   Thumb Code    86  stm32f1xx_hal_adc.o(i.ADC_ConversionStop_Disable)
    ADC_Enable                               0x080003c9   Thumb Code   114  stm32f1xx_hal_adc.o(i.ADC_Enable)
    Adc_Alg_Handle                           0x08000445   Thumb Code    50  au_adc.o(i.Adc_Alg_Handle)
    Au_Adc_Test                              0x08000479   Thumb Code    78  au_adc.o(i.Au_Adc_Test)
    BusFault_Handler                         0x08000519   Thumb Code     2  stm32f1xx_it.o(i.BusFault_Handler)
    DebugMon_Handler                         0x0800051b   Thumb Code     2  stm32f1xx_it.o(i.DebugMon_Handler)
    Error_Handler                            0x0800051d   Thumb Code     4  main.o(i.Error_Handler)
    Get_Adc_Volts                            0x08000521   Thumb Code   134  au_adc.o(i.Get_Adc_Volts)
    HAL_ADC_ConfigChannel                    0x080005b5   Thumb Code   240  stm32f1xx_hal_adc.o(i.HAL_ADC_ConfigChannel)
    HAL_ADC_GetValue                         0x080006b1   Thumb Code     6  stm32f1xx_hal_adc.o(i.HAL_ADC_GetValue)
    HAL_ADC_Init                             0x080006b9   Thumb Code   272  stm32f1xx_hal_adc.o(i.HAL_ADC_Init)
    HAL_ADC_MspInit                          0x080007d5   Thumb Code    74  adc.o(i.HAL_ADC_MspInit)
    HAL_ADC_PollForConversion                0x0800082d   Thumb Code   304  stm32f1xx_hal_adc.o(i.HAL_ADC_PollForConversion)
    HAL_ADC_Start                            0x08000969   Thumb Code   184  stm32f1xx_hal_adc.o(i.HAL_ADC_Start)
    HAL_ADC_Stop                             0x08000a29   Thumb Code    52  stm32f1xx_hal_adc.o(i.HAL_ADC_Stop)
    HAL_GPIO_Init                            0x08000a5d   Thumb Code   446  stm32f1xx_hal_gpio.o(i.HAL_GPIO_Init)
    HAL_GPIO_WritePin                        0x08000c3d   Thumb Code    10  stm32f1xx_hal_gpio.o(i.HAL_GPIO_WritePin)
    HAL_GetTick                              0x08000c49   Thumb Code     6  stm32f1xx_hal.o(i.HAL_GetTick)
    HAL_IncTick                              0x08000c55   Thumb Code    12  stm32f1xx_hal.o(i.HAL_IncTick)
    HAL_Init                                 0x08000c65   Thumb Code    32  stm32f1xx_hal.o(i.HAL_Init)
    HAL_InitTick                             0x08000c89   Thumb Code   132  stm32f1xx_hal_timebase_tim.o(i.HAL_InitTick)
    HAL_MspInit                              0x08000d21   Thumb Code    62  stm32f1xx_hal_msp.o(i.HAL_MspInit)
    HAL_NVIC_EnableIRQ                       0x08000d69   Thumb Code    26  stm32f1xx_hal_cortex.o(i.HAL_NVIC_EnableIRQ)
    HAL_NVIC_SetPriority                     0x08000d85   Thumb Code    60  stm32f1xx_hal_cortex.o(i.HAL_NVIC_SetPriority)
    HAL_NVIC_SetPriorityGrouping             0x08000dc5   Thumb Code    26  stm32f1xx_hal_cortex.o(i.HAL_NVIC_SetPriorityGrouping)
    HAL_RCCEx_GetPeriphCLKFreq               0x08000de9   Thumb Code   148  stm32f1xx_hal_rcc_ex.o(i.HAL_RCCEx_GetPeriphCLKFreq)
    HAL_RCCEx_PeriphCLKConfig                0x08000e8d   Thumb Code   224  stm32f1xx_hal_rcc_ex.o(i.HAL_RCCEx_PeriphCLKConfig)
    HAL_RCC_ClockConfig                      0x08000f79   Thumb Code   280  stm32f1xx_hal_rcc.o(i.HAL_RCC_ClockConfig)
    HAL_RCC_GetClockConfig                   0x080010a5   Thumb Code    54  stm32f1xx_hal_rcc.o(i.HAL_RCC_GetClockConfig)
    HAL_RCC_GetPCLK1Freq                     0x080010e5   Thumb Code    20  stm32f1xx_hal_rcc.o(i.HAL_RCC_GetPCLK1Freq)
    HAL_RCC_GetPCLK2Freq                     0x08001105   Thumb Code    20  stm32f1xx_hal_rcc.o(i.HAL_RCC_GetPCLK2Freq)
    HAL_RCC_GetSysClockFreq                  0x08001125   Thumb Code    58  stm32f1xx_hal_rcc.o(i.HAL_RCC_GetSysClockFreq)
    HAL_RCC_OscConfig                        0x08001171   Thumb Code   778  stm32f1xx_hal_rcc.o(i.HAL_RCC_OscConfig)
    HAL_SPI_Init                             0x08001491   Thumb Code   178  stm32f1xx_hal_spi.o(i.HAL_SPI_Init)
    HAL_SPI_MspInit                          0x08001545   Thumb Code    80  spi.o(i.HAL_SPI_MspInit)
    HAL_TIMEx_BreakCallback                  0x080015a1   Thumb Code     2  stm32f1xx_hal_tim_ex.o(i.HAL_TIMEx_BreakCallback)
    HAL_TIMEx_CommutCallback                 0x080015a3   Thumb Code     2  stm32f1xx_hal_tim_ex.o(i.HAL_TIMEx_CommutCallback)
    HAL_TIMEx_MasterConfigSynchronization    0x080015a5   Thumb Code    92  stm32f1xx_hal_tim_ex.o(i.HAL_TIMEx_MasterConfigSynchronization)
    HAL_TIM_Base_Init                        0x0800160d   Thumb Code    90  stm32f1xx_hal_tim.o(i.HAL_TIM_Base_Init)
    HAL_TIM_Base_MspInit                     0x08001669   Thumb Code    30  tim.o(i.HAL_TIM_Base_MspInit)
    HAL_TIM_Base_Start_IT                    0x08001691   Thumb Code    76  stm32f1xx_hal_tim.o(i.HAL_TIM_Base_Start_IT)
    HAL_TIM_ConfigClockSource                0x080016e9   Thumb Code   220  stm32f1xx_hal_tim.o(i.HAL_TIM_ConfigClockSource)
    HAL_TIM_IC_CaptureCallback               0x080017c5   Thumb Code     2  stm32f1xx_hal_tim.o(i.HAL_TIM_IC_CaptureCallback)
    HAL_TIM_IRQHandler                       0x080017c7   Thumb Code   358  stm32f1xx_hal_tim.o(i.HAL_TIM_IRQHandler)
    HAL_TIM_OC_DelayElapsedCallback          0x0800192d   Thumb Code     2  stm32f1xx_hal_tim.o(i.HAL_TIM_OC_DelayElapsedCallback)
    HAL_TIM_PWM_PulseFinishedCallback        0x0800192f   Thumb Code     2  stm32f1xx_hal_tim.o(i.HAL_TIM_PWM_PulseFinishedCallback)
    HAL_TIM_PeriodElapsedCallback            0x08001931   Thumb Code    14  main.o(i.HAL_TIM_PeriodElapsedCallback)
    HAL_TIM_TriggerCallback                  0x08001945   Thumb Code     2  stm32f1xx_hal_tim.o(i.HAL_TIM_TriggerCallback)
    HAL_UART_Init                            0x08001947   Thumb Code   100  stm32f1xx_hal_uart.o(i.HAL_UART_Init)
    HAL_UART_MspInit                         0x080019ad   Thumb Code   156  usart.o(i.HAL_UART_MspInit)
    HAL_UART_Transmit                        0x08001a59   Thumb Code   154  stm32f1xx_hal_uart.o(i.HAL_UART_Transmit)
    HardFault_Handler                        0x08001af3   Thumb Code     2  stm32f1xx_it.o(i.HardFault_Handler)
    Init_Adc                                 0x08001af5   Thumb Code    22  au_adc.o(i.Init_Adc)
    MX_ADC1_Init                             0x08001b11   Thumb Code    94  adc.o(i.MX_ADC1_Init)
    MX_FREERTOS_Init                         0x08001b79   Thumb Code    30  freertos.o(i.MX_FREERTOS_Init)
    MX_GPIO_Init                             0x08001ba1   Thumb Code   210  gpio.o(i.MX_GPIO_Init)
    MX_SPI1_Init                             0x08001c85   Thumb Code    66  spi.o(i.MX_SPI1_Init)
    MX_TIM1_Init                             0x08001cd1   Thumb Code    96  tim.o(i.MX_TIM1_Init)
    MX_USART1_UART_Init                      0x08001d39   Thumb Code    48  usart.o(i.MX_USART1_UART_Init)
    MX_USART2_UART_Init                      0x08001d71   Thumb Code    48  usart.o(i.MX_USART2_UART_Init)
    MemManage_Handler                        0x08001da9   Thumb Code     2  stm32f1xx_it.o(i.MemManage_Handler)
    NMI_Handler                              0x08001dab   Thumb Code     2  stm32f1xx_it.o(i.NMI_Handler)
    StartDefaultTask                         0x08001dad   Thumb Code     8  freertos.o(i.StartDefaultTask)
    SysTick_Handler                          0x08001db5   Thumb Code    38  port.o(i.SysTick_Handler)
    SystemClock_Config                       0x08001de1   Thumb Code   104  main.o(i.SystemClock_Config)
    SystemInit                               0x08001e49   Thumb Code     2  system_stm32f1xx.o(i.SystemInit)
    TIM4_IRQHandler                          0x08001e4d   Thumb Code     6  stm32f1xx_it.o(i.TIM4_IRQHandler)
    TIM_Base_SetConfig                       0x08001e59   Thumb Code    94  stm32f1xx_hal_tim.o(i.TIM_Base_SetConfig)
    TIM_ETR_SetConfig                        0x08001ec5   Thumb Code    20  stm32f1xx_hal_tim.o(i.TIM_ETR_SetConfig)
    UsageFault_Handler                       0x08002061   Thumb Code     2  stm32f1xx_it.o(i.UsageFault_Handler)
    __0printf$1                              0x08002065   Thumb Code    22  printf1.o(i.__0printf$1)
    __1printf$1                              0x08002065   Thumb Code     0  printf1.o(i.__0printf$1)
    __2printf                                0x08002065   Thumb Code     0  printf1.o(i.__0printf$1)
    __scatterload_copy                       0x080020a5   Thumb Code    14  handlers.o(i.__scatterload_copy)
    __scatterload_null                       0x080020b3   Thumb Code     2  handlers.o(i.__scatterload_null)
    __scatterload_zeroinit                   0x080020b5   Thumb Code    14  handlers.o(i.__scatterload_zeroinit)
    fputc                                    0x08002219   Thumb Code    24  main.o(i.fputc)
    main                                     0x08002235   Thumb Code    92  main.o(i.main)
    osDelay                                  0x080022cd   Thumb Code    14  cmsis_os.o(i.osDelay)
    osKernelStart                            0x080022db   Thumb Code    10  cmsis_os.o(i.osKernelStart)
    osThreadCreate                           0x080022e5   Thumb Code    84  cmsis_os.o(i.osThreadCreate)
    pvPortMalloc                             0x08002a61   Thumb Code   210  heap_4.o(i.pvPortMalloc)
    pxPortInitialiseStack                    0x08002b39   Thumb Code    32  port.o(i.pxPortInitialiseStack)
    task_test                                0x08002b5d   Thumb Code    44  main.o(i.task_test)
    uxListRemove                             0x08002ba5   Thumb Code    38  list.o(i.uxListRemove)
    vApplicationGetIdleTaskMemory            0x08002bcd   Thumb Code    16  freertos.o(i.vApplicationGetIdleTaskMemory)
    vApplicationGetTimerTaskMemory           0x08002be1   Thumb Code    18  freertos.o(i.vApplicationGetTimerTaskMemory)
    vListInitialise                          0x08002bf9   Thumb Code    22  list.o(i.vListInitialise)
    vListInitialiseItem                      0x08002c0f   Thumb Code     6  list.o(i.vListInitialiseItem)
    vListInsert                              0x08002c15   Thumb Code    48  list.o(i.vListInsert)
    vListInsertEnd                           0x08002c45   Thumb Code    24  list.o(i.vListInsertEnd)
    vPortEnterCritical                       0x08002c5d   Thumb Code    54  port.o(i.vPortEnterCritical)
    vPortExitCritical                        0x08002c9d   Thumb Code    34  port.o(i.vPortExitCritical)
    vPortFree                                0x08002cc5   Thumb Code    88  heap_4.o(i.vPortFree)
    vPortSetupTimerInterrupt                 0x08002d21   Thumb Code    32  port.o(i.vPortSetupTimerInterrupt)
    vPortValidateInterruptPriority           0x08002d45   Thumb Code    74  port.o(i.vPortValidateInterruptPriority)
    vQueueAddToRegistry                      0x08002d99   Thumb Code    34  queue.o(i.vQueueAddToRegistry)
    vQueueWaitForMessageRestricted           0x08002dc1   Thumb Code    68  queue.o(i.vQueueWaitForMessageRestricted)
    vTaskDelay                               0x08002e05   Thumb Code    66  tasks.o(i.vTaskDelay)
    vTaskInternalSetTimeOutState             0x08002e51   Thumb Code    12  tasks.o(i.vTaskInternalSetTimeOutState)
    vTaskMissedYield                         0x08002e61   Thumb Code     8  tasks.o(i.vTaskMissedYield)
    vTaskPlaceOnEventList                    0x08002e6d   Thumb Code    44  tasks.o(i.vTaskPlaceOnEventList)
    vTaskPlaceOnEventListRestricted          0x08002e9d   Thumb Code    52  tasks.o(i.vTaskPlaceOnEventListRestricted)
    vTaskStartScheduler                      0x08002ed5   Thumb Code   118  tasks.o(i.vTaskStartScheduler)
    vTaskSuspendAll                          0x08002f5d   Thumb Code    10  tasks.o(i.vTaskSuspendAll)
    vTaskSwitchContext                       0x08002f6d   Thumb Code    82  tasks.o(i.vTaskSwitchContext)
    xPortStartScheduler                      0x08002fc9   Thumb Code   154  port.o(i.xPortStartScheduler)
    xQueueGenericCreateStatic                0x08003071   Thumb Code   102  queue.o(i.xQueueGenericCreateStatic)
    xQueueGenericReset                       0x080030d9   Thumb Code   132  queue.o(i.xQueueGenericReset)
    xQueueGenericSend                        0x08003161   Thumb Code   346  queue.o(i.xQueueGenericSend)
    xQueueGenericSendFromISR                 0x080032c1   Thumb Code   188  queue.o(i.xQueueGenericSendFromISR)
    xQueueReceive                            0x0800337d   Thumb Code   308  queue.o(i.xQueueReceive)
    xTaskCheckForTimeOut                     0x080034b5   Thumb Code   112  tasks.o(i.xTaskCheckForTimeOut)
    xTaskCreate                              0x08003529   Thumb Code    90  tasks.o(i.xTaskCreate)
    xTaskCreateStatic                        0x08003583   Thumb Code    86  tasks.o(i.xTaskCreateStatic)
    xTaskGetSchedulerState                   0x080035d9   Thumb Code    22  tasks.o(i.xTaskGetSchedulerState)
    xTaskGetTickCount                        0x080035f5   Thumb Code     6  tasks.o(i.xTaskGetTickCount)
    xTaskIncrementTick                       0x08003601   Thumb Code   192  tasks.o(i.xTaskIncrementTick)
    xTaskPriorityDisinherit                  0x080036c9   Thumb Code   144  tasks.o(i.xTaskPriorityDisinherit)
    xTaskRemoveFromEventList                 0x08003761   Thumb Code   108  tasks.o(i.xTaskRemoveFromEventList)
    xTaskResumeAll                           0x080037d5   Thumb Code   182  tasks.o(i.xTaskResumeAll)
    xTimerCreateTimerTask                    0x08003899   Thumb Code    78  timers.o(i.xTimerCreateTimerTask)
    xTimerGenericCommand                     0x080038f9   Thumb Code    92  timers.o(i.xTimerGenericCommand)
    AHBPrescTable                            0x08003998   Data          16  system_stm32f1xx.o(.constdata)
    APBPrescTable                            0x080039a8   Data           8  system_stm32f1xx.o(.constdata)
    Region$$Table$$Base                      0x080039bc   Number         0  anon$$obj.o(Region$$Table)
    Region$$Table$$Limit                     0x080039dc   Number         0  anon$$obj.o(Region$$Table)
    defaultTaskHandle                        0x20000000   Data           4  freertos.o(.data)
    uwTickFreq                               0x20000004   Data           1  stm32f1xx_hal.o(.data)
    uwTickPrio                               0x20000008   Data           4  stm32f1xx_hal.o(.data)
    uwTick                                   0x2000000c   Data           4  stm32f1xx_hal.o(.data)
    SystemCoreClock                          0x20000010   Data           4  system_stm32f1xx.o(.data)
    pxCurrentTCB                             0x20000014   Data           4  tasks.o(.data)
    Adc_Value                                0x2000008c   Data           8  au_adc.o(.data)
    __stdout                                 0x20000094   Data           4  stdout.o(.data)
    hadc1                                    0x20000740   Data          48  adc.o(.bss)
    hspi1                                    0x20000770   Data          88  spi.o(.bss)
    htim1                                    0x200007c8   Data          72  tim.o(.bss)
    huart1                                   0x20000810   Data          72  usart.o(.bss)
    huart2                                   0x20000858   Data          72  usart.o(.bss)
    htim4                                    0x200008a0   Data          72  stm32f1xx_hal_timebase_tim.o(.bss)
    xQueueRegistry                           0x200008e8   Data          64  queue.o(.bss)
    __initial_sp                             0x20001ee8   Data           0  startup_stm32f103xb.o(STACK)



==============================================================================

Memory Map of the image

  Image Entry point : 0x080000ed

  Load Region LR_IROM1 (Base: 0x08000000, Size: 0x00003a74, Max: 0x00020000, ABSOLUTE)

    Execution Region ER_IROM1 (Exec base: 0x08000000, Load base: 0x08000000, Size: 0x000039dc, Max: 0x00020000, ABSOLUTE)

    Exec Addr    Load Addr    Size         Type   Attr      Idx    E Section Name        Object

    0x08000000   0x08000000   0x000000ec   Data   RO            3    RESET               startup_stm32f103xb.o
    0x080000ec   0x080000ec   0x00000000   Code   RO         5197  * .ARM.Collect$$$$00000000  mc_w.l(entry.o)
    0x080000ec   0x080000ec   0x00000004   Code   RO         5506    .ARM.Collect$$$$00000001  mc_w.l(entry2.o)
    0x080000f0   0x080000f0   0x00000004   Code   RO         5509    .ARM.Collect$$$$00000004  mc_w.l(entry5.o)
    0x080000f4   0x080000f4   0x00000000   Code   RO         5511    .ARM.Collect$$$$00000008  mc_w.l(entry7b.o)
    0x080000f4   0x080000f4   0x00000000   Code   RO         5513    .ARM.Collect$$$$0000000A  mc_w.l(entry8b.o)
    0x080000f4   0x080000f4   0x00000008   Code   RO         5514    .ARM.Collect$$$$0000000B  mc_w.l(entry9a.o)
    0x080000fc   0x080000fc   0x00000000   Code   RO         5516    .ARM.Collect$$$$0000000D  mc_w.l(entry10a.o)
    0x080000fc   0x080000fc   0x00000000   Code   RO         5518    .ARM.Collect$$$$0000000F  mc_w.l(entry11a.o)
    0x080000fc   0x080000fc   0x00000004   Code   RO         5507    .ARM.Collect$$$$00002712  mc_w.l(entry2.o)
    0x08000100   0x08000100   0x00000096   Code   RO         4937    .emb_text           port.o
    0x08000196   0x08000196   0x00000002   PAD
    0x08000198   0x08000198   0x00000024   Code   RO            4    .text               startup_stm32f103xb.o
    0x080001bc   0x080001bc   0x00000024   Code   RO         5202    .text               mc_w.l(memcpya.o)
    0x080001e0   0x080001e0   0x00000024   Code   RO         5206    .text               mc_w.l(memseta.o)
    0x08000204   0x08000204   0x00000064   Code   RO         5471    .text               mf_w.l(fmul.o)
    0x08000268   0x08000268   0x00000018   Code   RO         5475    .text               mf_w.l(fscalb.o)
    0x08000280   0x08000280   0x0000000a   Code   RO         5481    .text               mf_w.l(ffltui.o)
    0x0800028a   0x0800028a   0x00000028   Code   RO         5483    .text               mf_w.l(ffixui.o)
    0x080002b2   0x080002b2   0x0000002c   Code   RO         5521    .text               mc_w.l(uidiv.o)
    0x080002de   0x080002de   0x00000000   Code   RO         5536    .text               mc_w.l(iusefp.o)
    0x080002de   0x080002de   0x0000006e   Code   RO         5537    .text               mf_w.l(fepilogue.o)
    0x0800034c   0x0800034c   0x00000024   Code   RO         5553    .text               mc_w.l(init.o)
    0x08000370   0x08000370   0x00000056   Code   RO          680    i.ADC_ConversionStop_Disable  stm32f1xx_hal_adc.o
    0x080003c6   0x080003c6   0x00000002   PAD
    0x080003c8   0x080003c8   0x0000007c   Code   RO          684    i.ADC_Enable        stm32f1xx_hal_adc.o
    0x08000444   0x08000444   0x00000032   Code   RO         5128    i.Adc_Alg_Handle    au_adc.o
    0x08000476   0x08000476   0x00000002   PAD
    0x08000478   0x08000478   0x000000a0   Code   RO         5129    i.Au_Adc_Test       au_adc.o
    0x08000518   0x08000518   0x00000002   Code   RO          517    i.BusFault_Handler  stm32f1xx_it.o
    0x0800051a   0x0800051a   0x00000002   Code   RO          518    i.DebugMon_Handler  stm32f1xx_it.o
    0x0800051c   0x0800051c   0x00000004   Code   RO           13    i.Error_Handler     main.o
    0x08000520   0x08000520   0x00000094   Code   RO         5132    i.Get_Adc_Volts     au_adc.o
    0x080005b4   0x080005b4   0x000000fc   Code   RO          686    i.HAL_ADC_ConfigChannel  stm32f1xx_hal_adc.o
    0x080006b0   0x080006b0   0x00000006   Code   RO          693    i.HAL_ADC_GetValue  stm32f1xx_hal_adc.o
    0x080006b6   0x080006b6   0x00000002   PAD
    0x080006b8   0x080006b8   0x0000011c   Code   RO          695    i.HAL_ADC_Init      stm32f1xx_hal_adc.o
    0x080007d4   0x080007d4   0x00000058   Code   RO          344    i.HAL_ADC_MspInit   adc.o
    0x0800082c   0x0800082c   0x0000013c   Code   RO          699    i.HAL_ADC_PollForConversion  stm32f1xx_hal_adc.o
    0x08000968   0x08000968   0x000000c0   Code   RO          701    i.HAL_ADC_Start     stm32f1xx_hal_adc.o
    0x08000a28   0x08000a28   0x00000034   Code   RO          704    i.HAL_ADC_Stop      stm32f1xx_hal_adc.o
    0x08000a5c   0x08000a5c   0x000001e0   Code   RO         1273    i.HAL_GPIO_Init     stm32f1xx_hal_gpio.o
    0x08000c3c   0x08000c3c   0x0000000a   Code   RO         1277    i.HAL_GPIO_WritePin  stm32f1xx_hal_gpio.o
    0x08000c46   0x08000c46   0x00000002   PAD
    0x08000c48   0x08000c48   0x0000000c   Code   RO          967    i.HAL_GetTick       stm32f1xx_hal.o
    0x08000c54   0x08000c54   0x00000010   Code   RO          973    i.HAL_IncTick       stm32f1xx_hal.o
    0x08000c64   0x08000c64   0x00000024   Code   RO          974    i.HAL_Init          stm32f1xx_hal.o
    0x08000c88   0x08000c88   0x00000098   Code   RO          605    i.HAL_InitTick      stm32f1xx_hal_timebase_tim.o
    0x08000d20   0x08000d20   0x00000048   Code   RO          581    i.HAL_MspInit       stm32f1xx_hal_msp.o
    0x08000d68   0x08000d68   0x0000001a   Code   RO         1433    i.HAL_NVIC_EnableIRQ  stm32f1xx_hal_cortex.o
    0x08000d82   0x08000d82   0x00000002   PAD
    0x08000d84   0x08000d84   0x00000040   Code   RO         1439    i.HAL_NVIC_SetPriority  stm32f1xx_hal_cortex.o
    0x08000dc4   0x08000dc4   0x00000024   Code   RO         1440    i.HAL_NVIC_SetPriorityGrouping  stm32f1xx_hal_cortex.o
    0x08000de8   0x08000de8   0x000000a4   Code   RO         1234    i.HAL_RCCEx_GetPeriphCLKFreq  stm32f1xx_hal_rcc_ex.o
    0x08000e8c   0x08000e8c   0x000000ec   Code   RO         1235    i.HAL_RCCEx_PeriphCLKConfig  stm32f1xx_hal_rcc_ex.o
    0x08000f78   0x08000f78   0x0000012c   Code   RO         1131    i.HAL_RCC_ClockConfig  stm32f1xx_hal_rcc.o
    0x080010a4   0x080010a4   0x00000040   Code   RO         1135    i.HAL_RCC_GetClockConfig  stm32f1xx_hal_rcc.o
    0x080010e4   0x080010e4   0x00000020   Code   RO         1138    i.HAL_RCC_GetPCLK1Freq  stm32f1xx_hal_rcc.o
    0x08001104   0x08001104   0x00000020   Code   RO         1139    i.HAL_RCC_GetPCLK2Freq  stm32f1xx_hal_rcc.o
    0x08001124   0x08001124   0x0000004c   Code   RO         1140    i.HAL_RCC_GetSysClockFreq  stm32f1xx_hal_rcc.o
    0x08001170   0x08001170   0x00000320   Code   RO         1143    i.HAL_RCC_OscConfig  stm32f1xx_hal_rcc.o
    0x08001490   0x08001490   0x000000b2   Code   RO         1944    i.HAL_SPI_Init      stm32f1xx_hal_spi.o
    0x08001542   0x08001542   0x00000002   PAD
    0x08001544   0x08001544   0x0000005c   Code   RO          386    i.HAL_SPI_MspInit   spi.o
    0x080015a0   0x080015a0   0x00000002   Code   RO         2961    i.HAL_TIMEx_BreakCallback  stm32f1xx_hal_tim_ex.o
    0x080015a2   0x080015a2   0x00000002   Code   RO         2962    i.HAL_TIMEx_CommutCallback  stm32f1xx_hal_tim_ex.o
    0x080015a4   0x080015a4   0x00000068   Code   RO         2980    i.HAL_TIMEx_MasterConfigSynchronization  stm32f1xx_hal_tim_ex.o
    0x0800160c   0x0800160c   0x0000005a   Code   RO         2257    i.HAL_TIM_Base_Init  stm32f1xx_hal_tim.o
    0x08001666   0x08001666   0x00000002   PAD
    0x08001668   0x08001668   0x00000028   Code   RO          428    i.HAL_TIM_Base_MspInit  tim.o
    0x08001690   0x08001690   0x00000058   Code   RO         2262    i.HAL_TIM_Base_Start_IT  stm32f1xx_hal_tim.o
    0x080016e8   0x080016e8   0x000000dc   Code   RO         2266    i.HAL_TIM_ConfigClockSource  stm32f1xx_hal_tim.o
    0x080017c4   0x080017c4   0x00000002   Code   RO         2291    i.HAL_TIM_IC_CaptureCallback  stm32f1xx_hal_tim.o
    0x080017c6   0x080017c6   0x00000166   Code   RO         2305    i.HAL_TIM_IRQHandler  stm32f1xx_hal_tim.o
    0x0800192c   0x0800192c   0x00000002   Code   RO         2308    i.HAL_TIM_OC_DelayElapsedCallback  stm32f1xx_hal_tim.o
    0x0800192e   0x0800192e   0x00000002   Code   RO         2335    i.HAL_TIM_PWM_PulseFinishedCallback  stm32f1xx_hal_tim.o
    0x08001930   0x08001930   0x00000014   Code   RO           14    i.HAL_TIM_PeriodElapsedCallback  main.o
    0x08001944   0x08001944   0x00000002   Code   RO         2348    i.HAL_TIM_TriggerCallback  stm32f1xx_hal_tim.o
    0x08001946   0x08001946   0x00000064   Code   RO         3258    i.HAL_UART_Init     stm32f1xx_hal_uart.o
    0x080019aa   0x080019aa   0x00000002   PAD
    0x080019ac   0x080019ac   0x000000ac   Code   RO          470    i.HAL_UART_MspInit  usart.o
    0x08001a58   0x08001a58   0x0000009a   Code   RO         3266    i.HAL_UART_Transmit  stm32f1xx_hal_uart.o
    0x08001af2   0x08001af2   0x00000002   Code   RO          519    i.HardFault_Handler  stm32f1xx_it.o
    0x08001af4   0x08001af4   0x0000001c   Code   RO         5133    i.Init_Adc          au_adc.o
    0x08001b10   0x08001b10   0x00000068   Code   RO          345    i.MX_ADC1_Init      adc.o
    0x08001b78   0x08001b78   0x00000028   Code   RO          278    i.MX_FREERTOS_Init  freertos.o
    0x08001ba0   0x08001ba0   0x000000e4   Code   RO          251    i.MX_GPIO_Init      gpio.o
    0x08001c84   0x08001c84   0x0000004c   Code   RO          387    i.MX_SPI1_Init      spi.o
    0x08001cd0   0x08001cd0   0x00000068   Code   RO          429    i.MX_TIM1_Init      tim.o
    0x08001d38   0x08001d38   0x00000038   Code   RO          471    i.MX_USART1_UART_Init  usart.o
    0x08001d70   0x08001d70   0x00000038   Code   RO          472    i.MX_USART2_UART_Init  usart.o
    0x08001da8   0x08001da8   0x00000002   Code   RO          520    i.MemManage_Handler  stm32f1xx_it.o
    0x08001daa   0x08001daa   0x00000002   Code   RO          521    i.NMI_Handler       stm32f1xx_it.o
    0x08001dac   0x08001dac   0x00000008   Code   RO          279    i.StartDefaultTask  freertos.o
    0x08001db4   0x08001db4   0x0000002c   Code   RO         4938    i.SysTick_Handler   port.o
    0x08001de0   0x08001de0   0x00000068   Code   RO           15    i.SystemClock_Config  main.o
    0x08001e48   0x08001e48   0x00000002   Code   RO         3592    i.SystemInit        system_stm32f1xx.o
    0x08001e4a   0x08001e4a   0x00000002   PAD
    0x08001e4c   0x08001e4c   0x0000000c   Code   RO          522    i.TIM4_IRQHandler   stm32f1xx_it.o
    0x08001e58   0x08001e58   0x0000006c   Code   RO         2350    i.TIM_Base_SetConfig  stm32f1xx_hal_tim.o
    0x08001ec4   0x08001ec4   0x00000014   Code   RO         2361    i.TIM_ETR_SetConfig  stm32f1xx_hal_tim.o
    0x08001ed8   0x08001ed8   0x00000010   Code   RO         2362    i.TIM_ITRx_SetConfig  stm32f1xx_hal_tim.o
    0x08001ee8   0x08001ee8   0x00000022   Code   RO         2368    i.TIM_TI1_ConfigInputStage  stm32f1xx_hal_tim.o
    0x08001f0a   0x08001f0a   0x00000024   Code   RO         2370    i.TIM_TI2_ConfigInputStage  stm32f1xx_hal_tim.o
    0x08001f2e   0x08001f2e   0x00000002   PAD
    0x08001f30   0x08001f30   0x000000b8   Code   RO         3284    i.UART_SetConfig    stm32f1xx_hal_uart.o
    0x08001fe8   0x08001fe8   0x00000078   Code   RO         3287    i.UART_WaitOnFlagUntilTimeout  stm32f1xx_hal_uart.o
    0x08002060   0x08002060   0x00000002   Code   RO          523    i.UsageFault_Handler  stm32f1xx_it.o
    0x08002062   0x08002062   0x00000002   PAD
    0x08002064   0x08002064   0x00000020   Code   RO         5255    i.__0printf$1       mc_w.l(printf1.o)
    0x08002084   0x08002084   0x00000020   Code   RO         1446    i.__NVIC_SetPriority  stm32f1xx_hal_cortex.o
    0x080020a4   0x080020a4   0x0000000e   Code   RO         5557    i.__scatterload_copy  mc_w.l(handlers.o)
    0x080020b2   0x080020b2   0x00000002   Code   RO         5558    i.__scatterload_null  mc_w.l(handlers.o)
    0x080020b4   0x080020b4   0x0000000e   Code   RO         5559    i.__scatterload_zeroinit  mc_w.l(handlers.o)
    0x080020c2   0x080020c2   0x00000002   PAD
    0x080020c4   0x080020c4   0x00000154   Code   RO         5262    i._printf_core      mc_w.l(printf1.o)
    0x08002218   0x08002218   0x0000001c   Code   RO           16    i.fputc             main.o
    0x08002234   0x08002234   0x0000008c   Code   RO           17    i.main              main.o
    0x080022c0   0x080022c0   0x0000000c   Code   RO         4521    i.makeFreeRtosPriority  cmsis_os.o
    0x080022cc   0x080022cc   0x0000000e   Code   RO         4523    i.osDelay           cmsis_os.o
    0x080022da   0x080022da   0x0000000a   Code   RO         4526    i.osKernelStart     cmsis_os.o
    0x080022e4   0x080022e4   0x00000054   Code   RO         4560    i.osThreadCreate    cmsis_os.o
    0x08002338   0x08002338   0x00000070   Code   RO         4091    i.prvAddCurrentTaskToDelayedList  tasks.o
    0x080023a8   0x080023a8   0x000000d0   Code   RO         4092    i.prvAddNewTaskToReadyList  tasks.o
    0x08002478   0x08002478   0x00000058   Code   RO         4390    i.prvCheckForValidListAndQueue  timers.o
    0x080024d0   0x080024d0   0x00000026   Code   RO         3770    i.prvCopyDataFromQueue  queue.o
    0x080024f6   0x080024f6   0x0000006c   Code   RO         3771    i.prvCopyDataToQueue  queue.o
    0x08002562   0x08002562   0x00000034   Code   RO         4093    i.prvDeleteTCB      tasks.o
    0x08002596   0x08002596   0x00000002   PAD
    0x08002598   0x08002598   0x00000048   Code   RO         4888    i.prvHeapInit       heap_4.o
    0x080025e0   0x080025e0   0x00000060   Code   RO         4094    i.prvIdleTask       tasks.o
    0x08002640   0x08002640   0x00000016   Code   RO         3773    i.prvInitialiseNewQueue  queue.o
    0x08002656   0x08002656   0x0000008e   Code   RO         4095    i.prvInitialiseNewTask  tasks.o
    0x080026e4   0x080026e4   0x0000004c   Code   RO         4889    i.prvInsertBlockIntoFreeList  heap_4.o
    0x08002730   0x08002730   0x00000038   Code   RO         4392    i.prvInsertTimerInActiveList  timers.o
    0x08002768   0x08002768   0x0000001c   Code   RO         3774    i.prvIsQueueEmpty   queue.o
    0x08002784   0x08002784   0x000000bc   Code   RO         4393    i.prvProcessReceivedCommands  timers.o
    0x08002840   0x08002840   0x000000b4   Code   RO         4394    i.prvProcessTimerOrBlockTask  timers.o
    0x080028f4   0x080028f4   0x00000020   Code   RO         4096    i.prvResetNextTaskUnblockTime  tasks.o
    0x08002914   0x08002914   0x00000028   Code   RO         4395    i.prvSampleTimeNow  timers.o
    0x0800293c   0x0800293c   0x0000006c   Code   RO         4396    i.prvSwitchTimerLists  timers.o
    0x080029a8   0x080029a8   0x00000028   Code   RO         4939    i.prvTaskExitError  port.o
    0x080029d0   0x080029d0   0x00000024   Code   RO         4397    i.prvTimerTask      timers.o
    0x080029f4   0x080029f4   0x0000006a   Code   RO         3775    i.prvUnlockQueue    queue.o
    0x08002a5e   0x08002a5e   0x00000002   PAD
    0x08002a60   0x08002a60   0x000000d8   Code   RO         4890    i.pvPortMalloc      heap_4.o
    0x08002b38   0x08002b38   0x00000024   Code   RO         4940    i.pxPortInitialiseStack  port.o
    0x08002b5c   0x08002b5c   0x00000048   Code   RO           19    i.task_test         main.o
    0x08002ba4   0x08002ba4   0x00000026   Code   RO         3730    i.uxListRemove      list.o
    0x08002bca   0x08002bca   0x00000002   PAD
    0x08002bcc   0x08002bcc   0x00000014   Code   RO          280    i.vApplicationGetIdleTaskMemory  freertos.o
    0x08002be0   0x08002be0   0x00000018   Code   RO          281    i.vApplicationGetTimerTaskMemory  freertos.o
    0x08002bf8   0x08002bf8   0x00000016   Code   RO         3731    i.vListInitialise   list.o
    0x08002c0e   0x08002c0e   0x00000006   Code   RO         3732    i.vListInitialiseItem  list.o
    0x08002c14   0x08002c14   0x00000030   Code   RO         3733    i.vListInsert       list.o
    0x08002c44   0x08002c44   0x00000018   Code   RO         3734    i.vListInsertEnd    list.o
    0x08002c5c   0x08002c5c   0x00000040   Code   RO         4942    i.vPortEnterCritical  port.o
    0x08002c9c   0x08002c9c   0x00000028   Code   RO         4943    i.vPortExitCritical  port.o
    0x08002cc4   0x08002cc4   0x0000005c   Code   RO         4891    i.vPortFree         heap_4.o
    0x08002d20   0x08002d20   0x00000024   Code   RO         4944    i.vPortSetupTimerInterrupt  port.o
    0x08002d44   0x08002d44   0x00000054   Code   RO         4945    i.vPortValidateInterruptPriority  port.o
    0x08002d98   0x08002d98   0x00000028   Code   RO         3779    i.vQueueAddToRegistry  queue.o
    0x08002dc0   0x08002dc0   0x00000044   Code   RO         3782    i.vQueueWaitForMessageRestricted  queue.o
    0x08002e04   0x08002e04   0x0000004c   Code   RO         4104    i.vTaskDelay        tasks.o
    0x08002e50   0x08002e50   0x00000010   Code   RO         4107    i.vTaskInternalSetTimeOutState  tasks.o
    0x08002e60   0x08002e60   0x0000000c   Code   RO         4108    i.vTaskMissedYield  tasks.o
    0x08002e6c   0x08002e6c   0x00000030   Code   RO         4110    i.vTaskPlaceOnEventList  tasks.o
    0x08002e9c   0x08002e9c   0x00000038   Code   RO         4111    i.vTaskPlaceOnEventListRestricted  tasks.o
    0x08002ed4   0x08002ed4   0x00000088   Code   RO         4118    i.vTaskStartScheduler  tasks.o
    0x08002f5c   0x08002f5c   0x00000010   Code   RO         4120    i.vTaskSuspendAll   tasks.o
    0x08002f6c   0x08002f6c   0x0000005c   Code   RO         4121    i.vTaskSwitchContext  tasks.o
    0x08002fc8   0x08002fc8   0x000000a8   Code   RO         4946    i.xPortStartScheduler  port.o
    0x08003070   0x08003070   0x00000066   Code   RO         3786    i.xQueueGenericCreateStatic  queue.o
    0x080030d6   0x080030d6   0x00000002   PAD
    0x080030d8   0x080030d8   0x00000088   Code   RO         3787    i.xQueueGenericReset  queue.o
    0x08003160   0x08003160   0x00000160   Code   RO         3788    i.xQueueGenericSend  queue.o
    0x080032c0   0x080032c0   0x000000bc   Code   RO         3789    i.xQueueGenericSendFromISR  queue.o
    0x0800337c   0x0800337c   0x00000138   Code   RO         3795    i.xQueueReceive     queue.o
    0x080034b4   0x080034b4   0x00000074   Code   RO         4122    i.xTaskCheckForTimeOut  tasks.o
    0x08003528   0x08003528   0x0000005a   Code   RO         4123    i.xTaskCreate       tasks.o
    0x08003582   0x08003582   0x00000056   Code   RO         4124    i.xTaskCreateStatic  tasks.o
    0x080035d8   0x080035d8   0x0000001c   Code   RO         4128    i.xTaskGetSchedulerState  tasks.o
    0x080035f4   0x080035f4   0x0000000c   Code   RO         4129    i.xTaskGetTickCount  tasks.o
    0x08003600   0x08003600   0x000000c8   Code   RO         4131    i.xTaskIncrementTick  tasks.o
    0x080036c8   0x080036c8   0x00000098   Code   RO         4134    i.xTaskPriorityDisinherit  tasks.o
    0x08003760   0x08003760   0x00000074   Code   RO         4136    i.xTaskRemoveFromEventList  tasks.o
    0x080037d4   0x080037d4   0x000000c4   Code   RO         4137    i.xTaskResumeAll    tasks.o
    0x08003898   0x08003898   0x00000060   Code   RO         4402    i.xTimerCreateTimerTask  timers.o
    0x080038f8   0x080038f8   0x00000060   Code   RO         4403    i.xTimerGenericCommand  timers.o
    0x08003958   0x08003958   0x0000001c   Data   RO          283    .constdata          freertos.o
    0x08003974   0x08003974   0x00000012   Data   RO         1144    .constdata          stm32f1xx_hal_rcc.o
    0x08003986   0x08003986   0x00000012   Data   RO         1236    .constdata          stm32f1xx_hal_rcc_ex.o
    0x08003998   0x08003998   0x00000010   Data   RO         3593    .constdata          system_stm32f1xx.o
    0x080039a8   0x080039a8   0x00000008   Data   RO         3594    .constdata          system_stm32f1xx.o
    0x080039b0   0x080039b0   0x0000000c   Data   RO          284    .conststring        freertos.o
    0x080039bc   0x080039bc   0x00000020   Data   RO         5555    Region$$Table       anon$$obj.o


    Execution Region RW_IRAM1 (Exec base: 0x20000000, Load base: 0x080039dc, Size: 0x00001ee8, Max: 0x00005000, ABSOLUTE)

    Exec Addr    Load Addr    Size         Type   Attr      Idx    E Section Name        Object

    0x20000000   0x080039dc   0x00000004   Data   RW          285    .data               freertos.o
    0x20000004   0x080039e0   0x0000000c   Data   RW          981    .data               stm32f1xx_hal.o
    0x20000010   0x080039ec   0x00000004   Data   RW         3595    .data               system_stm32f1xx.o
    0x20000014   0x080039f0   0x0000003c   Data   RW         4140    .data               tasks.o
    0x20000050   0x08003a2c   0x00000014   Data   RW         4409    .data               timers.o
    0x20000064   0x08003a40   0x00000018   Data   RW         4896    .data               heap_4.o
    0x2000007c   0x08003a58   0x0000000c   Data   RW         4947    .data               port.o
    0x20000088   0x08003a64   0x0000000c   Data   RW         5134    .data               au_adc.o
    0x20000094   0x08003a70   0x00000004   Data   RW         5520    .data               mc_w.l(stdout.o)
    0x20000098        -       0x000006a8   Zero   RW          282    .bss                freertos.o
    0x20000740        -       0x00000030   Zero   RW          346    .bss                adc.o
    0x20000770        -       0x00000058   Zero   RW          388    .bss                spi.o
    0x200007c8        -       0x00000048   Zero   RW          430    .bss                tim.o
    0x20000810        -       0x00000090   Zero   RW          473    .bss                usart.o
    0x200008a0        -       0x00000048   Zero   RW          608    .bss                stm32f1xx_hal_timebase_tim.o
    0x200008e8        -       0x00000040   Zero   RW         3798    .bss                queue.o
    0x20000928        -       0x000000f0   Zero   RW         4139    .bss                tasks.o
    0x20000a18        -       0x000000e8   Zero   RW         4408    .bss                timers.o
    0x20000b00        -       0x00000fe8   Zero   RW         4895    .bss                heap_4.o
    0x20001ae8        -       0x00000400   Zero   RW            1    STACK               startup_stm32f103xb.o


==============================================================================

Image component sizes


      Code (inc. data)   RO Data    RW Data    ZI Data      Debug   Object Name

       192         24          0          0         48       1633   adc.o
       386        102          0         12          0       2938   au_adc.o
       120          0          0          0          0      22253   cmsis_os.o
         0          0          0          0          0      18120   event_groups.o
        92         20         40          4       1704      16119   freertos.o
       228         18          0          0          0       1463   gpio.o
       456         22          0         24       4072       4607   heap_4.o
       138          0          0          0          0       3330   list.o
       368         86          0          0          0     482576   main.o
       662         70          0         12          0      11049   port.o
      1500         20          0          0         64      14156   queue.o
       168         22          0          0         88       1597   spi.o
        36          8        236          0       1024        792   startup_stm32f103xb.o
        64         14          0         12          0       4582   stm32f1xx_hal.o
      1312         54          0          0          0       7139   stm32f1xx_hal_adc.o
       158         14          0          0          0      28130   stm32f1xx_hal_cortex.o
       490         34          0          0          0       2856   stm32f1xx_hal_gpio.o
        72         10          0          0          0        850   stm32f1xx_hal_msp.o
      1304         94         18          0          0       5669   stm32f1xx_hal_rcc.o
       400         28         18          0          0       2441   stm32f1xx_hal_rcc_ex.o
       178          0          0          0          0       1211   stm32f1xx_hal_spi.o
       978         26          0          0          0       9605   stm32f1xx_hal_tim.o
       108         12          0          0          0       2361   stm32f1xx_hal_tim_ex.o
       152         20          0          0         72       1447   stm32f1xx_hal_timebase_tim.o
       558          6          0          0          0       3924   stm32f1xx_hal_uart.o
        24          6          0          0          0       2951   stm32f1xx_it.o
         0          0          0          0          0        384   stream_buffer.o
         2          0         24          4          0       1083   system_stm32f1xx.o
      2090        158          0         60        240      22796   tasks.o
       144         18          0          0         72       1586   tim.o
       888         78          0         20        232      26159   timers.o
       284         32          0          0        144       2303   usart.o

    ----------------------------------------------------------------------
     13584        996        368        148       7760     708110   Object Totals
         0          0         32          0          0          0   (incl. Generated)
        32          0          0          0          0          0   (incl. Padding)

    ----------------------------------------------------------------------

      Code (inc. data)   RO Data    RW Data    ZI Data      Debug   Library Member Name

         0          0          0          0          0          0   entry.o
         0          0          0          0          0          0   entry10a.o
         0          0          0          0          0          0   entry11a.o
         8          4          0          0          0          0   entry2.o
         4          0          0          0          0          0   entry5.o
         0          0          0          0          0          0   entry7b.o
         0          0          0          0          0          0   entry8b.o
         8          4          0          0          0          0   entry9a.o
        30          0          0          0          0          0   handlers.o
        36          8          0          0          0         68   init.o
         0          0          0          0          0          0   iusefp.o
        36          0          0          0          0         68   memcpya.o
        36          0          0          0          0        108   memseta.o
       372         14          0          0          0        184   printf1.o
         0          0          0          4          0          0   stdout.o
        44          0          0          0          0         80   uidiv.o
       110          0          0          0          0        168   fepilogue.o
        40          0          0          0          0         68   ffixui.o
        10          0          0          0          0         68   ffltui.o
       100          0          0          0          0         76   fmul.o
        24          0          0          0          0         68   fscalb.o

    ----------------------------------------------------------------------
       860         30          0          4          0        956   Library Totals
         2          0          0          0          0          0   (incl. Padding)

    ----------------------------------------------------------------------

      Code (inc. data)   RO Data    RW Data    ZI Data      Debug   Library Name

       574         30          0          4          0        508   mc_w.l
       284          0          0          0          0        448   mf_w.l

    ----------------------------------------------------------------------
       860         30          0          4          0        956   Library Totals

    ----------------------------------------------------------------------

==============================================================================


      Code (inc. data)   RO Data    RW Data    ZI Data      Debug   

     14444       1026        368        152       7760     701418   Grand Totals
     14444       1026        368        152       7760     701418   ELF Image Totals
     14444       1026        368        152          0          0   ROM Totals

==============================================================================

    Total RO  Size (Code + RO Data)                14812 (  14.46kB)
    Total RW  Size (RW Data + ZI Data)              7912 (   7.73kB)
    Total ROM Size (Code + RO Data + RW Data)      14964 (  14.61kB)

==============================================================================

