Component: ARM Compiler 5.06 update 5 (build 528) Tool: armlink [4d35e2]

==============================================================================

Section Cross References

    startup_stm32f103xb.o(RESET) refers to startup_stm32f103xb.o(STACK) for __initial_sp
    startup_stm32f103xb.o(RESET) refers to startup_stm32f103xb.o(.text) for Reset_Handler
    startup_stm32f103xb.o(RESET) refers to stm32f1xx_it.o(i.NMI_Handler) for NMI_Handler
    startup_stm32f103xb.o(RESET) refers to stm32f1xx_it.o(i.HardFault_Handler) for HardFault_Handler
    startup_stm32f103xb.o(RESET) refers to stm32f1xx_it.o(i.MemManage_Handler) for MemManage_Handler
    startup_stm32f103xb.o(RESET) refers to stm32f1xx_it.o(i.BusFault_Handler) for BusFault_Handler
    startup_stm32f103xb.o(RESET) refers to stm32f1xx_it.o(i.UsageFault_Handler) for UsageFault_Handler
    startup_stm32f103xb.o(RESET) refers to port.o(.emb_text) for SVC_Handler
    startup_stm32f103xb.o(RESET) refers to stm32f1xx_it.o(i.DebugMon_Handler) for DebugMon_Handler
    startup_stm32f103xb.o(RESET) refers to port.o(i.SysTick_Handler) for SysTick_Handler
    startup_stm32f103xb.o(RESET) refers to stm32f1xx_it.o(i.TIM4_IRQHandler) for TIM4_IRQHandler
    startup_stm32f103xb.o(.text) refers to system_stm32f1xx.o(i.SystemInit) for SystemInit
    startup_stm32f103xb.o(.text) refers to entry.o(.ARM.Collect$$$$00000000) for __main
    main.o(i.HAL_TIM_PeriodElapsedCallback) refers to stm32f1xx_hal.o(i.HAL_IncTick) for HAL_IncTick
    main.o(i.SystemClock_Config) refers to memseta.o(.text) for __aeabi_memclr4
    main.o(i.SystemClock_Config) refers to stm32f1xx_hal_rcc.o(i.HAL_RCC_OscConfig) for HAL_RCC_OscConfig
    main.o(i.SystemClock_Config) refers to stm32f1xx_hal_rcc.o(i.HAL_RCC_ClockConfig) for HAL_RCC_ClockConfig
    main.o(i.SystemClock_Config) refers to stm32f1xx_hal_rcc_ex.o(i.HAL_RCCEx_PeriphCLKConfig) for HAL_RCCEx_PeriphCLKConfig
    main.o(i.fputc) refers to stm32f1xx_hal_uart.o(i.HAL_UART_Transmit) for HAL_UART_Transmit
    main.o(i.fputc) refers to usart.o(.bss) for huart1
    main.o(i.main) refers to stm32f1xx_hal.o(i.HAL_Init) for HAL_Init
    main.o(i.main) refers to main.o(i.SystemClock_Config) for SystemClock_Config
    main.o(i.main) refers to gpio.o(i.MX_GPIO_Init) for MX_GPIO_Init
    main.o(i.main) refers to adc.o(i.MX_ADC1_Init) for MX_ADC1_Init
    main.o(i.main) refers to spi.o(i.MX_SPI1_Init) for MX_SPI1_Init
    main.o(i.main) refers to tim.o(i.MX_TIM1_Init) for MX_TIM1_Init
    main.o(i.main) refers to usart.o(i.MX_USART1_UART_Init) for MX_USART1_UART_Init
    main.o(i.main) refers to usart.o(i.MX_USART2_UART_Init) for MX_USART2_UART_Init
    main.o(i.main) refers to printf3.o(i.__0printf$3) for __2printf
    main.o(i.main) refers to stm32f1xx_hal_uart.o(i.HAL_UART_Receive_IT) for HAL_UART_Receive_IT
    main.o(i.main) refers to au_task.o(i.Init_Task) for Init_Task
    main.o(i.main) refers to freertos.o(i.MX_FREERTOS_Init) for MX_FREERTOS_Init
    main.o(i.main) refers to cmsis_os.o(i.osKernelStart) for osKernelStart
    main.o(i.main) refers to usart.o(.data) for aRxBuffer
    main.o(i.main) refers to usart.o(.bss) for huart2
    gpio.o(i.MX_GPIO_Init) refers to stm32f1xx_hal_gpio.o(i.HAL_GPIO_WritePin) for HAL_GPIO_WritePin
    gpio.o(i.MX_GPIO_Init) refers to stm32f1xx_hal_gpio.o(i.HAL_GPIO_Init) for HAL_GPIO_Init
    gpio.o(i.MX_GPIO_Init) refers to stm32f1xx_hal_cortex.o(i.HAL_NVIC_SetPriority) for HAL_NVIC_SetPriority
    gpio.o(i.MX_GPIO_Init) refers to stm32f1xx_hal_cortex.o(i.HAL_NVIC_EnableIRQ) for HAL_NVIC_EnableIRQ
    freertos.o(i.MX_FREERTOS_Init) refers to memcpya.o(.text) for __aeabi_memcpy4
    freertos.o(i.MX_FREERTOS_Init) refers to cmsis_os.o(i.osThreadCreate) for osThreadCreate
    freertos.o(i.MX_FREERTOS_Init) refers to freertos.o(.constdata) for .constdata
    freertos.o(i.MX_FREERTOS_Init) refers to freertos.o(.data) for .data
    freertos.o(i.StartDefaultTask) refers to cmsis_os.o(i.osDelay) for osDelay
    freertos.o(i.vApplicationGetIdleTaskMemory) refers to freertos.o(.bss) for .bss
    freertos.o(i.vApplicationGetTimerTaskMemory) refers to freertos.o(.bss) for .bss
    freertos.o(.constdata) refers to freertos.o(.conststring) for .conststring
    freertos.o(.constdata) refers to freertos.o(i.StartDefaultTask) for StartDefaultTask
    adc.o(i.HAL_ADC_MspDeInit) refers to stm32f1xx_hal_gpio.o(i.HAL_GPIO_DeInit) for HAL_GPIO_DeInit
    adc.o(i.HAL_ADC_MspInit) refers to stm32f1xx_hal_gpio.o(i.HAL_GPIO_Init) for HAL_GPIO_Init
    adc.o(i.MX_ADC1_Init) refers to stm32f1xx_hal_adc.o(i.HAL_ADC_Init) for HAL_ADC_Init
    adc.o(i.MX_ADC1_Init) refers to main.o(i.Error_Handler) for Error_Handler
    adc.o(i.MX_ADC1_Init) refers to stm32f1xx_hal_adc.o(i.HAL_ADC_ConfigChannel) for HAL_ADC_ConfigChannel
    adc.o(i.MX_ADC1_Init) refers to adc.o(.bss) for .bss
    spi.o(i.HAL_SPI_MspDeInit) refers to stm32f1xx_hal_gpio.o(i.HAL_GPIO_DeInit) for HAL_GPIO_DeInit
[...]
    uxPendedTicks                            0x20000038   Data           4  tasks.o(.data)
    xYieldPending                            0x2000003c   Data           4  tasks.o(.data)
    xNumOfOverflows                          0x20000040   Data           4  tasks.o(.data)
    uxTaskNumber                             0x20000044   Data           4  tasks.o(.data)
    xNextTaskUnblockTime                     0x20000048   Data           4  tasks.o(.data)
    xIdleTaskHandle                          0x2000004c   Data           4  tasks.o(.data)
    uxSchedulerSuspended                     0x20000050   Data           4  tasks.o(.data)
    .data                                    0x20000054   Section       20  timers.o(.data)
    pxCurrentTimerList                       0x20000054   Data           4  timers.o(.data)
    pxOverflowTimerList                      0x20000058   Data           4  timers.o(.data)
    xTimerQueue                              0x2000005c   Data           4  timers.o(.data)
    xTimerTaskHandle                         0x20000060   Data           4  timers.o(.data)
    xLastTime                                0x20000064   Data           4  timers.o(.data)
    .data                                    0x20000068   Section       24  heap_4.o(.data)
    pxEnd                                    0x20000068   Data           4  heap_4.o(.data)
    xFreeBytesRemaining                      0x2000006c   Data           4  heap_4.o(.data)
    xMinimumEverFreeBytesRemaining           0x20000070   Data           4  heap_4.o(.data)
    xBlockAllocatedBit                       0x20000074   Data           4  heap_4.o(.data)
    xStart                                   0x20000078   Data           8  heap_4.o(.data)
    .data                                    0x20000080   Section       12  port.o(.data)
    ucMaxSysCallPriority                     0x20000080   Data           1  port.o(.data)
    uxCriticalNesting                        0x20000084   Data           4  port.o(.data)
    ulMaxPRIGROUPValue                       0x20000088   Data           4  port.o(.data)
    .data                                    0x2000008c   Section       40  au_motor.o(.data)
    .data                                    0x200000b4   Section        1  au_printer.o(.data)
    .data                                    0x200000b8   Section       40  au_ble.o(.data)
    .data                                    0x200000e0   Section        1  au_hal.o(.data)
    .data                                    0x200000e4   Section       12  au_adc.o(.data)
    flag                                     0x200000e4   Data           1  au_adc.o(.data)
    .data                                    0x200000f0   Section       12  au_timer.o(.data)
    .data                                    0x200000fc   Section        4  au_button.o(.data)
    Button_Head                              0x200000fc   Data           4  au_button.o(.data)
    .data                                    0x20000100   Section        2  au_task.o(.data)
    .data                                    0x20000102   Section        5  au_device.o(.data)
    .data                                    0x20000108   Section        8  au_queue.o(.data)
    xHigherPriorityTaskWoken                 0x2000010c   Data           4  au_queue.o(.data)
    .data                                    0x20000110   Section        4  stdout.o(.data)
    .data                                    0x20000114   Section        4  errno.o(.data)
    _errno                                   0x20000114   Data           4  errno.o(.data)
    .bss                                     0x20000118   Section     1704  freertos.o(.bss)
    xIdleTaskTCBBuffer                       0x20000118   Data          84  freertos.o(.bss)
    xIdleStack                               0x2000016c   Data         512  freertos.o(.bss)
    xTimerTaskTCBBuffer                      0x2000036c   Data          84  freertos.o(.bss)
    xTimerStack                              0x200003c0   Data        1024  freertos.o(.bss)
    .bss                                     0x200007c0   Section       48  adc.o(.bss)
    .bss                                     0x200007f0   Section       88  spi.o(.bss)
    .bss                                     0x20000848   Section       72  tim.o(.bss)
    .bss                                     0x20000890   Section      144  usart.o(.bss)
    .bss                                     0x20000920   Section       72  stm32f1xx_hal_timebase_tim.o(.bss)
    .bss                                     0x20000968   Section       64  queue.o(.bss)
    .bss                                     0x200009a8   Section      240  tasks.o(.bss)
    pxReadyTasksLists                        0x200009a8   Data         140  tasks.o(.bss)
    xDelayedTaskList1                        0x20000a34   Data          20  tasks.o(.bss)
    xDelayedTaskList2                        0x20000a48   Data          20  tasks.o(.bss)
    xPendingReadyList                        0x20000a5c   Data          20  tasks.o(.bss)
    xTasksWaitingTermination                 0x20000a70   Data          20  tasks.o(.bss)
    xSuspendedTaskList                       0x20000a84   Data          20  tasks.o(.bss)
    .bss                                     0x20000a98   Section      232  timers.o(.bss)
    xActiveTimerList1                        0x20000a98   Data          20  timers.o(.bss)
    xActiveTimerList2                        0x20000aac   Data          20  timers.o(.bss)
    xStaticTimerQueue                        0x20000ac0   Data          72  timers.o(.bss)
    ucStaticTimerQueueStorage                0x20000b08   Data         120  timers.o(.bss)
    .bss                                     0x20000b80   Section     3072  heap_4.o(.bss)
    ucHeap                                   0x20000b80   Data        3072  heap_4.o(.bss)
    .bss                                     0x20001780   Section       24  au_printer.o(.bss)
    .bss                                     0x20001798   Section      100  au_ble.o(.bss)
    .bss                                     0x200017fc   Section       76  au_task.o(.bss)
    .bss                                     0x20001848   Section    13212  au_queue.o(.bss)
    STACK                                    0x20004be8   Section     1024  startup_stm32f103xb.o(STACK)

    Global Symbols

    Symbol Name                              Value     Ov Type        Size  Object(Section)

    BuildAttributes$$THM_ISAv4$P$D$K$B$S$PE$A:L22UL41UL21$X:L11$S22US41US21$IEEE1$IW$USESV6$~STKCKD$USESV7$~SHL$OTIME$ROPI$IEEEX$EBA8$MICROLIB$REQ8$PRES8$EABIv2 0x00000000   Number         0  anon$$obj.o ABSOLUTE
    __ARM_use_no_argv                        0x00000000   Number         0  main.o ABSOLUTE
    _printf_a                                0x00000000   Number         0  stubs.o ABSOLUTE
    _printf_c                                0x00000000   Number         0  stubs.o ABSOLUTE
    _printf_charcount                        0x00000000   Number         0  stubs.o ABSOLUTE
    _printf_d                                0x00000000   Number         0  stubs.o ABSOLUTE
    _printf_e                                0x00000000   Number         0  stubs.o ABSOLUTE
    _printf_f                                0x00000000   Number         0  stubs.o ABSOLUTE
    _printf_flags                            0x00000000   Number         0  stubs.o ABSOLUTE
    _printf_fp_dec                           0x00000000   Number         0  stubs.o ABSOLUTE
    _printf_fp_hex                           0x00000000   Number         0  stubs.o ABSOLUTE
    _printf_g                                0x00000000   Number         0  stubs.o ABSOLUTE
    _printf_i                                0x00000000   Number         0  stubs.o ABSOLUTE
    _printf_int_dec                          0x00000000   Number         0  stubs.o ABSOLUTE
    _printf_l                                0x00000000   Number         0  stubs.o ABSOLUTE
    _printf_lc                               0x00000000   Number         0  stubs.o ABSOLUTE
    _printf_ll                               0x00000000   Number         0  stubs.o ABSOLUTE
    _printf_lld                              0x00000000   Number         0  stubs.o ABSOLUTE
    _printf_lli                              0x00000000   Number         0  stubs.o ABSOLUTE
    _printf_llo                              0x00000000   Number         0  stubs.o ABSOLUTE
    _printf_llu                              0x00000000   Number         0  stubs.o ABSOLUTE
    _printf_llx                              0x00000000   Number         0  stubs.o ABSOLUTE
    _printf_longlong_dec                     0x00000000   Number         0  stubs.o ABSOLUTE
    _printf_longlong_hex                     0x00000000   Number         0  stubs.o ABSOLUTE
    _printf_longlong_oct                     0x00000000   Number         0  stubs.o ABSOLUTE
    _printf_ls                               0x00000000   Number         0  stubs.o ABSOLUTE
    _printf_mbtowc                           0x00000000   Number         0  stubs.o ABSOLUTE
    _printf_n                                0x00000000   Number         0  stubs.o ABSOLUTE
    _printf_o                                0x00000000   Number         0  stubs.o ABSOLUTE
    _printf_p                                0x00000000   Number         0  stubs.o ABSOLUTE
    _printf_percent                          0x00000000   Number         0  stubs.o ABSOLUTE
    _printf_pre_padding                      0x00000000   Number         0  stubs.o ABSOLUTE
    _printf_return_value                     0x00000000   Number         0  stubs.o ABSOLUTE
    _printf_s                                0x00000000   Number         0  stubs.o ABSOLUTE
    _printf_sizespec                         0x00000000   Number         0  stubs.o ABSOLUTE
    _printf_str                              0x00000000   Number         0  stubs.o ABSOLUTE
    _printf_truncate_signed                  0x00000000   Number         0  stubs.o ABSOLUTE
    _printf_truncate_unsigned                0x00000000   Number         0  stubs.o ABSOLUTE
    _printf_u                                0x00000000   Number         0  stubs.o ABSOLUTE
    _printf_wc                               0x00000000   Number         0  stubs.o ABSOLUTE
    _printf_wctomb                           0x00000000   Number         0  stubs.o ABSOLUTE
    _printf_widthprec                        0x00000000   Number         0  stubs.o ABSOLUTE
    _printf_x                                0x00000000   Number         0  stubs.o ABSOLUTE
    __cpp_initialize__aeabi_                  - Undefined Weak Reference
    __cxa_finalize                            - Undefined Weak Reference
    __decompress                              - Undefined Weak Reference
    _clock_init                               - Undefined Weak Reference
    _microlib_exit                            - Undefined Weak Reference
    __Vectors_Size                           0x000000ec   Number         0  startup_stm32f103xb.o ABSOLUTE
    __Vectors                                0x08000000   Data           4  startup_stm32f103xb.o(RESET)
    __Vectors_End                            0x080000ec   Data           0  startup_stm32f103xb.o(RESET)
    __main                                   0x080000ed   Thumb Code     0  entry.o(.ARM.Collect$$$$00000000)
    _main_stk                                0x080000ed   Thumb Code     0  entry2.o(.ARM.Collect$$$$00000001)
    _main_scatterload                        0x080000f1   Thumb Code     0  entry5.o(.ARM.Collect$$$$00000004)
    __main_after_scatterload                 0x080000f5   Thumb Code     0  entry5.o(.ARM.Collect$$$$00000004)
    _main_clock                              0x080000f5   Thumb Code     0  entry7b.o(.ARM.Collect$$$$00000008)
    _main_cpp_init                           0x080000f5   Thumb Code     0  entry8b.o(.ARM.Collect$$$$0000000A)
    _main_init                               0x080000f5   Thumb Code     0  entry9a.o(.ARM.Collect$$$$0000000B)
    __rt_final_cpp                           0x080000fd   Thumb Code     0  entry10a.o(.ARM.Collect$$$$0000000D)
    __rt_final_exit                          0x080000fd   Thumb Code     0  entry11a.o(.ARM.Collect$$$$0000000F)
    SVC_Handler                              0x08000101   Thumb Code    32  port.o(.emb_text)
    __asm___6_port_c_39a90d8d__prvStartFirstTask 0x08000125   Thumb Code    28  port.o(.emb_text)
    PendSV_Handler                           0x08000145   Thumb Code    72  port.o(.emb_text)
    vPortGetIPSR                             0x08000191   Thumb Code     6  port.o(.emb_text)
    Reset_Handler                            0x08000199   Thumb Code     8  startup_stm32f103xb.o(.text)
    ADC1_2_IRQHandler                        0x080001b3   Thumb Code     0  startup_stm32f103xb.o(.text)
    CAN1_RX1_IRQHandler                      0x080001b3   Thumb Code     0  startup_stm32f103xb.o(.text)
    CAN1_SCE_IRQHandler                      0x080001b3   Thumb Code     0  startup_stm32f103xb.o(.text)
    DMA1_Channel1_IRQHandler                 0x080001b3   Thumb Code     0  startup_stm32f103xb.o(.text)
    DMA1_Channel2_IRQHandler                 0x080001b3   Thumb Code     0  startup_stm32f103xb.o(.text)
    DMA1_Channel3_IRQHandler                 0x080001b3   Thumb Code     0  startup_stm32f103xb.o(.text)
    DMA1_Channel4_IRQHandler                 0x080001b3   Thumb Code     0  startup_stm32f103xb.o(.text)
    DMA1_Channel5_IRQHandler                 0x080001b3   Thumb Code     0  startup_stm32f103xb.o(.text)
    DMA1_Channel6_IRQHandler                 0x080001b3   Thumb Code     0  startup_stm32f103xb.o(.text)
    DMA1_Channel7_IRQHandler                 0x080001b3   Thumb Code     0  startup_stm32f103xb.o(.text)
    EXTI0_IRQHandler                         0x080001b3   Thumb Code     0  startup_stm32f103xb.o(.text)
    EXTI15_10_IRQHandler                     0x080001b3   Thumb Code     0  startup_stm32f103xb.o(.text)
    EXTI1_IRQHandler                         0x080001b3   Thumb Code     0  startup_stm32f103xb.o(.text)
    EXTI2_IRQHandler                         0x080001b3   Thumb Code     0  startup_stm32f103xb.o(.text)
    EXTI3_IRQHandler                         0x080001b3   Thumb Code     0  startup_stm32f103xb.o(.text)
    EXTI4_IRQHandler                         0x080001b3   Thumb Code     0  startup_stm32f103xb.o(.text)
    EXTI9_5_IRQHandler                       0x080001b3   Thumb Code     0  startup_stm32f103xb.o(.text)
    FLASH_IRQHandler                         0x080001b3   Thumb Code     0  startup_stm32f103xb.o(.text)
    I2C1_ER_IRQHandler                       0x080001b3   Thumb Code     0  startup_stm32f103xb.o(.text)
    I2C1_EV_IRQHandler                       0x080001b3   Thumb Code     0  startup_stm32f103xb.o(.text)
    I2C2_ER_IRQHandler                       0x080001b3   Thumb Code     0  startup_stm32f103xb.o(.text)
    I2C2_EV_IRQHandler                       0x080001b3   Thumb Code     0  startup_stm32f103xb.o(.text)
    PVD_IRQHandler                           0x080001b3   Thumb Code     0  startup_stm32f103xb.o(.text)
    RCC_IRQHandler                           0x080001b3   Thumb Code     0  startup_stm32f103xb.o(.text)
    RTC_Alarm_IRQHandler                     0x080001b3   Thumb Code     0  startup_stm32f103xb.o(.text)
    RTC_IRQHandler                           0x080001b3   Thumb Code     0  startup_stm32f103xb.o(.text)
    SPI1_IRQHandler                          0x080001b3   Thumb Code     0  startup_stm32f103xb.o(.text)
    SPI2_IRQHandler                          0x080001b3   Thumb Code     0  startup_stm32f103xb.o(.text)
    TAMPER_IRQHandler                        0x080001b3   Thumb Code     0  startup_stm32f103xb.o(.text)
    TIM1_BRK_IRQHandler                      0x080001b3   Thumb Code     0  startup_stm32f103xb.o(.text)
    TIM1_CC_IRQHandler                       0x080001b3   Thumb Code     0  startup_stm32f103xb.o(.text)
    TIM1_TRG_COM_IRQHandler                  0x080001b3   Thumb Code     0  startup_stm32f103xb.o(.text)
    TIM1_UP_IRQHandler                       0x080001b3   Thumb Code     0  startup_stm32f103xb.o(.text)
    TIM2_IRQHandler                          0x080001b3   Thumb Code     0  startup_stm32f103xb.o(.text)
    TIM3_IRQHandler                          0x080001b3   Thumb Code     0  startup_stm32f103xb.o(.text)
    USART1_IRQHandler                        0x080001b3   Thumb Code     0  startup_stm32f103xb.o(.text)
    USART2_IRQHandler                        0x080001b3   Thumb Code     0  startup_stm32f103xb.o(.text)
    USART3_IRQHandler                        0x080001b3   Thumb Code     0  startup_stm32f103xb.o(.text)
    USBWakeUp_IRQHandler                     0x080001b3   Thumb Code     0  startup_stm32f103xb.o(.text)
    USB_HP_CAN1_TX_IRQHandler                0x080001b3   Thumb Code     0  startup_stm32f103xb.o(.text)
    USB_LP_CAN1_RX0_IRQHandler               0x080001b3   Thumb Code     0  startup_stm32f103xb.o(.text)
    WWDG_IRQHandler                          0x080001b3   Thumb Code     0  startup_stm32f103xb.o(.text)
    __aeabi_llsr                             0x080001bd   Thumb Code    32  llushr.o(.text)
    _ll_ushift_r                             0x080001bd   Thumb Code     0  llushr.o(.text)
    __aeabi_memcpy                           0x080001dd   Thumb Code    36  memcpya.o(.text)
    __aeabi_memcpy4                          0x080001dd   Thumb Code     0  memcpya.o(.text)
    __aeabi_memcpy8                          0x080001dd   Thumb Code     0  memcpya.o(.text)
    __aeabi_memset                           0x08000201   Thumb Code    14  memseta.o(.text)
    __aeabi_memset4                          0x08000201   Thumb Code     0  memseta.o(.text)
    __aeabi_memset8                          0x08000201   Thumb Code     0  memseta.o(.text)
    __aeabi_memclr                           0x0800020f   Thumb Code     4  memseta.o(.text)
    __aeabi_memclr4                          0x0800020f   Thumb Code     0  memseta.o(.text)
    __aeabi_memclr8                          0x0800020f   Thumb Code     0  memseta.o(.text)
    memset                                   0x08000213   Thumb Code    18  memseta.o(.text)
    strlen                                   0x08000225   Thumb Code    14  strlen.o(.text)
    __aeabi_fadd                             0x08000233   Thumb Code   164  fadd.o(.text)
    __aeabi_fsub                             0x080002d7   Thumb Code     6  fadd.o(.text)
    __aeabi_frsub                            0x080002dd   Thumb Code     6  fadd.o(.text)
    __aeabi_fmul                             0x080002e3   Thumb Code   100  fmul.o(.text)
    __aeabi_fdiv                             0x08000347   Thumb Code   124  fdiv.o(.text)
    __ARM_scalbnf                            0x080003c3   Thumb Code    24  fscalb.o(.text)
    scalbnf                                  0x080003c3   Thumb Code     0  fscalb.o(.text)
    __aeabi_dadd                             0x080003db   Thumb Code   322  dadd.o(.text)
    __aeabi_dsub                             0x0800051d   Thumb Code     6  dadd.o(.text)
    __aeabi_drsub                            0x08000523   Thumb Code     6  dadd.o(.text)
    __aeabi_dmul                             0x08000529   Thumb Code   228  dmul.o(.text)
    __aeabi_ddiv                             0x0800060d   Thumb Code   222  ddiv.o(.text)
    __aeabi_i2f                              0x080006eb   Thumb Code    18  fflti.o(.text)
    __aeabi_ui2f                             0x080006fd   Thumb Code    10  ffltui.o(.text)
    __aeabi_ui2d                             0x08000707   Thumb Code    26  dfltui.o(.text)
    __aeabi_f2iz                             0x08000721   Thumb Code    50  ffixi.o(.text)
    __aeabi_f2uiz                            0x08000753   Thumb Code    40  ffixui.o(.text)
    __aeabi_f2d                              0x0800077b   Thumb Code    38  f2d.o(.text)
    __aeabi_cdcmpeq                          0x080007a1   Thumb Code     0  cdcmple.o(.text)
    __aeabi_cdcmple                          0x080007a1   Thumb Code    48  cdcmple.o(.text)
    __aeabi_d2f                              0x080007d1   Thumb Code    56  d2f.o(.text)
    __aeabi_uidiv                            0x08000809   Thumb Code     0  uidiv.o(.text)
    __aeabi_uidivmod                         0x08000809   Thumb Code    44  uidiv.o(.text)
    __aeabi_llsl                             0x08000835   Thumb Code    30  llshl.o(.text)
    _ll_shift_l                              0x08000835   Thumb Code     0  llshl.o(.text)
    __aeabi_lasr                             0x08000853   Thumb Code    36  llsshr.o(.text)
    _ll_sshift_r                             0x08000853   Thumb Code     0  llsshr.o(.text)
    __I$use$fp                               0x08000877   Thumb Code     0  iusefp.o(.text)
    _float_round                             0x08000877   Thumb Code    18  fepilogue.o(.text)
    _float_epilogue                          0x08000889   Thumb Code    92  fepilogue.o(.text)
    _double_round                            0x080008e5   Thumb Code    30  depilogue.o(.text)
    _double_epilogue                         0x08000903   Thumb Code   156  depilogue.o(.text)
    __ARM_scalbn                             0x0800099f   Thumb Code    46  dscalb.o(.text)
    scalbn                                   0x0800099f   Thumb Code     0  dscalb.o(.text)
    __aeabi_i2d                              0x080009cd   Thumb Code    34  dflti.o(.text)
    __scatterload                            0x080009f1   Thumb Code    28  init.o(.text)
    __scatterload_rt2                        0x080009f1   Thumb Code     0  init.o(.text)
    ADC_ConversionStop_Disable               0x08000a15   Thumb Code    86  stm32f1xx_hal_adc.o(i.ADC_ConversionStop_Disable)
    ADC_Enable                               0x08000a6d   Thumb Code   114  stm32f1xx_hal_adc.o(i.ADC_Enable)
    Adc_Alg_Handle                           0x08000ae9   Thumb Code    50  au_adc.o(i.Adc_Alg_Handle)
    Au_Temp_Cal                              0x08000b1d   Thumb Code    72  au_adc.o(i.Au_Temp_Cal)
    Ble_Report                               0x08000b7d   Thumb Code    54  au_ble.o(i.Ble_Report)
    Ble_Status_Data_Clean                    0x08000bbd   Thumb Code    52  au_ble.o(i.Ble_Status_Data_Clean)
    Btn_Double_Callback                      0x08000c19   Thumb Code    24  au_task.o(i.Btn_Double_Callback)
    Btn_Down_Callback                        0x08000c55   Thumb Code    28  au_task.o(i.Btn_Down_Callback)
    Btn_Long_Callback                        0x08000c95   Thumb Code    86  au_task.o(i.Btn_Long_Callback)
    Btn_Long_Free_Callback                   0x08000d31   Thumb Code    34  au_task.o(i.Btn_Long_Free_Callback)
    BusFault_Handler                         0x08000d91   Thumb Code     2  stm32f1xx_it.o(i.BusFault_Handler)
    Button_Attach                            0x08000d95   Thumb Code    32  au_button.o(i.Button_Attach)
    Button_Create                            0x08000db5   Thumb Code   124  au_button.o(i.Button_Create)
    Button_Handle                            0x08000e71   Thumb Code    22  au_button.o(i.Button_Handle)
    Button_Single_Handle                     0x08000e8d   Thumb Code   274  au_button.o(i.Button_Single_Handle)
    Clean_Blepack_Count                      0x08000fa1   Thumb Code     8  au_ble.o(i.Clean_Blepack_Count)
    Clean_PrintBuffer                        0x08000fad   Thumb Code    12  au_queue.o(i.Clean_PrintBuffer)
    Clean_State_Timeout                      0x08000fbd   Thumb Code     8  au_timer.o(i.Clean_State_Timeout)
    Clear_AddTime                            0x08000fc9   Thumb Code    18  au_printer.o(i.Clear_AddTime)
    Close_Printer_Timeout_Timer              0x08000fe1   Thumb Code     8  au_timer.o(i.Close_Printer_Timeout_Timer)
    DebugMon_Handler                         0x08000fed   Thumb Code     2  stm32f1xx_it.o(i.DebugMon_Handler)
    Error_Handler                            0x08001075   Thumb Code     4  main.o(i.Error_Handler)
    Get_Adc_Temperatrue                      0x08001079   Thumb Code    76  au_adc.o(i.Get_Adc_Temperatrue)
    Get_Adc_Volts                            0x080010d5   Thumb Code   108  au_adc.o(i.Get_Adc_Volts)
    Get_Ble_Connect                          0x08001149   Thumb Code     6  au_ble.o(i.Get_Ble_Connect)
    Get_Device_State                         0x08001155   Thumb Code     4  au_device.o(i.Get_Device_State)
    Get_Printer_Timeout_Status               0x0800115d   Thumb Code     6  au_timer.o(i.Get_Printer_Timeout_Status)
    Get_State_Timeout                        0x08001169   Thumb Code     6  au_timer.o(i.Get_State_Timeout)
    Get_ble_rx_leftline                      0x08001175   Thumb Code     8  au_queue.o(i.Get_ble_rx_leftline)
    HAL_ADC_ConfigChannel                    0x08001181   Thumb Code   240  stm32f1xx_hal_adc.o(i.HAL_ADC_ConfigChannel)
    HAL_ADC_GetValue                         0x0800127d   Thumb Code     6  stm32f1xx_hal_adc.o(i.HAL_ADC_GetValue)
    HAL_ADC_Init                             0x08001285   Thumb Code   272  stm32f1xx_hal_adc.o(i.HAL_ADC_Init)
    HAL_ADC_MspInit                          0x080013a1   Thumb Code    74  adc.o(i.HAL_ADC_MspInit)
    HAL_ADC_PollForConversion                0x080013f9   Thumb Code   304  stm32f1xx_hal_adc.o(i.HAL_ADC_PollForConversion)
    HAL_ADC_Start                            0x08001535   Thumb Code   184  stm32f1xx_hal_adc.o(i.HAL_ADC_Start)
    HAL_ADC_Stop                             0x080015f5   Thumb Code    52  stm32f1xx_hal_adc.o(i.HAL_ADC_Stop)
    HAL_GPIO_Init                            0x08001629   Thumb Code   446  stm32f1xx_hal_gpio.o(i.HAL_GPIO_Init)
    HAL_GPIO_ReadPin                         0x08001809   Thumb Code    10  stm32f1xx_hal_gpio.o(i.HAL_GPIO_ReadPin)
    HAL_GPIO_WritePin                        0x08001813   Thumb Code    10  stm32f1xx_hal_gpio.o(i.HAL_GPIO_WritePin)
    HAL_GetTick                              0x0800181d   Thumb Code     6  stm32f1xx_hal.o(i.HAL_GetTick)
    HAL_IncTick                              0x08001829   Thumb Code    12  stm32f1xx_hal.o(i.HAL_IncTick)
    HAL_Init                                 0x08001839   Thumb Code    32  stm32f1xx_hal.o(i.HAL_Init)
    HAL_InitTick                             0x0800185d   Thumb Code   132  stm32f1xx_hal_timebase_tim.o(i.HAL_InitTick)
    HAL_MspInit                              0x080018f5   Thumb Code    62  stm32f1xx_hal_msp.o(i.HAL_MspInit)
    HAL_NVIC_EnableIRQ                       0x0800193d   Thumb Code    26  stm32f1xx_hal_cortex.o(i.HAL_NVIC_EnableIRQ)
    HAL_NVIC_SetPriority                     0x08001959   Thumb Code    60  stm32f1xx_hal_cortex.o(i.HAL_NVIC_SetPriority)
    HAL_NVIC_SetPriorityGrouping             0x08001999   Thumb Code    26  stm32f1xx_hal_cortex.o(i.HAL_NVIC_SetPriorityGrouping)
    HAL_RCCEx_GetPeriphCLKFreq               0x080019bd   Thumb Code   148  stm32f1xx_hal_rcc_ex.o(i.HAL_RCCEx_GetPeriphCLKFreq)
    HAL_RCCEx_PeriphCLKConfig                0x08001a61   Thumb Code   224  stm32f1xx_hal_rcc_ex.o(i.HAL_RCCEx_PeriphCLKConfig)
    HAL_RCC_ClockConfig                      0x08001b4d   Thumb Code   280  stm32f1xx_hal_rcc.o(i.HAL_RCC_ClockConfig)
    HAL_RCC_GetClockConfig                   0x08001c79   Thumb Code    54  stm32f1xx_hal_rcc.o(i.HAL_RCC_GetClockConfig)
    HAL_RCC_GetPCLK1Freq                     0x08001cb9   Thumb Code    20  stm32f1xx_hal_rcc.o(i.HAL_RCC_GetPCLK1Freq)
    HAL_RCC_GetPCLK2Freq                     0x08001cd9   Thumb Code    20  stm32f1xx_hal_rcc.o(i.HAL_RCC_GetPCLK2Freq)
    HAL_RCC_GetSysClockFreq                  0x08001cf9   Thumb Code    58  stm32f1xx_hal_rcc.o(i.HAL_RCC_GetSysClockFreq)
    HAL_RCC_OscConfig                        0x08001d45   Thumb Code   778  stm32f1xx_hal_rcc.o(i.HAL_RCC_OscConfig)
    HAL_SPI_Init                             0x08002065   Thumb Code   178  stm32f1xx_hal_spi.o(i.HAL_SPI_Init)
    HAL_SPI_MspInit                          0x08002119   Thumb Code    80  spi.o(i.HAL_SPI_MspInit)
    HAL_SPI_Transmit                         0x08002175   Thumb Code   366  stm32f1xx_hal_spi.o(i.HAL_SPI_Transmit)
    HAL_TIMEx_BreakCallback                  0x080022e3   Thumb Code     2  stm32f1xx_hal_tim_ex.o(i.HAL_TIMEx_BreakCallback)
    HAL_TIMEx_CommutCallback                 0x080022e5   Thumb Code     2  stm32f1xx_hal_tim_ex.o(i.HAL_TIMEx_CommutCallback)
    HAL_TIMEx_MasterConfigSynchronization    0x080022e9   Thumb Code    92  stm32f1xx_hal_tim_ex.o(i.HAL_TIMEx_MasterConfigSynchronization)
    HAL_TIM_Base_Init                        0x08002351   Thumb Code    90  stm32f1xx_hal_tim.o(i.HAL_TIM_Base_Init)
    HAL_TIM_Base_MspInit                     0x080023ad   Thumb Code    30  tim.o(i.HAL_TIM_Base_MspInit)
    HAL_TIM_Base_Start_IT                    0x080023d5   Thumb Code    76  stm32f1xx_hal_tim.o(i.HAL_TIM_Base_Start_IT)
    HAL_TIM_ConfigClockSource                0x0800242d   Thumb Code   220  stm32f1xx_hal_tim.o(i.HAL_TIM_ConfigClockSource)
    HAL_TIM_IC_CaptureCallback               0x08002509   Thumb Code     2  stm32f1xx_hal_tim.o(i.HAL_TIM_IC_CaptureCallback)
    HAL_TIM_IRQHandler                       0x0800250b   Thumb Code   358  stm32f1xx_hal_tim.o(i.HAL_TIM_IRQHandler)
    HAL_TIM_OC_DelayElapsedCallback          0x08002671   Thumb Code     2  stm32f1xx_hal_tim.o(i.HAL_TIM_OC_DelayElapsedCallback)
    HAL_TIM_PWM_PulseFinishedCallback        0x08002673   Thumb Code     2  stm32f1xx_hal_tim.o(i.HAL_TIM_PWM_PulseFinishedCallback)
    HAL_TIM_PeriodElapsedCallback            0x08002675   Thumb Code    14  main.o(i.HAL_TIM_PeriodElapsedCallback)
    HAL_TIM_TriggerCallback                  0x08002689   Thumb Code     2  stm32f1xx_hal_tim.o(i.HAL_TIM_TriggerCallback)
    HAL_UART_Init                            0x0800268b   Thumb Code   100  stm32f1xx_hal_uart.o(i.HAL_UART_Init)
    HAL_UART_MspInit                         0x080026f1   Thumb Code   156  usart.o(i.HAL_UART_MspInit)
    HAL_UART_Receive_IT                      0x0800279d   Thumb Code    28  stm32f1xx_hal_uart.o(i.HAL_UART_Receive_IT)
    HAL_UART_Transmit                        0x080027b9   Thumb Code   154  stm32f1xx_hal_uart.o(i.HAL_UART_Transmit)
    HardFault_Handler                        0x08002853   Thumb Code     2  stm32f1xx_it.o(i.HardFault_Handler)
    Init_Adc                                 0x08002855   Thumb Code    22  au_adc.o(i.Init_Adc)
    Init_Ble                                 0x08002871   Thumb Code   472  au_ble.o(i.Init_Ble)
    Init_Button                              0x08002b7d   Thumb Code    58  au_task.o(i.Init_Button)
    Init_Device_State                        0x08002bd9   Thumb Code    22  au_device.o(i.Init_Device_State)
    Init_Hal                                 0x08002bf5   Thumb Code     8  au_hal.o(i.Init_Hal)
    Init_Motor                               0x08002bfd   Thumb Code    38  au_motor.o(i.Init_Motor)
    Init_Printer                             0x08002c23   Thumb Code    26  au_printer.o(i.Init_Printer)
    Init_Queue                               0x08002c5d   Thumb Code    18  au_queue.o(i.Init_Queue)
    Init_Spi                                 0x08002c75   Thumb Code     2  au_spi.o(i.Init_Spi)
    Init_Task                                0x08002c79   Thumb Code   104  au_task.o(i.Init_Task)
    Init_Timer                               0x08002d2d   Thumb Code    36  au_timer.o(i.Init_Timer)
    MX_ADC1_Init                             0x08002d59   Thumb Code    94  adc.o(i.MX_ADC1_Init)
    MX_FREERTOS_Init                         0x08002dc1   Thumb Code    30  freertos.o(i.MX_FREERTOS_Init)
    MX_GPIO_Init                             0x08002de9   Thumb Code   222  gpio.o(i.MX_GPIO_Init)
    MX_SPI1_Init                             0x08002ed9   Thumb Code    66  spi.o(i.MX_SPI1_Init)
    MX_TIM1_Init                             0x08002f25   Thumb Code    96  tim.o(i.MX_TIM1_Init)
    MX_USART1_UART_Init                      0x08002f8d   Thumb Code    48  usart.o(i.MX_USART1_UART_Init)
    MX_USART2_UART_Init                      0x08002fc5   Thumb Code    48  usart.o(i.MX_USART2_UART_Init)
    MemManage_Handler                        0x08002ffd   Thumb Code     2  stm32f1xx_it.o(i.MemManage_Handler)
    Motor_Run                                0x08003001   Thumb Code    80  au_motor.o(i.Motor_Run)
    Motor_Run_Steps                          0x08003055   Thumb Code   154  au_motor.o(i.Motor_Run_Steps)
    Motor_Start                              0x080030f9   Thumb Code    40  au_motor.o(i.Motor_Start)
    Motor_Stop                               0x08003129   Thumb Code    52  au_motor.o(i.Motor_Stop)
    Move_And_Start_STB                       0x08003199   Thumb Code   104  au_printer.o(i.Move_And_Start_STB)
    NMI_Handler                              0x08003201   Thumb Code     2  stm32f1xx_it.o(i.NMI_Handler)
    Open_Printer_Timeout_Timer               0x08003205   Thumb Code    40  au_timer.o(i.Open_Printer_Timeout_Timer)
    Printer_Timer_Callback                   0x08003235   Thumb Code     8  au_timer.o(i.Printer_Timer_Callback)
    Printing_Error_Check                     0x08003241   Thumb Code    56  au_printer.o(i.Printing_Error_Check)
    Read_All_Hal                             0x08003279   Thumb Code    18  au_hal.o(i.Read_All_Hal)
    Read_Battery                             0x0800328d   Thumb Code    68  au_hal.o(i.Read_Battery)
    Read_Button_Level                        0x080032d9   Thumb Code     8  au_task.o(i.Read_Button_Level)
    Read_Motor_Timer_Callback                0x080032e5   Thumb Code    80  au_motor.o(i.Read_Motor_Timer_Callback)
    Read_Paper_Irq_Need_Report_Status        0x08003339   Thumb Code    18  au_hal.o(i.Read_Paper_Irq_Need_Report_Status)
    Read_Paper_Statue                        0x08003351   Thumb Code    32  au_hal.o(i.Read_Paper_Statue)
    Read_Temperature                         0x08003375   Thumb Code    36  au_hal.o(i.Read_Temperature)
    Read_To_PrintBuffer                      0x0800339d   Thumb Code    92  au_queue.o(i.Read_To_PrintBuffer)
    Run_Led                                  0x08003405   Thumb Code   396  au_hal.o(i.Run_Led)
    Run_Printer                              0x08003595   Thumb Code    74  au_task.o(i.Run_Printer)
    Run_Report                               0x0800360d   Thumb Code    80  au_task.o(i.Run_Report)
    Search_Button                            0x08003b71   Thumb Code    36  au_button.o(i.Search_Button)
    Spi_Command                              0x08003cb1   Thumb Code    12  au_spi.o(i.Spi_Command)
    StartDefaultTask                         0x08003cc1   Thumb Code     8  freertos.o(i.StartDefaultTask)
    Start_Printing_By_OneSTB                 0x08003cc9   Thumb Code    76  au_printer.o(i.Start_Printing_By_OneSTB)
    Start_Printing_By_QueueBuffer            0x08003d15   Thumb Code    76  au_printer.o(i.Start_Printing_By_QueueBuffer)
    State_Timer_Callback                     0x08003d61   Thumb Code     8  au_timer.o(i.State_Timer_Callback)
    SysTick_Handler                          0x08003ddd   Thumb Code    38  port.o(i.SysTick_Handler)
    SystemClock_Config                       0x08003e09   Thumb Code   120  main.o(i.SystemClock_Config)
    SystemInit                               0x08003e81   Thumb Code     2  system_stm32f1xx.o(i.SystemInit)
    TIM4_IRQHandler                          0x08003e85   Thumb Code     6  stm32f1xx_it.o(i.TIM4_IRQHandler)
    TIM_Base_SetConfig                       0x08003e91   Thumb Code    94  stm32f1xx_hal_tim.o(i.TIM_Base_SetConfig)
    TIM_ETR_SetConfig                        0x08003efd   Thumb Code    20  stm32f1xx_hal_tim.o(i.TIM_ETR_SetConfig)
    Task_Button                              0x08003f69   Thumb Code    50  au_task.o(i.Task_Button)
    Task_Printer                             0x08003fd5   Thumb Code    84  au_task.o(i.Task_Printer)
    Task_Report                              0x08004065   Thumb Code    50  au_task.o(i.Task_Report)
    TestSTB                                  0x080040d1   Thumb Code   106  au_printer.o(i.TestSTB)
    UART_Start_Receive_IT                    0x080041f5   Thumb Code    54  stm32f1xx_hal_uart.o(i.UART_Start_Receive_IT)
    UsageFault_Handler                       0x080042a3   Thumb Code     2  stm32f1xx_it.o(i.UsageFault_Handler)
    __0printf$3                              0x080042a5   Thumb Code    22  printf3.o(i.__0printf$3)
    __1printf$3                              0x080042a5   Thumb Code     0  printf3.o(i.__0printf$3)
    __2printf                                0x080042a5   Thumb Code     0  printf3.o(i.__0printf$3)
    __kernel_poly                            0x080042e5   Thumb Code   170  poly.o(i.__kernel_poly)
    __mathlib_dbl_divzero                    0x08004391   Thumb Code    12  dunder.o(i.__mathlib_dbl_divzero)
    __mathlib_dbl_infnan                     0x080043a1   Thumb Code     6  dunder.o(i.__mathlib_dbl_infnan)
    __mathlib_dbl_invalid                    0x080043a7   Thumb Code    12  dunder.o(i.__mathlib_dbl_invalid)
    __scatterload_copy                       0x080043b3   Thumb Code    14  handlers.o(i.__scatterload_copy)
    __scatterload_null                       0x080043c1   Thumb Code     2  handlers.o(i.__scatterload_null)
    __scatterload_zeroinit                   0x080043c3   Thumb Code    14  handlers.o(i.__scatterload_zeroinit)
    __set_errno                              0x080043d1   Thumb Code     6  errno.o(i.__set_errno)
    fputc                                    0x08004595   Thumb Code    20  main.o(i.fputc)
    log                                      0x080045b9   Thumb Code   808  log.o(i.log)
    main                                     0x08004915   Thumb Code    62  main.o(i.main)
    osDelay                                  0x08004985   Thumb Code    14  cmsis_os.o(i.osDelay)
    osKernelStart                            0x08004993   Thumb Code    10  cmsis_os.o(i.osKernelStart)
    osThreadCreate                           0x0800499d   Thumb Code    84  cmsis_os.o(i.osThreadCreate)
    osTimerCreate                            0x080049f1   Thumb Code    60  cmsis_os.o(i.osTimerCreate)
    osTimerDelete                            0x08004a31   Thumb Code    44  cmsis_os.o(i.osTimerDelete)
    osTimerStart                             0x08004a5d   Thumb Code    88  cmsis_os.o(i.osTimerStart)
    osTimerStop                              0x08004ab9   Thumb Code    82  cmsis_os.o(i.osTimerStop)
    pvPortMalloc                             0x08005299   Thumb Code   210  heap_4.o(i.pvPortMalloc)
    pvTaskIncrementMutexHeldCount            0x08005371   Thumb Code    18  tasks.o(i.pvTaskIncrementMutexHeldCount)
    pxPortInitialiseStack                    0x08005389   Thumb Code    32  port.o(i.pxPortInitialiseStack)
    uxListRemove                             0x080053ad   Thumb Code    38  list.o(i.uxListRemove)
    vApplicationGetIdleTaskMemory            0x080053d5   Thumb Code    16  freertos.o(i.vApplicationGetIdleTaskMemory)
    vApplicationGetTimerTaskMemory           0x080053e9   Thumb Code    18  freertos.o(i.vApplicationGetTimerTaskMemory)
    vListInitialise                          0x08005401   Thumb Code    22  list.o(i.vListInitialise)
    vListInitialiseItem                      0x08005417   Thumb Code     6  list.o(i.vListInitialiseItem)
    vListInsert                              0x0800541d   Thumb Code    48  list.o(i.vListInsert)
    vListInsertEnd                           0x0800544d   Thumb Code    24  list.o(i.vListInsertEnd)
    vPortEnterCritical                       0x08005465   Thumb Code    54  port.o(i.vPortEnterCritical)
    vPortExitCritical                        0x080054a5   Thumb Code    34  port.o(i.vPortExitCritical)
    vPortFree                                0x080054cd   Thumb Code    88  heap_4.o(i.vPortFree)
    vPortSetupTimerInterrupt                 0x08005529   Thumb Code    32  port.o(i.vPortSetupTimerInterrupt)
    vPortValidateInterruptPriority           0x0800554d   Thumb Code    74  port.o(i.vPortValidateInterruptPriority)
    vQueueAddToRegistry                      0x080055a1   Thumb Code    34  queue.o(i.vQueueAddToRegistry)
    vQueueWaitForMessageRestricted           0x080055c9   Thumb Code    68  queue.o(i.vQueueWaitForMessageRestricted)
    vTaskDelay                               0x0800560d   Thumb Code    66  tasks.o(i.vTaskDelay)
    vTaskInternalSetTimeOutState             0x08005659   Thumb Code    12  tasks.o(i.vTaskInternalSetTimeOutState)
    vTaskMissedYield                         0x08005669   Thumb Code     8  tasks.o(i.vTaskMissedYield)
    vTaskPlaceOnEventList                    0x08005675   Thumb Code    44  tasks.o(i.vTaskPlaceOnEventList)
    vTaskPlaceOnEventListRestricted          0x080056a5   Thumb Code    52  tasks.o(i.vTaskPlaceOnEventListRestricted)
    vTaskPriorityDisinheritAfterTimeout      0x080056dd   Thumb Code   160  tasks.o(i.vTaskPriorityDisinheritAfterTimeout)
    vTaskStartScheduler                      0x08005785   Thumb Code   118  tasks.o(i.vTaskStartScheduler)
    vTaskSuspendAll                          0x0800580d   Thumb Code    10  tasks.o(i.vTaskSuspendAll)
    vTaskSwitchContext                       0x0800581d   Thumb Code    82  tasks.o(i.vTaskSwitchContext)
    xPortStartScheduler                      0x08005879   Thumb Code   154  port.o(i.xPortStartScheduler)
    xQueueCreateMutex                        0x08005921   Thumb Code    22  queue.o(i.xQueueCreateMutex)
    xQueueGenericCreate                      0x08005937   Thumb Code    72  queue.o(i.xQueueGenericCreate)
    xQueueGenericCreateStatic                0x0800597f   Thumb Code   102  queue.o(i.xQueueGenericCreateStatic)
    xQueueGenericReset                       0x080059e5   Thumb Code   132  queue.o(i.xQueueGenericReset)
    xQueueGenericSend                        0x08005a6d   Thumb Code   346  queue.o(i.xQueueGenericSend)
    xQueueGenericSendFromISR                 0x08005bcd   Thumb Code   188  queue.o(i.xQueueGenericSendFromISR)
    xQueueReceive                            0x08005c89   Thumb Code   308  queue.o(i.xQueueReceive)
    xQueueSemaphoreTake                      0x08005dc1   Thumb Code   372  queue.o(i.xQueueSemaphoreTake)
    xTaskCheckForTimeOut                     0x08005f39   Thumb Code   112  tasks.o(i.xTaskCheckForTimeOut)
    xTaskCreate                              0x08005fad   Thumb Code    90  tasks.o(i.xTaskCreate)
    xTaskCreateStatic                        0x08006007   Thumb Code    86  tasks.o(i.xTaskCreateStatic)
    xTaskGetSchedulerState                   0x0800605d   Thumb Code    22  tasks.o(i.xTaskGetSchedulerState)
    xTaskGetTickCount                        0x08006079   Thumb Code     6  tasks.o(i.xTaskGetTickCount)
    xTaskIncrementTick                       0x08006085   Thumb Code   192  tasks.o(i.xTaskIncrementTick)
    xTaskPriorityDisinherit                  0x0800614d   Thumb Code   144  tasks.o(i.xTaskPriorityDisinherit)
    xTaskPriorityInherit                     0x080061e5   Thumb Code   138  tasks.o(i.xTaskPriorityInherit)
    xTaskRemoveFromEventList                 0x08006279   Thumb Code   108  tasks.o(i.xTaskRemoveFromEventList)
    xTaskResumeAll                           0x080062ed   Thumb Code   182  tasks.o(i.xTaskResumeAll)
    xTimerCreate                             0x080063b1   Thumb Code    52  timers.o(i.xTimerCreate)
    xTimerCreateStatic                       0x080063e5   Thumb Code    46  timers.o(i.xTimerCreateStatic)
    xTimerCreateTimerTask                    0x08006415   Thumb Code    78  timers.o(i.xTimerCreateTimerTask)
    xTimerGenericCommand                     0x08006475   Thumb Code    92  timers.o(i.xTimerGenericCommand)
    AHBPrescTable                            0x08006514   Data          16  system_stm32f1xx.o(.constdata)
    APBPrescTable                            0x08006524   Data           8  system_stm32f1xx.o(.constdata)
    __mathlib_zero                           0x08006580   Data           8  qnan.o(.constdata)
    Region$$Table$$Base                      0x080066b8   Number         0  anon$$obj.o(Region$$Table)
    Region$$Table$$Limit                     0x080066d8   Number         0  anon$$obj.o(Region$$Table)
    defaultTaskHandle                        0x20000000   Data           4  freertos.o(.data)
    aRxBuffer                                0x20000004   Data           1  usart.o(.data)
    uwTickFreq                               0x20000008   Data           1  stm32f1xx_hal.o(.data)
    uwTickPrio                               0x2000000c   Data           4  stm32f1xx_hal.o(.data)
    uwTick                                   0x20000010   Data           4  stm32f1xx_hal.o(.data)
    SystemCoreClock                          0x20000014   Data           4  system_stm32f1xx.o(.data)
    pxCurrentTCB                             0x20000018   Data           4  tasks.o(.data)
    Motor_Pos                                0x2000008c   Data           1  au_motor.o(.data)
    Motor_Timer                              0x20000090   Data           4  au_motor.o(.data)
    Motor_Table                              0x20000094   Data          32  au_motor.o(.data)
    Heat_Density                             0x200000b4   Data           1  au_printer.o(.data)
    BleConnected                             0x200000b8   Data           1  au_ble.o(.data)
    g_ble_init_step                          0x200000b9   Data           1  au_ble.o(.data)
    Need_Reboot_Ble                          0x200000ba   Data           1  au_ble.o(.data)
    Need_Clean_Ble_Status                    0x200000bb   Data           1  au_ble.o(.data)
    PackCount                                0x200000bc   Data           4  au_ble.o(.data)
    Ble_In_At_Mode                           0x200000c0   Data           4  au_ble.o(.data)
    Ble_Set_Status                           0x200000c4   Data           4  au_ble.o(.data)
    Ble_Query_Status                         0x200000c8   Data           4  au_ble.o(.data)
    Ble_Query_Name                           0x200000cc   Data           4  au_ble.o(.data)
    Ble_Set_Name                             0x200000d0   Data           4  au_ble.o(.data)
    Ble_Out_At_Mode                          0x200000d4   Data           4  au_ble.o(.data)
    Cmd_Index                                0x200000d8   Data           4  au_ble.o(.data)
    Retry_Count                              0x200000dc   Data           4  au_ble.o(.data)
    Need_Report                              0x200000e0   Data           1  au_hal.o(.data)
    Adc_Value                                0x200000e8   Data           8  au_adc.o(.data)
    State_Timeout                            0x200000f0   Data           1  au_timer.o(.data)
    Printer_Timeout                          0x200000f1   Data           1  au_timer.o(.data)
    myStateTimerHandle                       0x200000f4   Data           4  au_timer.o(.data)
    Printer_TimeoutHandle                    0x200000f8   Data           4  au_timer.o(.data)
    PrinterTest                              0x20000100   Data           1  au_task.o(.data)
    Is_Long_Click_Start                      0x20000101   Data           1  au_task.o(.data)
    g_device_state                           0x20000102   Data           5  au_device.o(.data)
    xHandler                                 0x20000108   Data           4  au_queue.o(.data)
    __stdout                                 0x20000110   Data           4  stdout.o(.data)
    hadc1                                    0x200007c0   Data          48  adc.o(.bss)
    hspi1                                    0x200007f0   Data          88  spi.o(.bss)
    htim1                                    0x20000848   Data          72  tim.o(.bss)
    huart1                                   0x20000890   Data          72  usart.o(.bss)
    huart2                                   0x200008d8   Data          72  usart.o(.bss)
    htim4                                    0x20000920   Data          72  stm32f1xx_hal_timebase_tim.o(.bss)
    xQueueRegistry                           0x20000968   Data          64  queue.o(.bss)
    addTime                                  0x20001780   Data          24  au_printer.o(.bss)
    Cmd_Buffer                               0x20001798   Data         100  au_ble.o(.bss)
    Button                                   0x200017fc   Data          76  au_task.o(.bss)
    g_ble_rx                                 0x20001848   Data       13212  au_queue.o(.bss)
    __initial_sp                             0x20004fe8   Data           0  startup_stm32f103xb.o(STACK)



==============================================================================

Memory Map of the image

  Image Entry point : 0x080000ed

  Load Region LR_IROM1 (Base: 0x08000000, Size: 0x000067f0, Max: 0x00020000, ABSOLUTE)

    Execution Region ER_IROM1 (Exec base: 0x08000000, Load base: 0x08000000, Size: 0x000066d8, Max: 0x00020000, ABSOLUTE)

    Exec Addr    Load Addr    Size         Type   Attr      Idx    E Section Name        Object

    0x08000000   0x08000000   0x000000ec   Data   RO            3    RESET               startup_stm32f103xb.o
    0x080000ec   0x080000ec   0x00000000   Code   RO         5818  * .ARM.Collect$$$$00000000  mc_w.l(entry.o)
    0x080000ec   0x080000ec   0x00000004   Code   RO         6143    .ARM.Collect$$$$00000001  mc_w.l(entry2.o)
    0x080000f0   0x080000f0   0x00000004   Code   RO         6146    .ARM.Collect$$$$00000004  mc_w.l(entry5.o)
    0x080000f4   0x080000f4   0x00000000   Code   RO         6148    .ARM.Collect$$$$00000008  mc_w.l(entry7b.o)
    0x080000f4   0x080000f4   0x00000000   Code   RO         6150    .ARM.Collect$$$$0000000A  mc_w.l(entry8b.o)
    0x080000f4   0x080000f4   0x00000008   Code   RO         6151    .ARM.Collect$$$$0000000B  mc_w.l(entry9a.o)
    0x080000fc   0x080000fc   0x00000000   Code   RO         6153    .ARM.Collect$$$$0000000D  mc_w.l(entry10a.o)
    0x080000fc   0x080000fc   0x00000000   Code   RO         6155    .ARM.Collect$$$$0000000F  mc_w.l(entry11a.o)
    0x080000fc   0x080000fc   0x00000004   Code   RO         6144    .ARM.Collect$$$$00002712  mc_w.l(entry2.o)
    0x08000100   0x08000100   0x00000096   Code   RO         4934    .emb_text           port.o
    0x08000196   0x08000196   0x00000002   PAD
    0x08000198   0x08000198   0x00000024   Code   RO            4    .text               startup_stm32f103xb.o
    0x080001bc   0x080001bc   0x00000020   Code   RO         5821    .text               mc_w.l(llushr.o)
    0x080001dc   0x080001dc   0x00000024   Code   RO         5823    .text               mc_w.l(memcpya.o)
    0x08000200   0x08000200   0x00000024   Code   RO         5827    .text               mc_w.l(memseta.o)
    0x08000224   0x08000224   0x0000000e   Code   RO         5831    .text               mc_w.l(strlen.o)
    0x08000232   0x08000232   0x000000b0   Code   RO         6096    .text               mf_w.l(fadd.o)
    0x080002e2   0x080002e2   0x00000064   Code   RO         6098    .text               mf_w.l(fmul.o)
    0x08000346   0x08000346   0x0000007c   Code   RO         6100    .text               mf_w.l(fdiv.o)
    0x080003c2   0x080003c2   0x00000018   Code   RO         6102    .text               mf_w.l(fscalb.o)
    0x080003da   0x080003da   0x0000014e   Code   RO         6104    .text               mf_w.l(dadd.o)
    0x08000528   0x08000528   0x000000e4   Code   RO         6106    .text               mf_w.l(dmul.o)
    0x0800060c   0x0800060c   0x000000de   Code   RO         6108    .text               mf_w.l(ddiv.o)
    0x080006ea   0x080006ea   0x00000012   Code   RO         6110    .text               mf_w.l(fflti.o)
    0x080006fc   0x080006fc   0x0000000a   Code   RO         6112    .text               mf_w.l(ffltui.o)
    0x08000706   0x08000706   0x0000001a   Code   RO         6114    .text               mf_w.l(dfltui.o)
    0x08000720   0x08000720   0x00000032   Code   RO         6116    .text               mf_w.l(ffixi.o)
    0x08000752   0x08000752   0x00000028   Code   RO         6118    .text               mf_w.l(ffixui.o)
    0x0800077a   0x0800077a   0x00000026   Code   RO         6120    .text               mf_w.l(f2d.o)
    0x080007a0   0x080007a0   0x00000030   Code   RO         6122    .text               mf_w.l(cdcmple.o)
    0x080007d0   0x080007d0   0x00000038   Code   RO         6124    .text               mf_w.l(d2f.o)
    0x08000808   0x08000808   0x0000002c   Code   RO         6158    .text               mc_w.l(uidiv.o)
    0x08000834   0x08000834   0x0000001e   Code   RO         6162    .text               mc_w.l(llshl.o)
    0x08000852   0x08000852   0x00000024   Code   RO         6164    .text               mc_w.l(llsshr.o)
    0x08000876   0x08000876   0x00000000   Code   RO         6173    .text               mc_w.l(iusefp.o)
    0x08000876   0x08000876   0x0000006e   Code   RO         6174    .text               mf_w.l(fepilogue.o)
    0x080008e4   0x080008e4   0x000000ba   Code   RO         6176    .text               mf_w.l(depilogue.o)
    0x0800099e   0x0800099e   0x0000002e   Code   RO         6178    .text               mf_w.l(dscalb.o)
    0x080009cc   0x080009cc   0x00000022   Code   RO         6180    .text               mf_w.l(dflti.o)
    0x080009ee   0x080009ee   0x00000002   PAD
    0x080009f0   0x080009f0   0x00000024   Code   RO         6186    .text               mc_w.l(init.o)
    0x08000a14   0x08000a14   0x00000056   Code   RO          677    i.ADC_ConversionStop_Disable  stm32f1xx_hal_adc.o
    0x08000a6a   0x08000a6a   0x00000002   PAD
    0x08000a6c   0x08000a6c   0x0000007c   Code   RO          681    i.ADC_Enable        stm32f1xx_hal_adc.o
    0x08000ae8   0x08000ae8   0x00000032   Code   RO         5386    i.Adc_Alg_Handle    au_adc.o
    0x08000b1a   0x08000b1a   0x00000002   PAD
    0x08000b1c   0x08000b1c   0x00000060   Code   RO         5388    i.Au_Temp_Cal       au_adc.o
    0x08000b7c   0x08000b7c   0x00000040   Code   RO         5237    i.Ble_Report        au_ble.o
    0x08000bbc   0x08000bbc   0x0000005c   Code   RO         5238    i.Ble_Status_Data_Clean  au_ble.o
    0x08000c18   0x08000c18   0x0000003c   Code   RO         5608    i.Btn_Double_Callback  au_task.o
    0x08000c54   0x08000c54   0x00000040   Code   RO         5609    i.Btn_Down_Callback  au_task.o
    0x08000c94   0x08000c94   0x0000009c   Code   RO         5610    i.Btn_Long_Callback  au_task.o
    0x08000d30   0x08000d30   0x00000060   Code   RO         5611    i.Btn_Long_Free_Callback  au_task.o
    0x08000d90   0x08000d90   0x00000002   Code   RO          514    i.BusFault_Handler  stm32f1xx_it.o
    0x08000d92   0x08000d92   0x00000002   PAD
    0x08000d94   0x08000d94   0x00000020   Code   RO         5534    i.Button_Attach     au_button.o
    0x08000db4   0x08000db4   0x000000bc   Code   RO         5535    i.Button_Create     au_button.o
    0x08000e70   0x08000e70   0x0000001c   Code   RO         5537    i.Button_Handle     au_button.o
    0x08000e8c   0x08000e8c   0x00000112   Code   RO         5538    i.Button_Single_Handle  au_button.o
    0x08000f9e   0x08000f9e   0x00000002   PAD
    0x08000fa0   0x08000fa0   0x0000000c   Code   RO         5239    i.Clean_Blepack_Count  au_ble.o
    0x08000fac   0x08000fac   0x00000010   Code   RO         5756    i.Clean_PrintBuffer  au_queue.o
    0x08000fbc   0x08000fbc   0x0000000c   Code   RO         5467    i.Clean_State_Timeout  au_timer.o
    0x08000fc8   0x08000fc8   0x00000018   Code   RO         5120    i.Clear_AddTime     au_printer.o
    0x08000fe0   0x08000fe0   0x0000000c   Code   RO         5468    i.Close_Printer_Timeout_Timer  au_timer.o
    0x08000fec   0x08000fec   0x00000002   Code   RO          515    i.DebugMon_Handler  stm32f1xx_it.o
    0x08000fee   0x08000fee   0x00000002   PAD
    0x08000ff0   0x08000ff0   0x00000060   Code   RO         5121    i.Digital_Write     au_printer.o
    0x08001050   0x08001050   0x00000014   Code   RO         5303    i.Digital_Write     au_hal.o
    0x08001064   0x08001064   0x00000010   Code   RO         5122    i.Digital_Write_Vhen  au_printer.o
    0x08001074   0x08001074   0x00000004   Code   RO           13    i.Error_Handler     main.o
    0x08001078   0x08001078   0x0000005c   Code   RO         5389    i.Get_Adc_Temperatrue  au_adc.o
    0x080010d4   0x080010d4   0x00000074   Code   RO         5390    i.Get_Adc_Volts     au_adc.o
    0x08001148   0x08001148   0x0000000c   Code   RO         5240    i.Get_Ble_Connect   au_ble.o
    0x08001154   0x08001154   0x00000008   Code   RO         5705    i.Get_Device_State  au_device.o
    0x0800115c   0x0800115c   0x0000000c   Code   RO         5469    i.Get_Printer_Timeout_Status  au_timer.o
    0x08001168   0x08001168   0x0000000c   Code   RO         5470    i.Get_State_Timeout  au_timer.o
    0x08001174   0x08001174   0x0000000c   Code   RO         5757    i.Get_ble_rx_leftline  au_queue.o
    0x08001180   0x08001180   0x000000fc   Code   RO          683    i.HAL_ADC_ConfigChannel  stm32f1xx_hal_adc.o
    0x0800127c   0x0800127c   0x00000006   Code   RO          690    i.HAL_ADC_GetValue  stm32f1xx_hal_adc.o
    0x08001282   0x08001282   0x00000002   PAD
    0x08001284   0x08001284   0x0000011c   Code   RO          692    i.HAL_ADC_Init      stm32f1xx_hal_adc.o
    0x080013a0   0x080013a0   0x00000058   Code   RO          334    i.HAL_ADC_MspInit   adc.o
    0x080013f8   0x080013f8   0x0000013c   Code   RO          696    i.HAL_ADC_PollForConversion  stm32f1xx_hal_adc.o
    0x08001534   0x08001534   0x000000c0   Code   RO          698    i.HAL_ADC_Start     stm32f1xx_hal_adc.o
    0x080015f4   0x080015f4   0x00000034   Code   RO          701    i.HAL_ADC_Stop      stm32f1xx_hal_adc.o
    0x08001628   0x08001628   0x000001e0   Code   RO         1270    i.HAL_GPIO_Init     stm32f1xx_hal_gpio.o
    0x08001808   0x08001808   0x0000000a   Code   RO         1272    i.HAL_GPIO_ReadPin  stm32f1xx_hal_gpio.o
    0x08001812   0x08001812   0x0000000a   Code   RO         1274    i.HAL_GPIO_WritePin  stm32f1xx_hal_gpio.o
    0x0800181c   0x0800181c   0x0000000c   Code   RO          964    i.HAL_GetTick       stm32f1xx_hal.o
    0x08001828   0x08001828   0x00000010   Code   RO          970    i.HAL_IncTick       stm32f1xx_hal.o
    0x08001838   0x08001838   0x00000024   Code   RO          971    i.HAL_Init          stm32f1xx_hal.o
    0x0800185c   0x0800185c   0x00000098   Code   RO          602    i.HAL_InitTick      stm32f1xx_hal_timebase_tim.o
    0x080018f4   0x080018f4   0x00000048   Code   RO          578    i.HAL_MspInit       stm32f1xx_hal_msp.o
    0x0800193c   0x0800193c   0x0000001a   Code   RO         1430    i.HAL_NVIC_EnableIRQ  stm32f1xx_hal_cortex.o
    0x08001956   0x08001956   0x00000002   PAD
    0x08001958   0x08001958   0x00000040   Code   RO         1436    i.HAL_NVIC_SetPriority  stm32f1xx_hal_cortex.o
    0x08001998   0x08001998   0x00000024   Code   RO         1437    i.HAL_NVIC_SetPriorityGrouping  stm32f1xx_hal_cortex.o
    0x080019bc   0x080019bc   0x000000a4   Code   RO         1231    i.HAL_RCCEx_GetPeriphCLKFreq  stm32f1xx_hal_rcc_ex.o
    0x08001a60   0x08001a60   0x000000ec   Code   RO         1232    i.HAL_RCCEx_PeriphCLKConfig  stm32f1xx_hal_rcc_ex.o
    0x08001b4c   0x08001b4c   0x0000012c   Code   RO         1128    i.HAL_RCC_ClockConfig  stm32f1xx_hal_rcc.o
    0x08001c78   0x08001c78   0x00000040   Code   RO         1132    i.HAL_RCC_GetClockConfig  stm32f1xx_hal_rcc.o
    0x08001cb8   0x08001cb8   0x00000020   Code   RO         1135    i.HAL_RCC_GetPCLK1Freq  stm32f1xx_hal_rcc.o
    0x08001cd8   0x08001cd8   0x00000020   Code   RO         1136    i.HAL_RCC_GetPCLK2Freq  stm32f1xx_hal_rcc.o
    0x08001cf8   0x08001cf8   0x0000004c   Code   RO         1137    i.HAL_RCC_GetSysClockFreq  stm32f1xx_hal_rcc.o
    0x08001d44   0x08001d44   0x00000320   Code   RO         1140    i.HAL_RCC_OscConfig  stm32f1xx_hal_rcc.o
    0x08002064   0x08002064   0x000000b2   Code   RO         1941    i.HAL_SPI_Init      stm32f1xx_hal_spi.o
    0x08002116   0x08002116   0x00000002   PAD
    0x08002118   0x08002118   0x0000005c   Code   RO          376    i.HAL_SPI_MspInit   spi.o
    0x08002174   0x08002174   0x0000016e   Code   RO         1949    i.HAL_SPI_Transmit  stm32f1xx_hal_spi.o
    0x080022e2   0x080022e2   0x00000002   Code   RO         2958    i.HAL_TIMEx_BreakCallback  stm32f1xx_hal_tim_ex.o
    0x080022e4   0x080022e4   0x00000002   Code   RO         2959    i.HAL_TIMEx_CommutCallback  stm32f1xx_hal_tim_ex.o
    0x080022e6   0x080022e6   0x00000002   PAD
    0x080022e8   0x080022e8   0x00000068   Code   RO         2977    i.HAL_TIMEx_MasterConfigSynchronization  stm32f1xx_hal_tim_ex.o
    0x08002350   0x08002350   0x0000005a   Code   RO         2254    i.HAL_TIM_Base_Init  stm32f1xx_hal_tim.o
    0x080023aa   0x080023aa   0x00000002   PAD
    0x080023ac   0x080023ac   0x00000028   Code   RO          418    i.HAL_TIM_Base_MspInit  tim.o
    0x080023d4   0x080023d4   0x00000058   Code   RO         2259    i.HAL_TIM_Base_Start_IT  stm32f1xx_hal_tim.o
    0x0800242c   0x0800242c   0x000000dc   Code   RO         2263    i.HAL_TIM_ConfigClockSource  stm32f1xx_hal_tim.o
    0x08002508   0x08002508   0x00000002   Code   RO         2288    i.HAL_TIM_IC_CaptureCallback  stm32f1xx_hal_tim.o
    0x0800250a   0x0800250a   0x00000166   Code   RO         2302    i.HAL_TIM_IRQHandler  stm32f1xx_hal_tim.o
    0x08002670   0x08002670   0x00000002   Code   RO         2305    i.HAL_TIM_OC_DelayElapsedCallback  stm32f1xx_hal_tim.o
    0x08002672   0x08002672   0x00000002   Code   RO         2332    i.HAL_TIM_PWM_PulseFinishedCallback  stm32f1xx_hal_tim.o
    0x08002674   0x08002674   0x00000014   Code   RO           14    i.HAL_TIM_PeriodElapsedCallback  main.o
    0x08002688   0x08002688   0x00000002   Code   RO         2345    i.HAL_TIM_TriggerCallback  stm32f1xx_hal_tim.o
    0x0800268a   0x0800268a   0x00000064   Code   RO         3255    i.HAL_UART_Init     stm32f1xx_hal_uart.o
    0x080026ee   0x080026ee   0x00000002   PAD
    0x080026f0   0x080026f0   0x000000ac   Code   RO          460    i.HAL_UART_MspInit  usart.o
    0x0800279c   0x0800279c   0x0000001c   Code   RO         3260    i.HAL_UART_Receive_IT  stm32f1xx_hal_uart.o
    0x080027b8   0x080027b8   0x0000009a   Code   RO         3263    i.HAL_UART_Transmit  stm32f1xx_hal_uart.o
    0x08002852   0x08002852   0x00000002   Code   RO          516    i.HardFault_Handler  stm32f1xx_it.o
    0x08002854   0x08002854   0x0000001c   Code   RO         5391    i.Init_Adc          au_adc.o
    0x08002870   0x08002870   0x0000030c   Code   RO         5242    i.Init_Ble          au_ble.o
    0x08002b7c   0x08002b7c   0x0000005c   Code   RO         5612    i.Init_Button       au_task.o
    0x08002bd8   0x08002bd8   0x0000001c   Code   RO         5706    i.Init_Device_State  au_device.o
    0x08002bf4   0x08002bf4   0x00000008   Code   RO         5305    i.Init_Hal          au_hal.o
    0x08002bfc   0x08002bfc   0x00000026   Code   RO         5051    i.Init_Motor        au_motor.o
    0x08002c22   0x08002c22   0x0000001a   Code   RO         5123    i.Init_Printer      au_printer.o
    0x08002c3c   0x08002c3c   0x0000001e   Code   RO         5124    i.Init_Printing     au_printer.o
    0x08002c5a   0x08002c5a   0x00000002   PAD
    0x08002c5c   0x08002c5c   0x00000018   Code   RO         5758    i.Init_Queue        au_queue.o
    0x08002c74   0x08002c74   0x00000002   Code   RO         5014    i.Init_Spi          au_spi.o
    0x08002c76   0x08002c76   0x00000002   PAD
    0x08002c78   0x08002c78   0x000000b4   Code   RO         5613    i.Init_Task         au_task.o
    0x08002d2c   0x08002d2c   0x0000002c   Code   RO         5471    i.Init_Timer        au_timer.o
    0x08002d58   0x08002d58   0x00000068   Code   RO          335    i.MX_ADC1_Init      adc.o
    0x08002dc0   0x08002dc0   0x00000028   Code   RO          274    i.MX_FREERTOS_Init  freertos.o
    0x08002de8   0x08002de8   0x000000f0   Code   RO          250    i.MX_GPIO_Init      gpio.o
    0x08002ed8   0x08002ed8   0x0000004c   Code   RO          377    i.MX_SPI1_Init      spi.o
    0x08002f24   0x08002f24   0x00000068   Code   RO          419    i.MX_TIM1_Init      tim.o
    0x08002f8c   0x08002f8c   0x00000038   Code   RO          462    i.MX_USART1_UART_Init  usart.o
    0x08002fc4   0x08002fc4   0x00000038   Code   RO          463    i.MX_USART2_UART_Init  usart.o
    0x08002ffc   0x08002ffc   0x00000002   Code   RO          517    i.MemManage_Handler  stm32f1xx_it.o
    0x08002ffe   0x08002ffe   0x00000002   PAD
    0x08003000   0x08003000   0x00000054   Code   RO         5052    i.Motor_Run         au_motor.o
    0x08003054   0x08003054   0x000000a4   Code   RO         5053    i.Motor_Run_Steps   au_motor.o
    0x080030f8   0x080030f8   0x00000030   Code   RO         5054    i.Motor_Start       au_motor.o
    0x08003128   0x08003128   0x00000038   Code   RO         5055    i.Motor_Stop        au_motor.o
    0x08003160   0x08003160   0x00000038   Code   RO         5056    i.Motor_Write       au_motor.o
    0x08003198   0x08003198   0x00000068   Code   RO         5125    i.Move_And_Start_STB  au_printer.o
    0x08003200   0x08003200   0x00000002   Code   RO          518    i.NMI_Handler       stm32f1xx_it.o
    0x08003202   0x08003202   0x00000002   PAD
    0x08003204   0x08003204   0x00000030   Code   RO         5472    i.Open_Printer_Timeout_Timer  au_timer.o
    0x08003234   0x08003234   0x0000000c   Code   RO         5473    i.Printer_Timer_Callback  au_timer.o
    0x08003240   0x08003240   0x00000038   Code   RO         5126    i.Printing_Error_Check  au_printer.o
    0x08003278   0x08003278   0x00000012   Code   RO         5306    i.Read_All_Hal      au_hal.o
    0x0800328a   0x0800328a   0x00000002   PAD
    0x0800328c   0x0800328c   0x0000004c   Code   RO         5307    i.Read_Battery      au_hal.o
    0x080032d8   0x080032d8   0x0000000c   Code   RO         5614    i.Read_Button_Level  au_task.o
    0x080032e4   0x080032e4   0x00000054   Code   RO         5057    i.Read_Motor_Timer_Callback  au_motor.o
    0x08003338   0x08003338   0x00000018   Code   RO         5308    i.Read_Paper_Irq_Need_Report_Status  au_hal.o
    0x08003350   0x08003350   0x00000024   Code   RO         5309    i.Read_Paper_Statue  au_hal.o
    0x08003374   0x08003374   0x00000028   Code   RO         5310    i.Read_Temperature  au_hal.o
    0x0800339c   0x0800339c   0x00000068   Code   RO         5759    i.Read_To_PrintBuffer  au_queue.o
    0x08003404   0x08003404   0x00000190   Code   RO         5312    i.Run_Led           au_hal.o
    0x08003594   0x08003594   0x00000078   Code   RO         5615    i.Run_Printer       au_task.o
    0x0800360c   0x0800360c   0x000000a4   Code   RO         5616    i.Run_Report        au_task.o
    0x080036b0   0x080036b0   0x000003e8   Code   RO         5127    i.Run_STB           au_printer.o
    0x08003a98   0x08003a98   0x00000020   Code   RO         1979    i.SPI_EndRxTxTransaction  stm32f1xx_hal_spi.o
    0x08003ab8   0x08003ab8   0x000000b8   Code   RO         1984    i.SPI_WaitFlagStateUntilTimeout  stm32f1xx_hal_spi.o
    0x08003b70   0x08003b70   0x0000004c   Code   RO         5542    i.Search_Button     au_button.o
    0x08003bbc   0x08003bbc   0x000000b0   Code   RO         5128    i.Send_ALine_Data   au_printer.o
    0x08003c6c   0x08003c6c   0x0000000e   Code   RO         5129    i.Set_Debug_Data    au_printer.o
    0x08003c7a   0x08003c7a   0x00000036   Code   RO         5131    i.Set_Stb_Unable    au_printer.o
    0x08003cb0   0x08003cb0   0x00000010   Code   RO         5015    i.Spi_Command       au_spi.o
    0x08003cc0   0x08003cc0   0x00000008   Code   RO          275    i.StartDefaultTask  freertos.o
    0x08003cc8   0x08003cc8   0x0000004c   Code   RO         5132    i.Start_Printing_By_OneSTB  au_printer.o
    0x08003d14   0x08003d14   0x0000004c   Code   RO         5133    i.Start_Printing_By_QueueBuffer  au_printer.o
    0x08003d60   0x08003d60   0x0000000c   Code   RO         5474    i.State_Timer_Callback  au_timer.o
    0x08003d6c   0x08003d6c   0x00000070   Code   RO         5543    i.Str_Copy          au_button.o
    0x08003ddc   0x08003ddc   0x0000002c   Code   RO         4935    i.SysTick_Handler   port.o
    0x08003e08   0x08003e08   0x00000078   Code   RO           15    i.SystemClock_Config  main.o
    0x08003e80   0x08003e80   0x00000002   Code   RO         3589    i.SystemInit        system_stm32f1xx.o
    0x08003e82   0x08003e82   0x00000002   PAD
    0x08003e84   0x08003e84   0x0000000c   Code   RO          519    i.TIM4_IRQHandler   stm32f1xx_it.o
    0x08003e90   0x08003e90   0x0000006c   Code   RO         2347    i.TIM_Base_SetConfig  stm32f1xx_hal_tim.o
    0x08003efc   0x08003efc   0x00000014   Code   RO         2358    i.TIM_ETR_SetConfig  stm32f1xx_hal_tim.o
    0x08003f10   0x08003f10   0x00000010   Code   RO         2359    i.TIM_ITRx_SetConfig  stm32f1xx_hal_tim.o
    0x08003f20   0x08003f20   0x00000022   Code   RO         2365    i.TIM_TI1_ConfigInputStage  stm32f1xx_hal_tim.o
    0x08003f42   0x08003f42   0x00000024   Code   RO         2367    i.TIM_TI2_ConfigInputStage  stm32f1xx_hal_tim.o
    0x08003f66   0x08003f66   0x00000002   PAD
    0x08003f68   0x08003f68   0x0000006c   Code   RO         5617    i.Task_Button       au_task.o
    0x08003fd4   0x08003fd4   0x00000090   Code   RO         5618    i.Task_Printer      au_task.o
    0x08004064   0x08004064   0x0000006c   Code   RO         5619    i.Task_Report       au_task.o
    0x080040d0   0x080040d0   0x0000006a   Code   RO         5134    i.TestSTB           au_printer.o
    0x0800413a   0x0800413a   0x00000002   PAD
    0x0800413c   0x0800413c   0x000000b8   Code   RO         3281    i.UART_SetConfig    stm32f1xx_hal_uart.o
    0x080041f4   0x080041f4   0x00000036   Code   RO         3283    i.UART_Start_Receive_IT  stm32f1xx_hal_uart.o
    0x0800422a   0x0800422a   0x00000078   Code   RO         3284    i.UART_WaitOnFlagUntilTimeout  stm32f1xx_hal_uart.o
    0x080042a2   0x080042a2   0x00000002   Code   RO          520    i.UsageFault_Handler  stm32f1xx_it.o
    0x080042a4   0x080042a4   0x00000020   Code   RO         5924    i.__0printf$3       mc_w.l(printf3.o)
    0x080042c4   0x080042c4   0x00000020   Code   RO         1443    i.__NVIC_SetPriority  stm32f1xx_hal_cortex.o
    0x080042e4   0x080042e4   0x000000aa   Code   RO         6140    i.__kernel_poly     m_ws.l(poly.o)
    0x0800438e   0x0800438e   0x00000002   PAD
    0x08004390   0x08004390   0x00000010   Code   RO         6126    i.__mathlib_dbl_divzero  m_ws.l(dunder.o)
    0x080043a0   0x080043a0   0x00000006   Code   RO         6127    i.__mathlib_dbl_infnan  m_ws.l(dunder.o)
    0x080043a6   0x080043a6   0x0000000c   Code   RO         6129    i.__mathlib_dbl_invalid  m_ws.l(dunder.o)
    0x080043b2   0x080043b2   0x0000000e   Code   RO         6190    i.__scatterload_copy  mc_w.l(handlers.o)
    0x080043c0   0x080043c0   0x00000002   Code   RO         6191    i.__scatterload_null  mc_w.l(handlers.o)
    0x080043c2   0x080043c2   0x0000000e   Code   RO         6192    i.__scatterload_zeroinit  mc_w.l(handlers.o)
    0x080043d0   0x080043d0   0x0000000c   Code   RO         6168    i.__set_errno       mc_w.l(errno.o)
    0x080043dc   0x080043dc   0x000001b8   Code   RO         5931    i._printf_core      mc_w.l(printf3.o)
    0x08004594   0x08004594   0x00000018   Code   RO           16    i.fputc             main.o
    0x080045ac   0x080045ac   0x0000000c   Code   RO         4516    i.inHandlerMode     cmsis_os.o
    0x080045b8   0x080045b8   0x0000035c   Code   RO         5809    i.log               m_ws.l(log.o)
    0x08004914   0x08004914   0x00000064   Code   RO           17    i.main              main.o
    0x08004978   0x08004978   0x0000000c   Code   RO         4518    i.makeFreeRtosPriority  cmsis_os.o
    0x08004984   0x08004984   0x0000000e   Code   RO         4520    i.osDelay           cmsis_os.o
    0x08004992   0x08004992   0x0000000a   Code   RO         4523    i.osKernelStart     cmsis_os.o
    0x0800499c   0x0800499c   0x00000054   Code   RO         4557    i.osThreadCreate    cmsis_os.o
    0x080049f0   0x080049f0   0x00000040   Code   RO         4568    i.osTimerCreate     cmsis_os.o
    0x08004a30   0x08004a30   0x0000002c   Code   RO         4569    i.osTimerDelete     cmsis_os.o
    0x08004a5c   0x08004a5c   0x0000005c   Code   RO         4570    i.osTimerStart      cmsis_os.o
    0x08004ab8   0x08004ab8   0x00000058   Code   RO         4571    i.osTimerStop       cmsis_os.o
    0x08004b10   0x08004b10   0x00000070   Code   RO         4088    i.prvAddCurrentTaskToDelayedList  tasks.o
    0x08004b80   0x08004b80   0x000000d0   Code   RO         4089    i.prvAddNewTaskToReadyList  tasks.o
    0x08004c50   0x08004c50   0x00000058   Code   RO         4387    i.prvCheckForValidListAndQueue  timers.o
    0x08004ca8   0x08004ca8   0x00000026   Code   RO         3767    i.prvCopyDataFromQueue  queue.o
    0x08004cce   0x08004cce   0x0000006c   Code   RO         3768    i.prvCopyDataToQueue  queue.o
    0x08004d3a   0x08004d3a   0x00000034   Code   RO         4090    i.prvDeleteTCB      tasks.o
    0x08004d6e   0x08004d6e   0x00000002   PAD
    0x08004d70   0x08004d70   0x0000004c   Code   RO         4885    i.prvHeapInit       heap_4.o
    0x08004dbc   0x08004dbc   0x00000060   Code   RO         4091    i.prvIdleTask       tasks.o
    0x08004e1c   0x08004e1c   0x00000016   Code   RO         3769    i.prvInitialiseMutex  queue.o
    0x08004e32   0x08004e32   0x00000016   Code   RO         3770    i.prvInitialiseNewQueue  queue.o
    0x08004e48   0x08004e48   0x0000008e   Code   RO         4092    i.prvInitialiseNewTask  tasks.o
    0x08004ed6   0x08004ed6   0x00000044   Code   RO         4388    i.prvInitialiseNewTimer  timers.o
    0x08004f1a   0x08004f1a   0x00000002   PAD
    0x08004f1c   0x08004f1c   0x0000004c   Code   RO         4886    i.prvInsertBlockIntoFreeList  heap_4.o
    0x08004f68   0x08004f68   0x00000038   Code   RO         4389    i.prvInsertTimerInActiveList  timers.o
    0x08004fa0   0x08004fa0   0x0000001c   Code   RO         3771    i.prvIsQueueEmpty   queue.o
    0x08004fbc   0x08004fbc   0x000000bc   Code   RO         4390    i.prvProcessReceivedCommands  timers.o
    0x08005078   0x08005078   0x000000b4   Code   RO         4391    i.prvProcessTimerOrBlockTask  timers.o
    0x0800512c   0x0800512c   0x00000020   Code   RO         4093    i.prvResetNextTaskUnblockTime  tasks.o
    0x0800514c   0x0800514c   0x00000028   Code   RO         4392    i.prvSampleTimeNow  timers.o
    0x08005174   0x08005174   0x0000006c   Code   RO         4393    i.prvSwitchTimerLists  timers.o
    0x080051e0   0x080051e0   0x00000028   Code   RO         4936    i.prvTaskExitError  port.o
    0x08005208   0x08005208   0x00000024   Code   RO         4394    i.prvTimerTask      timers.o
    0x0800522c   0x0800522c   0x0000006a   Code   RO         3772    i.prvUnlockQueue    queue.o
    0x08005296   0x08005296   0x00000002   PAD
    0x08005298   0x08005298   0x000000d8   Code   RO         4887    i.pvPortMalloc      heap_4.o
    0x08005370   0x08005370   0x00000018   Code   RO         4095    i.pvTaskIncrementMutexHeldCount  tasks.o
    0x08005388   0x08005388   0x00000024   Code   RO         4937    i.pxPortInitialiseStack  port.o
    0x080053ac   0x080053ac   0x00000026   Code   RO         3727    i.uxListRemove      list.o
    0x080053d2   0x080053d2   0x00000002   PAD
    0x080053d4   0x080053d4   0x00000014   Code   RO          276    i.vApplicationGetIdleTaskMemory  freertos.o
    0x080053e8   0x080053e8   0x00000018   Code   RO          277    i.vApplicationGetTimerTaskMemory  freertos.o
    0x08005400   0x08005400   0x00000016   Code   RO         3728    i.vListInitialise   list.o
    0x08005416   0x08005416   0x00000006   Code   RO         3729    i.vListInitialiseItem  list.o
    0x0800541c   0x0800541c   0x00000030   Code   RO         3730    i.vListInsert       list.o
    0x0800544c   0x0800544c   0x00000018   Code   RO         3731    i.vListInsertEnd    list.o
    0x08005464   0x08005464   0x00000040   Code   RO         4939    i.vPortEnterCritical  port.o
    0x080054a4   0x080054a4   0x00000028   Code   RO         4940    i.vPortExitCritical  port.o
    0x080054cc   0x080054cc   0x0000005c   Code   RO         4888    i.vPortFree         heap_4.o
    0x08005528   0x08005528   0x00000024   Code   RO         4941    i.vPortSetupTimerInterrupt  port.o
    0x0800554c   0x0800554c   0x00000054   Code   RO         4942    i.vPortValidateInterruptPriority  port.o
    0x080055a0   0x080055a0   0x00000028   Code   RO         3776    i.vQueueAddToRegistry  queue.o
    0x080055c8   0x080055c8   0x00000044   Code   RO         3779    i.vQueueWaitForMessageRestricted  queue.o
    0x0800560c   0x0800560c   0x0000004c   Code   RO         4101    i.vTaskDelay        tasks.o
    0x08005658   0x08005658   0x00000010   Code   RO         4104    i.vTaskInternalSetTimeOutState  tasks.o
    0x08005668   0x08005668   0x0000000c   Code   RO         4105    i.vTaskMissedYield  tasks.o
    0x08005674   0x08005674   0x00000030   Code   RO         4107    i.vTaskPlaceOnEventList  tasks.o
    0x080056a4   0x080056a4   0x00000038   Code   RO         4108    i.vTaskPlaceOnEventListRestricted  tasks.o
    0x080056dc   0x080056dc   0x000000a8   Code   RO         4110    i.vTaskPriorityDisinheritAfterTimeout  tasks.o
    0x08005784   0x08005784   0x00000088   Code   RO         4115    i.vTaskStartScheduler  tasks.o
    0x0800580c   0x0800580c   0x00000010   Code   RO         4117    i.vTaskSuspendAll   tasks.o
    0x0800581c   0x0800581c   0x0000005c   Code   RO         4118    i.vTaskSwitchContext  tasks.o
    0x08005878   0x08005878   0x000000a8   Code   RO         4943    i.xPortStartScheduler  port.o
    0x08005920   0x08005920   0x00000016   Code   RO         3780    i.xQueueCreateMutex  queue.o
    0x08005936   0x08005936   0x00000048   Code   RO         3782    i.xQueueGenericCreate  queue.o
    0x0800597e   0x0800597e   0x00000066   Code   RO         3783    i.xQueueGenericCreateStatic  queue.o
    0x080059e4   0x080059e4   0x00000088   Code   RO         3784    i.xQueueGenericReset  queue.o
    0x08005a6c   0x08005a6c   0x00000160   Code   RO         3785    i.xQueueGenericSend  queue.o
    0x08005bcc   0x08005bcc   0x000000bc   Code   RO         3786    i.xQueueGenericSendFromISR  queue.o
    0x08005c88   0x08005c88   0x00000138   Code   RO         3792    i.xQueueReceive     queue.o
    0x08005dc0   0x08005dc0   0x00000178   Code   RO         3794    i.xQueueSemaphoreTake  queue.o
    0x08005f38   0x08005f38   0x00000074   Code   RO         4119    i.xTaskCheckForTimeOut  tasks.o
    0x08005fac   0x08005fac   0x0000005a   Code   RO         4120    i.xTaskCreate       tasks.o
    0x08006006   0x08006006   0x00000056   Code   RO         4121    i.xTaskCreateStatic  tasks.o
    0x0800605c   0x0800605c   0x0000001c   Code   RO         4125    i.xTaskGetSchedulerState  tasks.o
    0x08006078   0x08006078   0x0000000c   Code   RO         4126    i.xTaskGetTickCount  tasks.o
    0x08006084   0x08006084   0x000000c8   Code   RO         4128    i.xTaskIncrementTick  tasks.o
    0x0800614c   0x0800614c   0x00000098   Code   RO         4131    i.xTaskPriorityDisinherit  tasks.o
    0x080061e4   0x080061e4   0x00000094   Code   RO         4132    i.xTaskPriorityInherit  tasks.o
    0x08006278   0x08006278   0x00000074   Code   RO         4133    i.xTaskRemoveFromEventList  tasks.o
    0x080062ec   0x080062ec   0x000000c4   Code   RO         4134    i.xTaskResumeAll    tasks.o
    0x080063b0   0x080063b0   0x00000034   Code   RO         4397    i.xTimerCreate      timers.o
    0x080063e4   0x080063e4   0x0000002e   Code   RO         4398    i.xTimerCreateStatic  timers.o
    0x08006412   0x08006412   0x00000002   PAD
    0x08006414   0x08006414   0x00000060   Code   RO         4399    i.xTimerCreateTimerTask  timers.o
    0x08006474   0x08006474   0x00000060   Code   RO         4400    i.xTimerGenericCommand  timers.o
    0x080064d4   0x080064d4   0x0000001c   Data   RO          279    .constdata          freertos.o
    0x080064f0   0x080064f0   0x00000012   Data   RO         1141    .constdata          stm32f1xx_hal_rcc.o
    0x08006502   0x08006502   0x00000012   Data   RO         1233    .constdata          stm32f1xx_hal_rcc_ex.o
    0x08006514   0x08006514   0x00000010   Data   RO         3590    .constdata          system_stm32f1xx.o
    0x08006524   0x08006524   0x00000008   Data   RO         3591    .constdata          system_stm32f1xx.o
    0x0800652c   0x0800652c   0x00000008   Data   RO         5058    .constdata          au_motor.o
    0x08006534   0x08006534   0x00000010   Data   RO         5475    .constdata          au_timer.o
    0x08006544   0x08006544   0x00000004   PAD
    0x08006548   0x08006548   0x00000038   Data   RO         5810    .constdata          m_ws.l(log.o)
    0x08006580   0x08006580   0x00000008   Data   RO         6142    .constdata          m_ws.l(qnan.o)
    0x08006588   0x08006588   0x0000000c   Data   RO          280    .conststring        freertos.o
    0x08006594   0x08006594   0x00000054   Data   RO         5245    .conststring        au_ble.o
    0x080065e8   0x080065e8   0x000000cf   Data   RO         5544    .conststring        au_button.o
    0x080066b7   0x080066b7   0x00000001   PAD
    0x080066b8   0x080066b8   0x00000020   Data   RO         6188    Region$$Table       anon$$obj.o


    Execution Region RW_IRAM1 (Exec base: 0x20000000, Load base: 0x080066d8, Size: 0x00004fe8, Max: 0x00005000, ABSOLUTE)

    Exec Addr    Load Addr    Size         Type   Attr      Idx    E Section Name        Object

    0x20000000   0x080066d8   0x00000004   Data   RW          281    .data               freertos.o
    0x20000004   0x080066dc   0x00000001   Data   RW          465    .data               usart.o
    0x20000005   0x080066dd   0x00000003   PAD
    0x20000008   0x080066e0   0x0000000c   Data   RW          978    .data               stm32f1xx_hal.o
    0x20000014   0x080066ec   0x00000004   Data   RW         3592    .data               system_stm32f1xx.o
    0x20000018   0x080066f0   0x0000003c   Data   RW         4137    .data               tasks.o
    0x20000054   0x0800672c   0x00000014   Data   RW         4406    .data               timers.o
    0x20000068   0x08006740   0x00000018   Data   RW         4893    .data               heap_4.o
    0x20000080   0x08006758   0x0000000c   Data   RW         4944    .data               port.o
    0x2000008c   0x08006764   0x00000028   Data   RW         5059    .data               au_motor.o
    0x200000b4   0x0800678c   0x00000001   Data   RW         5136    .data               au_printer.o
    0x200000b5   0x0800678d   0x00000003   PAD
    0x200000b8   0x08006790   0x00000028   Data   RW         5246    .data               au_ble.o
    0x200000e0   0x080067b8   0x00000001   Data   RW         5313    .data               au_hal.o
    0x200000e1   0x080067b9   0x00000003   PAD
    0x200000e4   0x080067bc   0x0000000c   Data   RW         5392    .data               au_adc.o
    0x200000f0   0x080067c8   0x0000000c   Data   RW         5476    .data               au_timer.o
    0x200000fc   0x080067d4   0x00000004   Data   RW         5545    .data               au_button.o
    0x20000100   0x080067d8   0x00000002   Data   RW         5621    .data               au_task.o
    0x20000102   0x080067da   0x00000005   Data   RW         5709    .data               au_device.o
    0x20000107   0x080067df   0x00000001   PAD
    0x20000108   0x080067e0   0x00000008   Data   RW         5762    .data               au_queue.o
    0x20000110   0x080067e8   0x00000004   Data   RW         6157    .data               mc_w.l(stdout.o)
    0x20000114   0x080067ec   0x00000004   Data   RW         6169    .data               mc_w.l(errno.o)
    0x20000118        -       0x000006a8   Zero   RW          278    .bss                freertos.o
    0x200007c0        -       0x00000030   Zero   RW          336    .bss                adc.o
    0x200007f0        -       0x00000058   Zero   RW          378    .bss                spi.o
    0x20000848        -       0x00000048   Zero   RW          420    .bss                tim.o
    0x20000890        -       0x00000090   Zero   RW          464    .bss                usart.o
    0x20000920        -       0x00000048   Zero   RW          605    .bss                stm32f1xx_hal_timebase_tim.o
    0x20000968        -       0x00000040   Zero   RW         3795    .bss                queue.o
    0x200009a8        -       0x000000f0   Zero   RW         4136    .bss                tasks.o
    0x20000a98        -       0x000000e8   Zero   RW         4405    .bss                timers.o
    0x20000b80        -       0x00000c00   Zero   RW         4892    .bss                heap_4.o
    0x20001780        -       0x00000018   Zero   RW         5135    .bss                au_printer.o
    0x20001798        -       0x00000064   Zero   RW         5244    .bss                au_ble.o
    0x200017fc        -       0x0000004c   Zero   RW         5620    .bss                au_task.o
    0x20001848        -       0x0000339c   Zero   RW         5761    .bss                au_queue.o
    0x20004be4   0x080067f0   0x00000004   PAD
    0x20004be8        -       0x00000400   Zero   RW            1    STACK               startup_stm32f103xb.o


==============================================================================

Image component sizes


      Code (inc. data)   RO Data    RW Data    ZI Data      Debug   Object Name

       192         24          0          0         48       1685   adc.o
       382         54          0         12          0       3986   au_adc.o
       960        368         84         40        100       4359   au_ble.o
       710        152        207          4          0       5747   au_button.o
        36         10          0          5          0       2084   au_device.o
       622         30          0          1          0       4988   au_hal.o
       530         34          8         40          0       4262   au_motor.o
      1854         58          0          1         24       9439   au_printer.o
       156         26          0          8      13212       3708   au_queue.o
        18          4          0          0          0       1181   au_spi.o
      1304        624          0          2         76       7060   au_task.o
       164         44         16         12          0       4532   au_timer.o
       420         14          0          0          0      29498   cmsis_os.o
         0          0          0          0          0      18176   event_groups.o
        92         20         40          4       1704       7599   freertos.o
       240         18          0          0          0        975   gpio.o
       460         24          0         24       3072       4683   heap_4.o
       138          0          0          0          0       3410   list.o
       268         48          0          0          0     479030   main.o
       662         70          0         12          0      11193   port.o
      1992         24          0          0         64      18268   queue.o
       168         22          0          0         88       1653   spi.o
        36          8        236          0       1024        804   startup_stm32f103xb.o
        64         14          0         12          0       4654   stm32f1xx_hal.o
      1312         54          0          0          0       7259   stm32f1xx_hal_adc.o
       158         14          0          0          0      28198   stm32f1xx_hal_cortex.o
       500         34          0          0          0       3527   stm32f1xx_hal_gpio.o
        72         10          0          0          0        874   stm32f1xx_hal_msp.o
      1304         94         18          0          0       5765   stm32f1xx_hal_rcc.o
       400         28         18          0          0       2477   stm32f1xx_hal_rcc_ex.o
       760          4          0          0          0       4394   stm32f1xx_hal_spi.o
       978         26          0          0          0       9801   stm32f1xx_hal_tim.o
       108         12          0          0          0       2417   stm32f1xx_hal_tim_ex.o
       152         20          0          0         72       1487   stm32f1xx_hal_timebase_tim.o
       640          6          0          0          0       5378   stm32f1xx_hal_uart.o
        24          6          0          0          0       3043   stm32f1xx_it.o
         0          0          0          0          0        384   stream_buffer.o
         2          0         24          4          0       1127   system_stm32f1xx.o
      2430        182          0         60        240      25633   tasks.o
       144         18          0          0         72       1634   tim.o
      1054         78          0         20        232      29331   timers.o
       284         32          0          1        144       2433   usart.o

    ----------------------------------------------------------------------
     21840       2308        688        272      20176     768136   Object Totals
         0          0         32          0          0          0   (incl. Generated)
        50          0          5         10          4          0   (incl. Padding)

    ----------------------------------------------------------------------

      Code (inc. data)   RO Data    RW Data    ZI Data      Debug   Library Member Name

        34          4          0          0          0        204   dunder.o
       860         52         56          0          0        256   log.o
       170          0          0          0          0         96   poly.o
         0          0          8          0          0          0   qnan.o
         0          0          0          0          0          0   entry.o
         0          0          0          0          0          0   entry10a.o
         0          0          0          0          0          0   entry11a.o
         8          4          0          0          0          0   entry2.o
         4          0          0          0          0          0   entry5.o
         0          0          0          0          0          0   entry7b.o
         0          0          0          0          0          0   entry8b.o
         8          4          0          0          0          0   entry9a.o
        12          6          0          4          0         68   errno.o
        30          0          0          0          0          0   handlers.o
        36          8          0          0          0         68   init.o
         0          0          0          0          0          0   iusefp.o
        30          0          0          0          0         68   llshl.o
        36          0          0          0          0         68   llsshr.o
        32          0          0          0          0         68   llushr.o
        36          0          0          0          0         68   memcpya.o
        36          0          0          0          0        108   memseta.o
       472         14          0          0          0        184   printf3.o
         0          0          0          4          0          0   stdout.o
        14          0          0          0          0         68   strlen.o
        44          0          0          0          0         80   uidiv.o
        48          0          0          0          0         68   cdcmple.o
        56          0          0          0          0         88   d2f.o
       334          0          0          0          0        148   dadd.o
       222          0          0          0          0        100   ddiv.o
       186          0          0          0          0        176   depilogue.o
        34          0          0          0          0         76   dflti.o
        26          0          0          0          0         76   dfltui.o
       228          0          0          0          0         96   dmul.o
        46          0          0          0          0         80   dscalb.o
        38          0          0          0          0         68   f2d.o
       176          0          0          0          0        140   fadd.o
       124          0          0          0          0         88   fdiv.o
       110          0          0          0          0        168   fepilogue.o
        50          0          0          0          0         68   ffixi.o
        40          0          0          0          0         68   ffixui.o
        18          0          0          0          0         68   fflti.o
        10          0          0          0          0         68   ffltui.o
       100          0          0          0          0         76   fmul.o
        24          0          0          0          0         68   fscalb.o

    ----------------------------------------------------------------------
      3736         92         64          8          0       3192   Library Totals
         4          0          0          0          0          0   (incl. Padding)

    ----------------------------------------------------------------------

      Code (inc. data)   RO Data    RW Data    ZI Data      Debug   Library Name

      1064         56         64          0          0        556   m_ws.l
       798         36          0          8          0        848   mc_w.l
      1870          0          0          0          0       1788   mf_w.l

    ----------------------------------------------------------------------
      3736         92         64          8          0       3192   Library Totals

    ----------------------------------------------------------------------

==============================================================================


      Code (inc. data)   RO Data    RW Data    ZI Data      Debug   

     25576       2400        752        280      20176     757752   Grand Totals
     25576       2400        752        280      20176     757752   ELF Image Totals
     25576       2400        752        280          0          0   ROM Totals

==============================================================================

    Total RO  Size (Code + RO Data)                26328 (  25.71kB)
    Total RW  Size (RW Data + ZI Data)             20456 (  19.98kB)
    Total ROM Size (Code + RO Data + RW Data)      26608 (  25.98kB)

==============================================================================

