Component: ARM Compiler 5.06 update 5 (build 528) Tool: armlink [4d35e2]

==============================================================================

Section Cross References

    startup_stm32f103xb.o(RESET) refers to startup_stm32f103xb.o(STACK) for __initial_sp
    startup_stm32f103xb.o(RESET) refers to startup_stm32f103xb.o(.text) for Reset_Handler
    startup_stm32f103xb.o(RESET) refers to stm32f1xx_it.o(i.NMI_Handler) for NMI_Handler
    startup_stm32f103xb.o(RESET) refers to stm32f1xx_it.o(i.HardFault_Handler) for HardFault_Handler
    startup_stm32f103xb.o(RESET) refers to stm32f1xx_it.o(i.MemManage_Handler) for MemManage_Handler
    startup_stm32f103xb.o(RESET) refers to stm32f1xx_it.o(i.BusFault_Handler) for BusFault_Handler
    startup_stm32f103xb.o(RESET) refers to stm32f1xx_it.o(i.UsageFault_Handler) for UsageFault_Handler
    startup_stm32f103xb.o(RESET) refers to port.o(.emb_text) for SVC_Handler
    startup_stm32f103xb.o(RESET) refers to stm32f1xx_it.o(i.DebugMon_Handler) for DebugMon_Handler
    startup_stm32f103xb.o(RESET) refers to port.o(i.SysTick_Handler) for SysTick_Handler
    startup_stm32f103xb.o(RESET) refers to stm32f1xx_it.o(i.TIM4_IRQHandler) for TIM4_IRQHandler
    startup_stm32f103xb.o(.text) refers to system_stm32f1xx.o(i.SystemInit) for SystemInit
    startup_stm32f103xb.o(.text) refers to entry.o(.ARM.Collect$$$$00000000) for __main
    main.o(i.HAL_TIM_PeriodElapsedCallback) refers to stm32f1xx_hal.o(i.HAL_IncTick) for HAL_IncTick
    main.o(i.SystemClock_Config) refers to memseta.o(.text) for __aeabi_memclr4
    main.o(i.SystemClock_Config) refers to stm32f1xx_hal_rcc.o(i.HAL_RCC_OscConfig) for HAL_RCC_OscConfig
    main.o(i.SystemClock_Config) refers to stm32f1xx_hal_rcc.o(i.HAL_RCC_ClockConfig) for HAL_RCC_ClockConfig
    main.o(i.SystemClock_Config) refers to stm32f1xx_hal_rcc_ex.o(i.HAL_RCCEx_PeriphCLKConfig) for HAL_RCCEx_PeriphCLKConfig
    main.o(i.fputc) refers to stm32f1xx_hal_uart.o(i.HAL_UART_Transmit) for HAL_UART_Transmit
    main.o(i.fputc) refers to usart.o(.bss) for huart1
    main.o(i.main) refers to stm32f1xx_hal.o(i.HAL_Init) for HAL_Init
    main.o(i.main) refers to main.o(i.SystemClock_Config) for SystemClock_Config
    main.o(i.main) refers to gpio.o(i.MX_GPIO_Init) for MX_GPIO_Init
    main.o(i.main) refers to adc.o(i.MX_ADC1_Init) for MX_ADC1_Init
    main.o(i.main) refers to spi.o(i.MX_SPI1_Init) for MX_SPI1_Init
    main.o(i.main) refers to tim.o(i.MX_TIM1_Init) for MX_TIM1_Init
    main.o(i.main) refers to usart.o(i.MX_USART1_UART_Init) for MX_USART1_UART_Init
    main.o(i.main) refers to usart.o(i.MX_USART2_UART_Init) for MX_USART2_UART_Init
    main.o(i.main) refers to printf1.o(i.__0printf$1) for __2printf
    main.o(i.main) refers to freertos.o(i.MX_FREERTOS_Init) for MX_FREERTOS_Init
    main.o(i.main) refers to tasks.o(i.xTaskCreate) for xTaskCreate
    main.o(i.main) refers to cmsis_os.o(i.osKernelStart) for osKernelStart
    main.o(i.main) refers to main.o(i.task_test) for task_test
    main.o(i.task_test) refers to testprinter.o(i.init_printer) for init_printer
    main.o(i.task_test) refers to testprinter.o(i.testSTB) for testSTB
    main.o(i.task_test) refers to stm32f1xx_hal_gpio.o(i.HAL_GPIO_WritePin) for HAL_GPIO_WritePin
    main.o(i.task_test) refers to tasks.o(i.vTaskDelay) for vTaskDelay
    gpio.o(i.MX_GPIO_Init) refers to stm32f1xx_hal_gpio.o(i.HAL_GPIO_WritePin) for HAL_GPIO_WritePin
    gpio.o(i.MX_GPIO_Init) refers to stm32f1xx_hal_gpio.o(i.HAL_GPIO_Init) for HAL_GPIO_Init
    freertos.o(i.MX_FREERTOS_Init) refers to memcpya.o(.text) for __aeabi_memcpy4
    freertos.o(i.MX_FREERTOS_Init) refers to cmsis_os.o(i.osThreadCreate) for osThreadCreate
    freertos.o(i.MX_FREERTOS_Init) refers to freertos.o(.constdata) for .constdata
    freertos.o(i.MX_FREERTOS_Init) refers to freertos.o(.data) for .data
    freertos.o(i.StartDefaultTask) refers to cmsis_os.o(i.osDelay) for osDelay
    freertos.o(i.vApplicationGetIdleTaskMemory) refers to freertos.o(.bss) for .bss
    freertos.o(i.vApplicationGetTimerTaskMemory) refers to freertos.o(.bss) for .bss
    freertos.o(.constdata) refers to freertos.o(.conststring) for .conststring
    freertos.o(.constdata) refers to freertos.o(i.StartDefaultTask) for StartDefaultTask
    adc.o(i.HAL_ADC_MspDeInit) refers to stm32f1xx_hal_gpio.o(i.HAL_GPIO_DeInit) for HAL_GPIO_DeInit
    adc.o(i.HAL_ADC_MspInit) refers to stm32f1xx_hal_gpio.o(i.HAL_GPIO_Init) for HAL_GPIO_Init
    adc.o(i.MX_ADC1_Init) refers to stm32f1xx_hal_adc.o(i.HAL_ADC_Init) for HAL_ADC_Init
    adc.o(i.MX_ADC1_Init) refers to main.o(i.Error_Handler) for Error_Handler
    adc.o(i.MX_ADC1_Init) refers to stm32f1xx_hal_adc.o(i.HAL_ADC_ConfigChannel) for HAL_ADC_ConfigChannel
    adc.o(i.MX_ADC1_Init) refers to adc.o(.bss) for .bss
    spi.o(i.HAL_SPI_MspDeInit) refers to stm32f1xx_hal_gpio.o(i.HAL_GPIO_DeInit) for HAL_GPIO_DeInit
    spi.o(i.HAL_SPI_MspInit) refers to stm32f1xx_hal_gpio.o(i.HAL_GPIO_Init) for HAL_GPIO_Init
[...]
    dc.s                                     0x00000000   Number         0  dc.o ABSOLUTE
    handlers.s                               0x00000000   Number         0  handlers.o ABSOLUTE
    init.s                                   0x00000000   Number         0  init.o ABSOLUTE
    startup_stm32f103xb.s                    0x00000000   Number         0  startup_stm32f103xb.o ABSOLUTE
    RESET                                    0x08000000   Section      236  startup_stm32f103xb.o(RESET)
    .ARM.Collect$$$$00000000                 0x080000ec   Section        0  entry.o(.ARM.Collect$$$$00000000)
    .ARM.Collect$$$$00000001                 0x080000ec   Section        4  entry2.o(.ARM.Collect$$$$00000001)
    .ARM.Collect$$$$00000004                 0x080000f0   Section        4  entry5.o(.ARM.Collect$$$$00000004)
    .ARM.Collect$$$$00000008                 0x080000f4   Section        0  entry7b.o(.ARM.Collect$$$$00000008)
    .ARM.Collect$$$$0000000A                 0x080000f4   Section        0  entry8b.o(.ARM.Collect$$$$0000000A)
    .ARM.Collect$$$$0000000B                 0x080000f4   Section        8  entry9a.o(.ARM.Collect$$$$0000000B)
    .ARM.Collect$$$$0000000D                 0x080000fc   Section        0  entry10a.o(.ARM.Collect$$$$0000000D)
    .ARM.Collect$$$$0000000F                 0x080000fc   Section        0  entry11a.o(.ARM.Collect$$$$0000000F)
    .ARM.Collect$$$$00002712                 0x080000fc   Section        4  entry2.o(.ARM.Collect$$$$00002712)
    __lit__00000000                          0x080000fc   Data           4  entry2.o(.ARM.Collect$$$$00002712)
    .emb_text                                0x08000100   Section      150  port.o(.emb_text)
    .text                                    0x08000198   Section       36  startup_stm32f103xb.o(.text)
    .text                                    0x080001bc   Section        0  llushr.o(.text)
    .text                                    0x080001dc   Section        0  memcpya.o(.text)
    .text                                    0x08000200   Section        0  memseta.o(.text)
    .text                                    0x08000224   Section        0  fadd.o(.text)
    .text                                    0x080002d4   Section        0  fmul.o(.text)
    .text                                    0x08000338   Section        0  dmul.o(.text)
    .text                                    0x0800041c   Section        0  ddiv.o(.text)
    .text                                    0x080004fa   Section        0  ffltui.o(.text)
    .text                                    0x08000504   Section        0  dfltui.o(.text)
    .text                                    0x0800051e   Section        0  f2d.o(.text)
    .text                                    0x08000544   Section       48  cdcmple.o(.text)
    .text                                    0x08000574   Section        0  d2f.o(.text)
    .text                                    0x080005ac   Section        0  uidiv.o(.text)
    .text                                    0x080005d8   Section        0  iusefp.o(.text)
    .text                                    0x080005d8   Section        0  fepilogue.o(.text)
    .text                                    0x08000646   Section        0  depilogue.o(.text)
    .text                                    0x08000700   Section       36  init.o(.text)
    .text                                    0x08000724   Section        0  llshl.o(.text)
    i.ADC_ConversionStop_Disable             0x08000744   Section        0  stm32f1xx_hal_adc.o(i.ADC_ConversionStop_Disable)
    i.BusFault_Handler                       0x0800079a   Section        0  stm32f1xx_it.o(i.BusFault_Handler)
    i.DebugMon_Handler                       0x0800079c   Section        0  stm32f1xx_it.o(i.DebugMon_Handler)
    i.Error_Handler                          0x0800079e   Section        0  main.o(i.Error_Handler)
    i.HAL_ADC_ConfigChannel                  0x080007a4   Section        0  stm32f1xx_hal_adc.o(i.HAL_ADC_ConfigChannel)
    i.HAL_ADC_Init                           0x080008a0   Section        0  stm32f1xx_hal_adc.o(i.HAL_ADC_Init)
    i.HAL_ADC_MspInit                        0x080009bc   Section        0  adc.o(i.HAL_ADC_MspInit)
    i.HAL_GPIO_Init                          0x08000a14   Section        0  stm32f1xx_hal_gpio.o(i.HAL_GPIO_Init)
    i.HAL_GPIO_WritePin                      0x08000bf4   Section        0  stm32f1xx_hal_gpio.o(i.HAL_GPIO_WritePin)
    i.HAL_GetTick                            0x08000c00   Section        0  stm32f1xx_hal.o(i.HAL_GetTick)
    i.HAL_IncTick                            0x08000c0c   Section        0  stm32f1xx_hal.o(i.HAL_IncTick)
    i.HAL_Init                               0x08000c1c   Section        0  stm32f1xx_hal.o(i.HAL_Init)
    i.HAL_InitTick                           0x08000c40   Section        0  stm32f1xx_hal_timebase_tim.o(i.HAL_InitTick)
    i.HAL_MspInit                            0x08000cd8   Section        0  stm32f1xx_hal_msp.o(i.HAL_MspInit)
    i.HAL_NVIC_EnableIRQ                     0x08000d20   Section        0  stm32f1xx_hal_cortex.o(i.HAL_NVIC_EnableIRQ)
    i.HAL_NVIC_SetPriority                   0x08000d3c   Section        0  stm32f1xx_hal_cortex.o(i.HAL_NVIC_SetPriority)
    i.HAL_NVIC_SetPriorityGrouping           0x08000d7c   Section        0  stm32f1xx_hal_cortex.o(i.HAL_NVIC_SetPriorityGrouping)
    i.HAL_RCCEx_PeriphCLKConfig              0x08000da0   Section        0  stm32f1xx_hal_rcc_ex.o(i.HAL_RCCEx_PeriphCLKConfig)
    i.HAL_RCC_ClockConfig                    0x08000e8c   Section        0  stm32f1xx_hal_rcc.o(i.HAL_RCC_ClockConfig)
    i.HAL_RCC_GetClockConfig                 0x08000fb8   Section        0  stm32f1xx_hal_rcc.o(i.HAL_RCC_GetClockConfig)
    i.HAL_RCC_GetPCLK1Freq                   0x08000ff8   Section        0  stm32f1xx_hal_rcc.o(i.HAL_RCC_GetPCLK1Freq)
    i.HAL_RCC_GetPCLK2Freq                   0x08001018   Section        0  stm32f1xx_hal_rcc.o(i.HAL_RCC_GetPCLK2Freq)
    i.HAL_RCC_GetSysClockFreq                0x08001038   Section        0  stm32f1xx_hal_rcc.o(i.HAL_RCC_GetSysClockFreq)
    i.HAL_RCC_OscConfig                      0x08001084   Section        0  stm32f1xx_hal_rcc.o(i.HAL_RCC_OscConfig)
    i.HAL_SPI_Init                           0x080013a4   Section        0  stm32f1xx_hal_spi.o(i.HAL_SPI_Init)
    i.HAL_SPI_MspInit                        0x08001458   Section        0  spi.o(i.HAL_SPI_MspInit)
    i.HAL_SPI_Transmit                       0x080014b4   Section        0  stm32f1xx_hal_spi.o(i.HAL_SPI_Transmit)
    i.HAL_TIMEx_BreakCallback                0x08001622   Section        0  stm32f1xx_hal_tim_ex.o(i.HAL_TIMEx_BreakCallback)
    i.HAL_TIMEx_CommutCallback               0x08001624   Section        0  stm32f1xx_hal_tim_ex.o(i.HAL_TIMEx_CommutCallback)
    i.HAL_TIMEx_MasterConfigSynchronization  0x08001628   Section        0  stm32f1xx_hal_tim_ex.o(i.HAL_TIMEx_MasterConfigSynchronization)
    i.HAL_TIM_Base_Init                      0x08001690   Section        0  stm32f1xx_hal_tim.o(i.HAL_TIM_Base_Init)
    i.HAL_TIM_Base_MspInit                   0x080016ec   Section        0  tim.o(i.HAL_TIM_Base_MspInit)
    i.HAL_TIM_Base_Start_IT                  0x08001714   Section        0  stm32f1xx_hal_tim.o(i.HAL_TIM_Base_Start_IT)
    i.HAL_TIM_ConfigClockSource              0x0800176c   Section        0  stm32f1xx_hal_tim.o(i.HAL_TIM_ConfigClockSource)
    i.HAL_TIM_IC_CaptureCallback             0x08001848   Section        0  stm32f1xx_hal_tim.o(i.HAL_TIM_IC_CaptureCallback)
    i.HAL_TIM_IRQHandler                     0x0800184a   Section        0  stm32f1xx_hal_tim.o(i.HAL_TIM_IRQHandler)
    i.HAL_TIM_OC_DelayElapsedCallback        0x080019b0   Section        0  stm32f1xx_hal_tim.o(i.HAL_TIM_OC_DelayElapsedCallback)
    i.HAL_TIM_PWM_PulseFinishedCallback      0x080019b2   Section        0  stm32f1xx_hal_tim.o(i.HAL_TIM_PWM_PulseFinishedCallback)
    i.HAL_TIM_PeriodElapsedCallback          0x080019b4   Section        0  main.o(i.HAL_TIM_PeriodElapsedCallback)
    i.HAL_TIM_TriggerCallback                0x080019c8   Section        0  stm32f1xx_hal_tim.o(i.HAL_TIM_TriggerCallback)
    i.HAL_UART_Init                          0x080019ca   Section        0  stm32f1xx_hal_uart.o(i.HAL_UART_Init)
    i.HAL_UART_MspInit                       0x08001a30   Section        0  usart.o(i.HAL_UART_MspInit)
    i.HAL_UART_Transmit                      0x08001adc   Section        0  stm32f1xx_hal_uart.o(i.HAL_UART_Transmit)
    i.HardFault_Handler                      0x08001b76   Section        0  stm32f1xx_it.o(i.HardFault_Handler)
    i.Init_Spi                               0x08001b78   Section        0  au_spi.o(i.Init_Spi)
    i.MX_ADC1_Init                           0x08001b7c   Section        0  adc.o(i.MX_ADC1_Init)
    i.MX_FREERTOS_Init                       0x08001be4   Section        0  freertos.o(i.MX_FREERTOS_Init)
    i.MX_GPIO_Init                           0x08001c0c   Section        0  gpio.o(i.MX_GPIO_Init)
    i.MX_SPI1_Init                           0x08001cec   Section        0  spi.o(i.MX_SPI1_Init)
    i.MX_TIM1_Init                           0x08001d34   Section        0  tim.o(i.MX_TIM1_Init)
    i.MX_USART1_UART_Init                    0x08001d9c   Section        0  usart.o(i.MX_USART1_UART_Init)
    i.MX_USART2_UART_Init                    0x08001dd4   Section        0  usart.o(i.MX_USART2_UART_Init)
    i.MemManage_Handler                      0x08001e0c   Section        0  stm32f1xx_it.o(i.MemManage_Handler)
    i.NMI_Handler                            0x08001e0e   Section        0  stm32f1xx_it.o(i.NMI_Handler)
    i.SPI_EndRxTxTransaction                 0x08001e10   Section        0  stm32f1xx_hal_spi.o(i.SPI_EndRxTxTransaction)
    SPI_EndRxTxTransaction                   0x08001e11   Thumb Code    32  stm32f1xx_hal_spi.o(i.SPI_EndRxTxTransaction)
    i.SPI_WaitFlagStateUntilTimeout          0x08001e30   Section        0  stm32f1xx_hal_spi.o(i.SPI_WaitFlagStateUntilTimeout)
    SPI_WaitFlagStateUntilTimeout            0x08001e31   Thumb Code   180  stm32f1xx_hal_spi.o(i.SPI_WaitFlagStateUntilTimeout)
    i.Spi_Command                            0x08001ee8   Section        0  au_spi.o(i.Spi_Command)
    i.StartDefaultTask                       0x08001ef8   Section        0  freertos.o(i.StartDefaultTask)
    i.SysTick_Handler                        0x08001f00   Section        0  port.o(i.SysTick_Handler)
    i.SystemClock_Config                     0x08001f2c   Section        0  main.o(i.SystemClock_Config)
    i.SystemInit                             0x08001f94   Section        0  system_stm32f1xx.o(i.SystemInit)
    i.TIM4_IRQHandler                        0x08001f98   Section        0  stm32f1xx_it.o(i.TIM4_IRQHandler)
    i.TIM_Base_SetConfig                     0x08001fa4   Section        0  stm32f1xx_hal_tim.o(i.TIM_Base_SetConfig)
    i.TIM_ETR_SetConfig                      0x08002010   Section        0  stm32f1xx_hal_tim.o(i.TIM_ETR_SetConfig)
    i.TIM_ITRx_SetConfig                     0x08002024   Section        0  stm32f1xx_hal_tim.o(i.TIM_ITRx_SetConfig)
    TIM_ITRx_SetConfig                       0x08002025   Thumb Code    16  stm32f1xx_hal_tim.o(i.TIM_ITRx_SetConfig)
    i.TIM_TI1_ConfigInputStage               0x08002034   Section        0  stm32f1xx_hal_tim.o(i.TIM_TI1_ConfigInputStage)
    TIM_TI1_ConfigInputStage                 0x08002035   Thumb Code    34  stm32f1xx_hal_tim.o(i.TIM_TI1_ConfigInputStage)
    i.TIM_TI2_ConfigInputStage               0x08002056   Section        0  stm32f1xx_hal_tim.o(i.TIM_TI2_ConfigInputStage)
    TIM_TI2_ConfigInputStage                 0x08002057   Thumb Code    36  stm32f1xx_hal_tim.o(i.TIM_TI2_ConfigInputStage)
    i.UART_SetConfig                         0x0800207c   Section        0  stm32f1xx_hal_uart.o(i.UART_SetConfig)
    UART_SetConfig                           0x0800207d   Thumb Code   178  stm32f1xx_hal_uart.o(i.UART_SetConfig)
    i.UART_WaitOnFlagUntilTimeout            0x08002134   Section        0  stm32f1xx_hal_uart.o(i.UART_WaitOnFlagUntilTimeout)
    UART_WaitOnFlagUntilTimeout              0x08002135   Thumb Code   120  stm32f1xx_hal_uart.o(i.UART_WaitOnFlagUntilTimeout)
    i.UsageFault_Handler                     0x080021ac   Section        0  stm32f1xx_it.o(i.UsageFault_Handler)
    i.__0printf$1                            0x080021b0   Section        0  printf1.o(i.__0printf$1)
    i.__NVIC_SetPriority                     0x080021d0   Section        0  stm32f1xx_hal_cortex.o(i.__NVIC_SetPriority)
    __NVIC_SetPriority                       0x080021d1   Thumb Code    32  stm32f1xx_hal_cortex.o(i.__NVIC_SetPriority)
    i.__scatterload_copy                     0x080021f0   Section       14  handlers.o(i.__scatterload_copy)
    i.__scatterload_null                     0x080021fe   Section        2  handlers.o(i.__scatterload_null)
    i.__scatterload_zeroinit                 0x08002200   Section       14  handlers.o(i.__scatterload_zeroinit)
    i._printf_core                           0x08002210   Section        0  printf1.o(i._printf_core)
    _printf_core                             0x08002211   Thumb Code   336  printf1.o(i._printf_core)
    i.clearAddTime                           0x08002364   Section        0  testprinter.o(i.clearAddTime)
    i.digitalWrite                           0x0800237c   Section        0  testprinter.o(i.digitalWrite)
    digitalWrite                             0x0800237d   Thumb Code    90  testprinter.o(i.digitalWrite)
    i.digitalWrite                           0x080023dc   Section        0  testmotor.o(i.digitalWrite)
    digitalWrite                             0x080023dd   Thumb Code    52  testmotor.o(i.digitalWrite)
    i.digitalWrite_vhen                      0x08002414   Section        0  testprinter.o(i.digitalWrite_vhen)
    digitalWrite_vhen                        0x08002415   Thumb Code    12  testprinter.o(i.digitalWrite_vhen)
    i.fputc                                  0x08002424   Section        0  main.o(i.fputc)
    i.inHandlerMode                          0x0800243c   Section        0  cmsis_os.o(i.inHandlerMode)
    inHandlerMode                            0x0800243d   Thumb Code    12  cmsis_os.o(i.inHandlerMode)
    i.init_motor                             0x08002448   Section        0  testmotor.o(i.init_motor)
    i.init_printer                           0x0800246e   Section        0  testprinter.o(i.init_printer)
    i.main                                   0x08002488   Section        0  main.o(i.main)
    i.makeFreeRtosPriority                   0x080024ec   Section        0  cmsis_os.o(i.makeFreeRtosPriority)
    makeFreeRtosPriority                     0x080024ed   Thumb Code    12  cmsis_os.o(i.makeFreeRtosPriority)
    i.motor_run                              0x080024f8   Section        0  testmotor.o(i.motor_run)
    i.motor_run_step                         0x0800254c   Section        0  testmotor.o(i.motor_run_step)
    i.motor_stop                             0x080025f0   Section        0  testmotor.o(i.motor_stop)
    i.move_and_start_std                     0x08002628   Section        0  testprinter.o(i.move_and_start_std)
    i.osDelay                                0x080026a4   Section        0  cmsis_os.o(i.osDelay)
    i.osKernelStart                          0x080026b2   Section        0  cmsis_os.o(i.osKernelStart)
    i.osThreadCreate                         0x080026bc   Section        0  cmsis_os.o(i.osThreadCreate)
    i.osTimerStop                            0x08002710   Section        0  cmsis_os.o(i.osTimerStop)
    i.prvAddCurrentTaskToDelayedList         0x08002768   Section        0  tasks.o(i.prvAddCurrentTaskToDelayedList)
    prvAddCurrentTaskToDelayedList           0x08002769   Thumb Code   102  tasks.o(i.prvAddCurrentTaskToDelayedList)
    i.prvAddNewTaskToReadyList               0x080027d8   Section        0  tasks.o(i.prvAddNewTaskToReadyList)
    prvAddNewTaskToReadyList                 0x080027d9   Thumb Code   194  tasks.o(i.prvAddNewTaskToReadyList)
    i.prvCheckForValidListAndQueue           0x080028a8   Section        0  timers.o(i.prvCheckForValidListAndQueue)
    prvCheckForValidListAndQueue             0x080028a9   Thumb Code    72  timers.o(i.prvCheckForValidListAndQueue)
    i.prvCopyDataFromQueue                   0x08002900   Section        0  queue.o(i.prvCopyDataFromQueue)
    prvCopyDataFromQueue                     0x08002901   Thumb Code    38  queue.o(i.prvCopyDataFromQueue)
    i.prvCopyDataToQueue                     0x08002926   Section        0  queue.o(i.prvCopyDataToQueue)
    prvCopyDataToQueue                       0x08002927   Thumb Code   108  queue.o(i.prvCopyDataToQueue)
    i.prvDeleteTCB                           0x08002992   Section        0  tasks.o(i.prvDeleteTCB)
    prvDeleteTCB                             0x08002993   Thumb Code    52  tasks.o(i.prvDeleteTCB)
    i.prvHeapInit                            0x080029c8   Section        0  heap_4.o(i.prvHeapInit)
    prvHeapInit                              0x080029c9   Thumb Code    64  heap_4.o(i.prvHeapInit)
    i.prvIdleTask                            0x08002a10   Section        0  tasks.o(i.prvIdleTask)
    prvIdleTask                              0x08002a11   Thumb Code    82  tasks.o(i.prvIdleTask)
    i.prvInitialiseNewQueue                  0x08002a70   Section        0  queue.o(i.prvInitialiseNewQueue)
    prvInitialiseNewQueue                    0x08002a71   Thumb Code    22  queue.o(i.prvInitialiseNewQueue)
    i.prvInitialiseNewTask                   0x08002a86   Section        0  tasks.o(i.prvInitialiseNewTask)
    prvInitialiseNewTask                     0x08002a87   Thumb Code   142  tasks.o(i.prvInitialiseNewTask)
    i.prvInsertBlockIntoFreeList             0x08002b14   Section        0  heap_4.o(i.prvInsertBlockIntoFreeList)
    prvInsertBlockIntoFreeList               0x08002b15   Thumb Code    72  heap_4.o(i.prvInsertBlockIntoFreeList)
    i.prvInsertTimerInActiveList             0x08002b60   Section        0  timers.o(i.prvInsertTimerInActiveList)
    prvInsertTimerInActiveList               0x08002b61   Thumb Code    52  timers.o(i.prvInsertTimerInActiveList)
    i.prvIsQueueEmpty                        0x08002b98   Section        0  queue.o(i.prvIsQueueEmpty)
    prvIsQueueEmpty                          0x08002b99   Thumb Code    28  queue.o(i.prvIsQueueEmpty)
    i.prvProcessReceivedCommands             0x08002bb4   Section        0  timers.o(i.prvProcessReceivedCommands)
    prvProcessReceivedCommands               0x08002bb5   Thumb Code   184  timers.o(i.prvProcessReceivedCommands)
    i.prvProcessTimerOrBlockTask             0x08002c70   Section        0  timers.o(i.prvProcessTimerOrBlockTask)
    prvProcessTimerOrBlockTask               0x08002c71   Thumb Code   172  timers.o(i.prvProcessTimerOrBlockTask)
    i.prvResetNextTaskUnblockTime            0x08002d24   Section        0  tasks.o(i.prvResetNextTaskUnblockTime)
    prvResetNextTaskUnblockTime              0x08002d25   Thumb Code    26  tasks.o(i.prvResetNextTaskUnblockTime)
    i.prvSampleTimeNow                       0x08002d44   Section        0  timers.o(i.prvSampleTimeNow)
    prvSampleTimeNow                         0x08002d45   Thumb Code    36  timers.o(i.prvSampleTimeNow)
    i.prvSwitchTimerLists                    0x08002d6c   Section        0  timers.o(i.prvSwitchTimerLists)
    prvSwitchTimerLists                      0x08002d6d   Thumb Code   102  timers.o(i.prvSwitchTimerLists)
    i.prvTaskExitError                       0x08002dd8   Section        0  port.o(i.prvTaskExitError)
    prvTaskExitError                         0x08002dd9   Thumb Code    36  port.o(i.prvTaskExitError)
    i.prvTimerTask                           0x08002e00   Section        0  timers.o(i.prvTimerTask)
    prvTimerTask                             0x08002e01   Thumb Code    32  timers.o(i.prvTimerTask)
    i.prvUnlockQueue                         0x08002e24   Section        0  queue.o(i.prvUnlockQueue)
    prvUnlockQueue                           0x08002e25   Thumb Code   106  queue.o(i.prvUnlockQueue)
    i.pvPortMalloc                           0x08002e90   Section        0  heap_4.o(i.pvPortMalloc)
    i.pxPortInitialiseStack                  0x08002f68   Section        0  port.o(i.pxPortInitialiseStack)
    i.run_stb                                0x08002f8c   Section        0  testprinter.o(i.run_stb)
    run_stb                                  0x08002f8d   Thumb Code   980  testprinter.o(i.run_stb)
    i.send_one_line_data                     0x08003374   Section        0  testprinter.o(i.send_one_line_data)
    send_one_line_data                       0x08003375   Thumb Code   160  testprinter.o(i.send_one_line_data)
    i.setDebugData                           0x08003424   Section        0  testprinter.o(i.setDebugData)
    setDebugData                             0x08003425   Thumb Code    14  testprinter.o(i.setDebugData)
    i.set_stb_idle                           0x08003432   Section        0  testprinter.o(i.set_stb_idle)
    set_stb_idle                             0x08003433   Thumb Code    54  testprinter.o(i.set_stb_idle)
    i.start_printing_by_onestb               0x08003468   Section        0  testprinter.o(i.start_printing_by_onestb)
    i.task_test                              0x080034f8   Section        0  main.o(i.task_test)
    i.testSTB                                0x0800352c   Section        0  testprinter.o(i.testSTB)
    i.uxListRemove                           0x080035b8   Section        0  list.o(i.uxListRemove)
    i.vApplicationGetIdleTaskMemory          0x080035e0   Section        0  freertos.o(i.vApplicationGetIdleTaskMemory)
    i.vApplicationGetTimerTaskMemory         0x080035f4   Section        0  freertos.o(i.vApplicationGetTimerTaskMemory)
    i.vListInitialise                        0x0800360c   Section        0  list.o(i.vListInitialise)
    i.vListInitialiseItem                    0x08003622   Section        0  list.o(i.vListInitialiseItem)
    i.vListInsert                            0x08003628   Section        0  list.o(i.vListInsert)
    i.vListInsertEnd                         0x08003658   Section        0  list.o(i.vListInsertEnd)
    i.vPortEnterCritical                     0x08003670   Section        0  port.o(i.vPortEnterCritical)
    i.vPortExitCritical                      0x080036b0   Section        0  port.o(i.vPortExitCritical)
    i.vPortFree                              0x080036d8   Section        0  heap_4.o(i.vPortFree)
    i.vPortSetupTimerInterrupt               0x08003734   Section        0  port.o(i.vPortSetupTimerInterrupt)
    i.vPortValidateInterruptPriority         0x08003758   Section        0  port.o(i.vPortValidateInterruptPriority)
    i.vQueueAddToRegistry                    0x080037ac   Section        0  queue.o(i.vQueueAddToRegistry)
    i.vQueueWaitForMessageRestricted         0x080037d4   Section        0  queue.o(i.vQueueWaitForMessageRestricted)
    i.vTaskDelay                             0x08003818   Section        0  tasks.o(i.vTaskDelay)
    i.vTaskInternalSetTimeOutState           0x08003864   Section        0  tasks.o(i.vTaskInternalSetTimeOutState)
    i.vTaskMissedYield                       0x08003874   Section        0  tasks.o(i.vTaskMissedYield)
    i.vTaskPlaceOnEventList                  0x08003880   Section        0  tasks.o(i.vTaskPlaceOnEventList)
    i.vTaskPlaceOnEventListRestricted        0x080038b0   Section        0  tasks.o(i.vTaskPlaceOnEventListRestricted)
    i.vTaskStartScheduler                    0x080038e8   Section        0  tasks.o(i.vTaskStartScheduler)
    i.vTaskSuspendAll                        0x08003970   Section        0  tasks.o(i.vTaskSuspendAll)
    i.vTaskSwitchContext                     0x08003980   Section        0  tasks.o(i.vTaskSwitchContext)
    i.xPortStartScheduler                    0x080039dc   Section        0  port.o(i.xPortStartScheduler)
    i.xQueueGenericCreateStatic              0x08003a84   Section        0  queue.o(i.xQueueGenericCreateStatic)
    i.xQueueGenericReset                     0x08003aec   Section        0  queue.o(i.xQueueGenericReset)
    i.xQueueGenericSend                      0x08003b74   Section        0  queue.o(i.xQueueGenericSend)
    i.xQueueGenericSendFromISR               0x08003cd4   Section        0  queue.o(i.xQueueGenericSendFromISR)
    i.xQueueReceive                          0x08003d90   Section        0  queue.o(i.xQueueReceive)
    i.xTaskCheckForTimeOut                   0x08003ec8   Section        0  tasks.o(i.xTaskCheckForTimeOut)
    i.xTaskCreate                            0x08003f3c   Section        0  tasks.o(i.xTaskCreate)
    i.xTaskCreateStatic                      0x08003f96   Section        0  tasks.o(i.xTaskCreateStatic)
    i.xTaskGetSchedulerState                 0x08003fec   Section        0  tasks.o(i.xTaskGetSchedulerState)
    i.xTaskGetTickCount                      0x08004008   Section        0  tasks.o(i.xTaskGetTickCount)
    i.xTaskIncrementTick                     0x08004014   Section        0  tasks.o(i.xTaskIncrementTick)
    i.xTaskPriorityDisinherit                0x080040dc   Section        0  tasks.o(i.xTaskPriorityDisinherit)
    i.xTaskRemoveFromEventList               0x08004174   Section        0  tasks.o(i.xTaskRemoveFromEventList)
    i.xTaskResumeAll                         0x080041e8   Section        0  tasks.o(i.xTaskResumeAll)
    i.xTimerCreateTimerTask                  0x080042ac   Section        0  timers.o(i.xTimerCreateTimerTask)
    i.xTimerGenericCommand                   0x0800430c   Section        0  timers.o(i.xTimerGenericCommand)
    .constdata                               0x0800436c   Section       28  freertos.o(.constdata)
    .constdata                               0x08004388   Section       18  stm32f1xx_hal_rcc.o(.constdata)
    aPredivFactorTable                       0x08004388   Data           2  stm32f1xx_hal_rcc.o(.constdata)
    aPLLMULFactorTable                       0x0800438a   Data          16  stm32f1xx_hal_rcc.o(.constdata)
    .constdata                               0x0800439a   Section       16  system_stm32f1xx.o(.constdata)
    .constdata                               0x080043aa   Section        8  system_stm32f1xx.o(.constdata)
    .conststring                             0x080043b4   Section       12  freertos.o(.conststring)
    .conststring                             0x080043c0   Section       66  testprinter.o(.conststring)
    .data                                    0x20000000   Section        4  freertos.o(.data)
    .data                                    0x20000004   Section       12  stm32f1xx_hal.o(.data)
    .data                                    0x20000010   Section        4  system_stm32f1xx.o(.data)
    .data                                    0x20000014   Section       60  tasks.o(.data)
    pxDelayedTaskList                        0x20000018   Data           4  tasks.o(.data)
    pxOverflowDelayedTaskList                0x2000001c   Data           4  tasks.o(.data)
    uxDeletedTasksWaitingCleanUp             0x20000020   Data           4  tasks.o(.data)
    uxCurrentNumberOfTasks                   0x20000024   Data           4  tasks.o(.data)
    xTickCount                               0x20000028   Data           4  tasks.o(.data)
    uxTopReadyPriority                       0x2000002c   Data           4  tasks.o(.data)
    xSchedulerRunning                        0x20000030   Data           4  tasks.o(.data)
    uxPendedTicks                            0x20000034   Data           4  tasks.o(.data)
    xYieldPending                            0x20000038   Data           4  tasks.o(.data)
    xNumOfOverflows                          0x2000003c   Data           4  tasks.o(.data)
    uxTaskNumber                             0x20000040   Data           4  tasks.o(.data)
    xNextTaskUnblockTime                     0x20000044   Data           4  tasks.o(.data)
    xIdleTaskHandle                          0x20000048   Data           4  tasks.o(.data)
    uxSchedulerSuspended                     0x2000004c   Data           4  tasks.o(.data)
    .data                                    0x20000050   Section       20  timers.o(.data)
    pxCurrentTimerList                       0x20000050   Data           4  timers.o(.data)
    pxOverflowTimerList                      0x20000054   Data           4  timers.o(.data)
    xTimerQueue                              0x20000058   Data           4  timers.o(.data)
    xTimerTaskHandle                         0x2000005c   Data           4  timers.o(.data)
    xLastTime                                0x20000060   Data           4  timers.o(.data)
    .data                                    0x20000064   Section       24  heap_4.o(.data)
    pxEnd                                    0x20000064   Data           4  heap_4.o(.data)
    xFreeBytesRemaining                      0x20000068   Data           4  heap_4.o(.data)
    xMinimumEverFreeBytesRemaining           0x2000006c   Data           4  heap_4.o(.data)
    xBlockAllocatedBit                       0x20000070   Data           4  heap_4.o(.data)
    xStart                                   0x20000074   Data           8  heap_4.o(.data)
    .data                                    0x2000007c   Section       12  port.o(.data)
    ucMaxSysCallPriority                     0x2000007c   Data           1  port.o(.data)
    uxCriticalNesting                        0x20000080   Data           4  port.o(.data)
    ulMaxPRIGROUPValue                       0x20000084   Data           4  port.o(.data)
    .data                                    0x20000088   Section        1  testprinter.o(.data)
    .data                                    0x2000008c   Section       40  testmotor.o(.data)
    .data                                    0x200000b4   Section        4  stdout.o(.data)
    .bss                                     0x200000b8   Section     1704  freertos.o(.bss)
    xIdleTaskTCBBuffer                       0x200000b8   Data          84  freertos.o(.bss)
    xIdleStack                               0x2000010c   Data         512  freertos.o(.bss)
    xTimerTaskTCBBuffer                      0x2000030c   Data          84  freertos.o(.bss)
    xTimerStack                              0x20000360   Data        1024  freertos.o(.bss)
    .bss                                     0x20000760   Section       48  adc.o(.bss)
    .bss                                     0x20000790   Section       88  spi.o(.bss)
    .bss                                     0x200007e8   Section       72  tim.o(.bss)
    .bss                                     0x20000830   Section      144  usart.o(.bss)
    .bss                                     0x200008c0   Section       72  stm32f1xx_hal_timebase_tim.o(.bss)
    .bss                                     0x20000908   Section       64  queue.o(.bss)
    .bss                                     0x20000948   Section      240  tasks.o(.bss)
    pxReadyTasksLists                        0x20000948   Data         140  tasks.o(.bss)
    xDelayedTaskList1                        0x200009d4   Data          20  tasks.o(.bss)
    xDelayedTaskList2                        0x200009e8   Data          20  tasks.o(.bss)
    xPendingReadyList                        0x200009fc   Data          20  tasks.o(.bss)
    xTasksWaitingTermination                 0x20000a10   Data          20  tasks.o(.bss)
    xSuspendedTaskList                       0x20000a24   Data          20  tasks.o(.bss)
    .bss                                     0x20000a38   Section      232  timers.o(.bss)
    xActiveTimerList1                        0x20000a38   Data          20  timers.o(.bss)
    xActiveTimerList2                        0x20000a4c   Data          20  timers.o(.bss)
    xStaticTimerQueue                        0x20000a60   Data          72  timers.o(.bss)
    ucStaticTimerQueueStorage                0x20000aa8   Data         120  timers.o(.bss)
    .bss                                     0x20000b20   Section     4072  heap_4.o(.bss)
    ucHeap                                   0x20000b20   Data        4072  heap_4.o(.bss)
    .bss                                     0x20001b08   Section       24  testprinter.o(.bss)
    STACK                                    0x20001b20   Section     1024  startup_stm32f103xb.o(STACK)

    Global Symbols

    Symbol Name                              Value     Ov Type        Size  Object(Section)

    BuildAttributes$$THM_ISAv4$P$D$K$B$S$PE$A:L22UL41UL21$X:L11$S22US41US21$IEEE1$IW$USESV6$~STKCKD$USESV7$~SHL$OTIME$ROPI$EBA8$MICROLIB$REQ8$PRES8$EABIv2 0x00000000   Number         0  anon$$obj.o ABSOLUTE
    __ARM_use_no_argv                        0x00000000   Number         0  main.o ABSOLUTE
    _printf_a                                0x00000000   Number         0  stubs.o ABSOLUTE
    _printf_c                                0x00000000   Number         0  stubs.o ABSOLUTE
    _printf_charcount                        0x00000000   Number         0  stubs.o ABSOLUTE
    _printf_d                                0x00000000   Number         0  stubs.o ABSOLUTE
    _printf_e                                0x00000000   Number         0  stubs.o ABSOLUTE
    _printf_f                                0x00000000   Number         0  stubs.o ABSOLUTE
    _printf_flags                            0x00000000   Number         0  stubs.o ABSOLUTE
    _printf_fp_dec                           0x00000000   Number         0  stubs.o ABSOLUTE
    _printf_fp_hex                           0x00000000   Number         0  stubs.o ABSOLUTE
    _printf_g                                0x00000000   Number         0  stubs.o ABSOLUTE
    _printf_i                                0x00000000   Number         0  stubs.o ABSOLUTE
    _printf_int_dec                          0x00000000   Number         0  stubs.o ABSOLUTE
    _printf_l                                0x00000000   Number         0  stubs.o ABSOLUTE
    _printf_lc                               0x00000000   Number         0  stubs.o ABSOLUTE
    _printf_ll                               0x00000000   Number         0  stubs.o ABSOLUTE
    _printf_lld                              0x00000000   Number         0  stubs.o ABSOLUTE
    _printf_lli                              0x00000000   Number         0  stubs.o ABSOLUTE
    _printf_llo                              0x00000000   Number         0  stubs.o ABSOLUTE
    _printf_llu                              0x00000000   Number         0  stubs.o ABSOLUTE
    _printf_llx                              0x00000000   Number         0  stubs.o ABSOLUTE
    _printf_longlong_dec                     0x00000000   Number         0  stubs.o ABSOLUTE
    _printf_longlong_hex                     0x00000000   Number         0  stubs.o ABSOLUTE
    _printf_longlong_oct                     0x00000000   Number         0  stubs.o ABSOLUTE
    _printf_ls                               0x00000000   Number         0  stubs.o ABSOLUTE
    _printf_mbtowc                           0x00000000   Number         0  stubs.o ABSOLUTE
    _printf_n                                0x00000000   Number         0  stubs.o ABSOLUTE
    _printf_o                                0x00000000   Number         0  stubs.o ABSOLUTE
    _printf_p                                0x00000000   Number         0  stubs.o ABSOLUTE
    _printf_percent                          0x00000000   Number         0  stubs.o ABSOLUTE
    _printf_pre_padding                      0x00000000   Number         0  stubs.o ABSOLUTE
    _printf_return_value                     0x00000000   Number         0  stubs.o ABSOLUTE
    _printf_s                                0x00000000   Number         0  stubs.o ABSOLUTE
    _printf_sizespec                         0x00000000   Number         0  stubs.o ABSOLUTE
    _printf_str                              0x00000000   Number         0  stubs.o ABSOLUTE
    _printf_truncate_signed                  0x00000000   Number         0  stubs.o ABSOLUTE
    _printf_truncate_unsigned                0x00000000   Number         0  stubs.o ABSOLUTE
    _printf_u                                0x00000000   Number         0  stubs.o ABSOLUTE
    _printf_wc                               0x00000000   Number         0  stubs.o ABSOLUTE
    _printf_wctomb                           0x00000000   Number         0  stubs.o ABSOLUTE
    _printf_widthprec                        0x00000000   Number         0  stubs.o ABSOLUTE
    _printf_x                                0x00000000   Number         0  stubs.o ABSOLUTE
    __cpp_initialize__aeabi_                  - Undefined Weak Reference
    __cxa_finalize                            - Undefined Weak Reference
    __decompress                              - Undefined Weak Reference
    _clock_init                               - Undefined Weak Reference
    _microlib_exit                            - Undefined Weak Reference
    __Vectors_Size                           0x000000ec   Number         0  startup_stm32f103xb.o ABSOLUTE
    __Vectors                                0x08000000   Data           4  startup_stm32f103xb.o(RESET)
    __Vectors_End                            0x080000ec   Data           0  startup_stm32f103xb.o(RESET)
    __main                                   0x080000ed   Thumb Code     0  entry.o(.ARM.Collect$$$$00000000)
    _main_stk                                0x080000ed   Thumb Code     0  entry2.o(.ARM.Collect$$$$00000001)
    _main_scatterload                        0x080000f1   Thumb Code     0  entry5.o(.ARM.Collect$$$$00000004)
    __main_after_scatterload                 0x080000f5   Thumb Code     0  entry5.o(.ARM.Collect$$$$00000004)
    _main_clock                              0x080000f5   Thumb Code     0  entry7b.o(.ARM.Collect$$$$00000008)
    _main_cpp_init                           0x080000f5   Thumb Code     0  entry8b.o(.ARM.Collect$$$$0000000A)
    _main_init                               0x080000f5   Thumb Code     0  entry9a.o(.ARM.Collect$$$$0000000B)
    __rt_final_cpp                           0x080000fd   Thumb Code     0  entry10a.o(.ARM.Collect$$$$0000000D)
    __rt_final_exit                          0x080000fd   Thumb Code     0  entry11a.o(.ARM.Collect$$$$0000000F)
    SVC_Handler                              0x08000101   Thumb Code    32  port.o(.emb_text)
    __asm___6_port_c_39a90d8d__prvStartFirstTask 0x08000125   Thumb Code    28  port.o(.emb_text)
    PendSV_Handler                           0x08000145   Thumb Code    72  port.o(.emb_text)
    vPortGetIPSR                             0x08000191   Thumb Code     6  port.o(.emb_text)
    Reset_Handler                            0x08000199   Thumb Code     8  startup_stm32f103xb.o(.text)
    ADC1_2_IRQHandler                        0x080001b3   Thumb Code     0  startup_stm32f103xb.o(.text)
    CAN1_RX1_IRQHandler                      0x080001b3   Thumb Code     0  startup_stm32f103xb.o(.text)
    CAN1_SCE_IRQHandler                      0x080001b3   Thumb Code     0  startup_stm32f103xb.o(.text)
    DMA1_Channel1_IRQHandler                 0x080001b3   Thumb Code     0  startup_stm32f103xb.o(.text)
    DMA1_Channel2_IRQHandler                 0x080001b3   Thumb Code     0  startup_stm32f103xb.o(.text)
    DMA1_Channel3_IRQHandler                 0x080001b3   Thumb Code     0  startup_stm32f103xb.o(.text)
    DMA1_Channel4_IRQHandler                 0x080001b3   Thumb Code     0  startup_stm32f103xb.o(.text)
    DMA1_Channel5_IRQHandler                 0x080001b3   Thumb Code     0  startup_stm32f103xb.o(.text)
    DMA1_Channel6_IRQHandler                 0x080001b3   Thumb Code     0  startup_stm32f103xb.o(.text)
    DMA1_Channel7_IRQHandler                 0x080001b3   Thumb Code     0  startup_stm32f103xb.o(.text)
    EXTI0_IRQHandler                         0x080001b3   Thumb Code     0  startup_stm32f103xb.o(.text)
    EXTI15_10_IRQHandler                     0x080001b3   Thumb Code     0  startup_stm32f103xb.o(.text)
    EXTI1_IRQHandler                         0x080001b3   Thumb Code     0  startup_stm32f103xb.o(.text)
    EXTI2_IRQHandler                         0x080001b3   Thumb Code     0  startup_stm32f103xb.o(.text)
    EXTI3_IRQHandler                         0x080001b3   Thumb Code     0  startup_stm32f103xb.o(.text)
    EXTI4_IRQHandler                         0x080001b3   Thumb Code     0  startup_stm32f103xb.o(.text)
    EXTI9_5_IRQHandler                       0x080001b3   Thumb Code     0  startup_stm32f103xb.o(.text)
    FLASH_IRQHandler                         0x080001b3   Thumb Code     0  startup_stm32f103xb.o(.text)
    I2C1_ER_IRQHandler                       0x080001b3   Thumb Code     0  startup_stm32f103xb.o(.text)
    I2C1_EV_IRQHandler                       0x080001b3   Thumb Code     0  startup_stm32f103xb.o(.text)
    I2C2_ER_IRQHandler                       0x080001b3   Thumb Code     0  startup_stm32f103xb.o(.text)
    I2C2_EV_IRQHandler                       0x080001b3   Thumb Code     0  startup_stm32f103xb.o(.text)
    PVD_IRQHandler                           0x080001b3   Thumb Code     0  startup_stm32f103xb.o(.text)
    RCC_IRQHandler                           0x080001b3   Thumb Code     0  startup_stm32f103xb.o(.text)
    RTC_Alarm_IRQHandler                     0x080001b3   Thumb Code     0  startup_stm32f103xb.o(.text)
    RTC_IRQHandler                           0x080001b3   Thumb Code     0  startup_stm32f103xb.o(.text)
    SPI1_IRQHandler                          0x080001b3   Thumb Code     0  startup_stm32f103xb.o(.text)
    SPI2_IRQHandler                          0x080001b3   Thumb Code     0  startup_stm32f103xb.o(.text)
    TAMPER_IRQHandler                        0x080001b3   Thumb Code     0  startup_stm32f103xb.o(.text)
    TIM1_BRK_IRQHandler                      0x080001b3   Thumb Code     0  startup_stm32f103xb.o(.text)
    TIM1_CC_IRQHandler                       0x080001b3   Thumb Code     0  startup_stm32f103xb.o(.text)
    TIM1_TRG_COM_IRQHandler                  0x080001b3   Thumb Code     0  startup_stm32f103xb.o(.text)
    TIM1_UP_IRQHandler                       0x080001b3   Thumb Code     0  startup_stm32f103xb.o(.text)
    TIM2_IRQHandler                          0x080001b3   Thumb Code     0  startup_stm32f103xb.o(.text)
    TIM3_IRQHandler                          0x080001b3   Thumb Code     0  startup_stm32f103xb.o(.text)
    USART1_IRQHandler                        0x080001b3   Thumb Code     0  startup_stm32f103xb.o(.text)
    USART2_IRQHandler                        0x080001b3   Thumb Code     0  startup_stm32f103xb.o(.text)
    USART3_IRQHandler                        0x080001b3   Thumb Code     0  startup_stm32f103xb.o(.text)
    USBWakeUp_IRQHandler                     0x080001b3   Thumb Code     0  startup_stm32f103xb.o(.text)
    USB_HP_CAN1_TX_IRQHandler                0x080001b3   Thumb Code     0  startup_stm32f103xb.o(.text)
    USB_LP_CAN1_RX0_IRQHandler               0x080001b3   Thumb Code     0  startup_stm32f103xb.o(.text)
    WWDG_IRQHandler                          0x080001b3   Thumb Code     0  startup_stm32f103xb.o(.text)
    __aeabi_llsr                             0x080001bd   Thumb Code    32  llushr.o(.text)
    _ll_ushift_r                             0x080001bd   Thumb Code     0  llushr.o(.text)
    __aeabi_memcpy                           0x080001dd   Thumb Code    36  memcpya.o(.text)
    __aeabi_memcpy4                          0x080001dd   Thumb Code     0  memcpya.o(.text)
    __aeabi_memcpy8                          0x080001dd   Thumb Code     0  memcpya.o(.text)
    __aeabi_memset                           0x08000201   Thumb Code    14  memseta.o(.text)
    __aeabi_memset4                          0x08000201   Thumb Code     0  memseta.o(.text)
    __aeabi_memset8                          0x08000201   Thumb Code     0  memseta.o(.text)
    __aeabi_memclr                           0x0800020f   Thumb Code     4  memseta.o(.text)
    __aeabi_memclr4                          0x0800020f   Thumb Code     0  memseta.o(.text)
    __aeabi_memclr8                          0x0800020f   Thumb Code     0  memseta.o(.text)
    memset                                   0x08000213   Thumb Code    18  memseta.o(.text)
    __aeabi_fadd                             0x08000225   Thumb Code   164  fadd.o(.text)
    __aeabi_fsub                             0x080002c9   Thumb Code     6  fadd.o(.text)
    __aeabi_frsub                            0x080002cf   Thumb Code     6  fadd.o(.text)
    __aeabi_fmul                             0x080002d5   Thumb Code   100  fmul.o(.text)
    __aeabi_dmul                             0x08000339   Thumb Code   228  dmul.o(.text)
    __aeabi_ddiv                             0x0800041d   Thumb Code   222  ddiv.o(.text)
    __aeabi_ui2f                             0x080004fb   Thumb Code    10  ffltui.o(.text)
    __aeabi_ui2d                             0x08000505   Thumb Code    26  dfltui.o(.text)
    __aeabi_f2d                              0x0800051f   Thumb Code    38  f2d.o(.text)
    __aeabi_cdcmpeq                          0x08000545   Thumb Code     0  cdcmple.o(.text)
    __aeabi_cdcmple                          0x08000545   Thumb Code    48  cdcmple.o(.text)
    __aeabi_d2f                              0x08000575   Thumb Code    56  d2f.o(.text)
    __aeabi_uidiv                            0x080005ad   Thumb Code     0  uidiv.o(.text)
    __aeabi_uidivmod                         0x080005ad   Thumb Code    44  uidiv.o(.text)
    __I$use$fp                               0x080005d9   Thumb Code     0  iusefp.o(.text)
    _float_round                             0x080005d9   Thumb Code    18  fepilogue.o(.text)
    _float_epilogue                          0x080005eb   Thumb Code    92  fepilogue.o(.text)
    _double_round                            0x08000647   Thumb Code    30  depilogue.o(.text)
    _double_epilogue                         0x08000665   Thumb Code   156  depilogue.o(.text)
    __scatterload                            0x08000701   Thumb Code    28  init.o(.text)
    __scatterload_rt2                        0x08000701   Thumb Code     0  init.o(.text)
    __aeabi_llsl                             0x08000725   Thumb Code    30  llshl.o(.text)
    _ll_shift_l                              0x08000725   Thumb Code     0  llshl.o(.text)
    ADC_ConversionStop_Disable               0x08000745   Thumb Code    86  stm32f1xx_hal_adc.o(i.ADC_ConversionStop_Disable)
    BusFault_Handler                         0x0800079b   Thumb Code     2  stm32f1xx_it.o(i.BusFault_Handler)
    DebugMon_Handler                         0x0800079d   Thumb Code     2  stm32f1xx_it.o(i.DebugMon_Handler)
    Error_Handler                            0x0800079f   Thumb Code     4  main.o(i.Error_Handler)
    HAL_ADC_ConfigChannel                    0x080007a5   Thumb Code   240  stm32f1xx_hal_adc.o(i.HAL_ADC_ConfigChannel)
    HAL_ADC_Init                             0x080008a1   Thumb Code   272  stm32f1xx_hal_adc.o(i.HAL_ADC_Init)
    HAL_ADC_MspInit                          0x080009bd   Thumb Code    74  adc.o(i.HAL_ADC_MspInit)
    HAL_GPIO_Init                            0x08000a15   Thumb Code   446  stm32f1xx_hal_gpio.o(i.HAL_GPIO_Init)
    HAL_GPIO_WritePin                        0x08000bf5   Thumb Code    10  stm32f1xx_hal_gpio.o(i.HAL_GPIO_WritePin)
    HAL_GetTick                              0x08000c01   Thumb Code     6  stm32f1xx_hal.o(i.HAL_GetTick)
    HAL_IncTick                              0x08000c0d   Thumb Code    12  stm32f1xx_hal.o(i.HAL_IncTick)
    HAL_Init                                 0x08000c1d   Thumb Code    32  stm32f1xx_hal.o(i.HAL_Init)
    HAL_InitTick                             0x08000c41   Thumb Code   132  stm32f1xx_hal_timebase_tim.o(i.HAL_InitTick)
    HAL_MspInit                              0x08000cd9   Thumb Code    62  stm32f1xx_hal_msp.o(i.HAL_MspInit)
    HAL_NVIC_EnableIRQ                       0x08000d21   Thumb Code    26  stm32f1xx_hal_cortex.o(i.HAL_NVIC_EnableIRQ)
    HAL_NVIC_SetPriority                     0x08000d3d   Thumb Code    60  stm32f1xx_hal_cortex.o(i.HAL_NVIC_SetPriority)
    HAL_NVIC_SetPriorityGrouping             0x08000d7d   Thumb Code    26  stm32f1xx_hal_cortex.o(i.HAL_NVIC_SetPriorityGrouping)
    HAL_RCCEx_PeriphCLKConfig                0x08000da1   Thumb Code   224  stm32f1xx_hal_rcc_ex.o(i.HAL_RCCEx_PeriphCLKConfig)
    HAL_RCC_ClockConfig                      0x08000e8d   Thumb Code   280  stm32f1xx_hal_rcc.o(i.HAL_RCC_ClockConfig)
    HAL_RCC_GetClockConfig                   0x08000fb9   Thumb Code    54  stm32f1xx_hal_rcc.o(i.HAL_RCC_GetClockConfig)
    HAL_RCC_GetPCLK1Freq                     0x08000ff9   Thumb Code    20  stm32f1xx_hal_rcc.o(i.HAL_RCC_GetPCLK1Freq)
    HAL_RCC_GetPCLK2Freq                     0x08001019   Thumb Code    20  stm32f1xx_hal_rcc.o(i.HAL_RCC_GetPCLK2Freq)
    HAL_RCC_GetSysClockFreq                  0x08001039   Thumb Code    58  stm32f1xx_hal_rcc.o(i.HAL_RCC_GetSysClockFreq)
    HAL_RCC_OscConfig                        0x08001085   Thumb Code   778  stm32f1xx_hal_rcc.o(i.HAL_RCC_OscConfig)
    HAL_SPI_Init                             0x080013a5   Thumb Code   178  stm32f1xx_hal_spi.o(i.HAL_SPI_Init)
    HAL_SPI_MspInit                          0x08001459   Thumb Code    80  spi.o(i.HAL_SPI_MspInit)
    HAL_SPI_Transmit                         0x080014b5   Thumb Code   366  stm32f1xx_hal_spi.o(i.HAL_SPI_Transmit)
    HAL_TIMEx_BreakCallback                  0x08001623   Thumb Code     2  stm32f1xx_hal_tim_ex.o(i.HAL_TIMEx_BreakCallback)
    HAL_TIMEx_CommutCallback                 0x08001625   Thumb Code     2  stm32f1xx_hal_tim_ex.o(i.HAL_TIMEx_CommutCallback)
    HAL_TIMEx_MasterConfigSynchronization    0x08001629   Thumb Code    92  stm32f1xx_hal_tim_ex.o(i.HAL_TIMEx_MasterConfigSynchronization)
    HAL_TIM_Base_Init                        0x08001691   Thumb Code    90  stm32f1xx_hal_tim.o(i.HAL_TIM_Base_Init)
    HAL_TIM_Base_MspInit                     0x080016ed   Thumb Code    30  tim.o(i.HAL_TIM_Base_MspInit)
    HAL_TIM_Base_Start_IT                    0x08001715   Thumb Code    76  stm32f1xx_hal_tim.o(i.HAL_TIM_Base_Start_IT)
    HAL_TIM_ConfigClockSource                0x0800176d   Thumb Code   220  stm32f1xx_hal_tim.o(i.HAL_TIM_ConfigClockSource)
    HAL_TIM_IC_CaptureCallback               0x08001849   Thumb Code     2  stm32f1xx_hal_tim.o(i.HAL_TIM_IC_CaptureCallback)
    HAL_TIM_IRQHandler                       0x0800184b   Thumb Code   358  stm32f1xx_hal_tim.o(i.HAL_TIM_IRQHandler)
    HAL_TIM_OC_DelayElapsedCallback          0x080019b1   Thumb Code     2  stm32f1xx_hal_tim.o(i.HAL_TIM_OC_DelayElapsedCallback)
    HAL_TIM_PWM_PulseFinishedCallback        0x080019b3   Thumb Code     2  stm32f1xx_hal_tim.o(i.HAL_TIM_PWM_PulseFinishedCallback)
    HAL_TIM_PeriodElapsedCallback            0x080019b5   Thumb Code    14  main.o(i.HAL_TIM_PeriodElapsedCallback)
    HAL_TIM_TriggerCallback                  0x080019c9   Thumb Code     2  stm32f1xx_hal_tim.o(i.HAL_TIM_TriggerCallback)
    HAL_UART_Init                            0x080019cb   Thumb Code   100  stm32f1xx_hal_uart.o(i.HAL_UART_Init)
    HAL_UART_MspInit                         0x08001a31   Thumb Code   156  usart.o(i.HAL_UART_MspInit)
    HAL_UART_Transmit                        0x08001add   Thumb Code   154  stm32f1xx_hal_uart.o(i.HAL_UART_Transmit)
    HardFault_Handler                        0x08001b77   Thumb Code     2  stm32f1xx_it.o(i.HardFault_Handler)
    Init_Spi                                 0x08001b79   Thumb Code     2  au_spi.o(i.Init_Spi)
    MX_ADC1_Init                             0x08001b7d   Thumb Code    94  adc.o(i.MX_ADC1_Init)
    MX_FREERTOS_Init                         0x08001be5   Thumb Code    30  freertos.o(i.MX_FREERTOS_Init)
    MX_GPIO_Init                             0x08001c0d   Thumb Code   206  gpio.o(i.MX_GPIO_Init)
    MX_SPI1_Init                             0x08001ced   Thumb Code    64  spi.o(i.MX_SPI1_Init)
    MX_TIM1_Init                             0x08001d35   Thumb Code    96  tim.o(i.MX_TIM1_Init)
    MX_USART1_UART_Init                      0x08001d9d   Thumb Code    48  usart.o(i.MX_USART1_UART_Init)
    MX_USART2_UART_Init                      0x08001dd5   Thumb Code    48  usart.o(i.MX_USART2_UART_Init)
    MemManage_Handler                        0x08001e0d   Thumb Code     2  stm32f1xx_it.o(i.MemManage_Handler)
    NMI_Handler                              0x08001e0f   Thumb Code     2  stm32f1xx_it.o(i.NMI_Handler)
    Spi_Command                              0x08001ee9   Thumb Code    12  au_spi.o(i.Spi_Command)
    StartDefaultTask                         0x08001ef9   Thumb Code     8  freertos.o(i.StartDefaultTask)
    SysTick_Handler                          0x08001f01   Thumb Code    38  port.o(i.SysTick_Handler)
    SystemClock_Config                       0x08001f2d   Thumb Code   104  main.o(i.SystemClock_Config)
    SystemInit                               0x08001f95   Thumb Code     2  system_stm32f1xx.o(i.SystemInit)
    TIM4_IRQHandler                          0x08001f99   Thumb Code     6  stm32f1xx_it.o(i.TIM4_IRQHandler)
    TIM_Base_SetConfig                       0x08001fa5   Thumb Code    94  stm32f1xx_hal_tim.o(i.TIM_Base_SetConfig)
    TIM_ETR_SetConfig                        0x08002011   Thumb Code    20  stm32f1xx_hal_tim.o(i.TIM_ETR_SetConfig)
    UsageFault_Handler                       0x080021ad   Thumb Code     2  stm32f1xx_it.o(i.UsageFault_Handler)
    __0printf$1                              0x080021b1   Thumb Code    22  printf1.o(i.__0printf$1)
    __1printf$1                              0x080021b1   Thumb Code     0  printf1.o(i.__0printf$1)
    __2printf                                0x080021b1   Thumb Code     0  printf1.o(i.__0printf$1)
    __scatterload_copy                       0x080021f1   Thumb Code    14  handlers.o(i.__scatterload_copy)
    __scatterload_null                       0x080021ff   Thumb Code     2  handlers.o(i.__scatterload_null)
    __scatterload_zeroinit                   0x08002201   Thumb Code    14  handlers.o(i.__scatterload_zeroinit)
    clearAddTime                             0x08002365   Thumb Code    18  testprinter.o(i.clearAddTime)
    fputc                                    0x08002425   Thumb Code    20  main.o(i.fputc)
    init_motor                               0x08002449   Thumb Code    38  testmotor.o(i.init_motor)
    init_printer                             0x0800246f   Thumb Code    26  testprinter.o(i.init_printer)
    main                                     0x08002489   Thumb Code    70  main.o(i.main)
    motor_run                                0x080024f9   Thumb Code    80  testmotor.o(i.motor_run)
    motor_run_step                           0x0800254d   Thumb Code   156  testmotor.o(i.motor_run_step)
    motor_stop                               0x080025f1   Thumb Code    52  testmotor.o(i.motor_stop)
    move_and_start_std                       0x08002629   Thumb Code   106  testprinter.o(i.move_and_start_std)
    osDelay                                  0x080026a5   Thumb Code    14  cmsis_os.o(i.osDelay)
    osKernelStart                            0x080026b3   Thumb Code    10  cmsis_os.o(i.osKernelStart)
    osThreadCreate                           0x080026bd   Thumb Code    84  cmsis_os.o(i.osThreadCreate)
    osTimerStop                              0x08002711   Thumb Code    82  cmsis_os.o(i.osTimerStop)
    pvPortMalloc                             0x08002e91   Thumb Code   210  heap_4.o(i.pvPortMalloc)
    pxPortInitialiseStack                    0x08002f69   Thumb Code    32  port.o(i.pxPortInitialiseStack)
    start_printing_by_onestb                 0x08003469   Thumb Code    98  testprinter.o(i.start_printing_by_onestb)
    task_test                                0x080034f9   Thumb Code    48  main.o(i.task_test)
    testSTB                                  0x0800352d   Thumb Code   118  testprinter.o(i.testSTB)
    uxListRemove                             0x080035b9   Thumb Code    38  list.o(i.uxListRemove)
    vApplicationGetIdleTaskMemory            0x080035e1   Thumb Code    16  freertos.o(i.vApplicationGetIdleTaskMemory)
    vApplicationGetTimerTaskMemory           0x080035f5   Thumb Code    18  freertos.o(i.vApplicationGetTimerTaskMemory)
    vListInitialise                          0x0800360d   Thumb Code    22  list.o(i.vListInitialise)
    vListInitialiseItem                      0x08003623   Thumb Code     6  list.o(i.vListInitialiseItem)
    vListInsert                              0x08003629   Thumb Code    48  list.o(i.vListInsert)
    vListInsertEnd                           0x08003659   Thumb Code    24  list.o(i.vListInsertEnd)
    vPortEnterCritical                       0x08003671   Thumb Code    54  port.o(i.vPortEnterCritical)
    vPortExitCritical                        0x080036b1   Thumb Code    34  port.o(i.vPortExitCritical)
    vPortFree                                0x080036d9   Thumb Code    88  heap_4.o(i.vPortFree)
    vPortSetupTimerInterrupt                 0x08003735   Thumb Code    32  port.o(i.vPortSetupTimerInterrupt)
    vPortValidateInterruptPriority           0x08003759   Thumb Code    74  port.o(i.vPortValidateInterruptPriority)
    vQueueAddToRegistry                      0x080037ad   Thumb Code    34  queue.o(i.vQueueAddToRegistry)
    vQueueWaitForMessageRestricted           0x080037d5   Thumb Code    68  queue.o(i.vQueueWaitForMessageRestricted)
    vTaskDelay                               0x08003819   Thumb Code    66  tasks.o(i.vTaskDelay)
    vTaskInternalSetTimeOutState             0x08003865   Thumb Code    12  tasks.o(i.vTaskInternalSetTimeOutState)
    vTaskMissedYield                         0x08003875   Thumb Code     8  tasks.o(i.vTaskMissedYield)
    vTaskPlaceOnEventList                    0x08003881   Thumb Code    44  tasks.o(i.vTaskPlaceOnEventList)
    vTaskPlaceOnEventListRestricted          0x080038b1   Thumb Code    52  tasks.o(i.vTaskPlaceOnEventListRestricted)
    vTaskStartScheduler                      0x080038e9   Thumb Code   118  tasks.o(i.vTaskStartScheduler)
    vTaskSuspendAll                          0x08003971   Thumb Code    10  tasks.o(i.vTaskSuspendAll)
    vTaskSwitchContext                       0x08003981   Thumb Code    82  tasks.o(i.vTaskSwitchContext)
    xPortStartScheduler                      0x080039dd   Thumb Code   154  port.o(i.xPortStartScheduler)
    xQueueGenericCreateStatic                0x08003a85   Thumb Code   102  queue.o(i.xQueueGenericCreateStatic)
    xQueueGenericReset                       0x08003aed   Thumb Code   132  queue.o(i.xQueueGenericReset)
    xQueueGenericSend                        0x08003b75   Thumb Code   346  queue.o(i.xQueueGenericSend)
    xQueueGenericSendFromISR                 0x08003cd5   Thumb Code   188  queue.o(i.xQueueGenericSendFromISR)
    xQueueReceive                            0x08003d91   Thumb Code   308  queue.o(i.xQueueReceive)
    xTaskCheckForTimeOut                     0x08003ec9   Thumb Code   112  tasks.o(i.xTaskCheckForTimeOut)
    xTaskCreate                              0x08003f3d   Thumb Code    90  tasks.o(i.xTaskCreate)
    xTaskCreateStatic                        0x08003f97   Thumb Code    86  tasks.o(i.xTaskCreateStatic)
    xTaskGetSchedulerState                   0x08003fed   Thumb Code    22  tasks.o(i.xTaskGetSchedulerState)
    xTaskGetTickCount                        0x08004009   Thumb Code     6  tasks.o(i.xTaskGetTickCount)
    xTaskIncrementTick                       0x08004015   Thumb Code   192  tasks.o(i.xTaskIncrementTick)
    xTaskPriorityDisinherit                  0x080040dd   Thumb Code   144  tasks.o(i.xTaskPriorityDisinherit)
    xTaskRemoveFromEventList                 0x08004175   Thumb Code   108  tasks.o(i.xTaskRemoveFromEventList)
    xTaskResumeAll                           0x080041e9   Thumb Code   182  tasks.o(i.xTaskResumeAll)
    xTimerCreateTimerTask                    0x080042ad   Thumb Code    78  timers.o(i.xTimerCreateTimerTask)
    xTimerGenericCommand                     0x0800430d   Thumb Code    92  timers.o(i.xTimerGenericCommand)
    AHBPrescTable                            0x0800439a   Data          16  system_stm32f1xx.o(.constdata)
    APBPrescTable                            0x080043aa   Data           8  system_stm32f1xx.o(.constdata)
    Region$$Table$$Base                      0x08004404   Number         0  anon$$obj.o(Region$$Table)
    Region$$Table$$Limit                     0x08004424   Number         0  anon$$obj.o(Region$$Table)
    defaultTaskHandle                        0x20000000   Data           4  freertos.o(.data)
    uwTickFreq                               0x20000004   Data           1  stm32f1xx_hal.o(.data)
    uwTickPrio                               0x20000008   Data           4  stm32f1xx_hal.o(.data)
    uwTick                                   0x2000000c   Data           4  stm32f1xx_hal.o(.data)
    SystemCoreClock                          0x20000010   Data           4  system_stm32f1xx.o(.data)
    pxCurrentTCB                             0x20000014   Data           4  tasks.o(.data)
    heat_density                             0x20000088   Data           1  testprinter.o(.data)
    motor_pos                                0x2000008c   Data           1  testmotor.o(.data)
    myMotorTimerHandle                       0x20000090   Data           4  testmotor.o(.data)
    motor_table                              0x20000094   Data          32  testmotor.o(.data)
    __stdout                                 0x200000b4   Data           4  stdout.o(.data)
    hadc1                                    0x20000760   Data          48  adc.o(.bss)
    hspi1                                    0x20000790   Data          88  spi.o(.bss)
    htim1                                    0x200007e8   Data          72  tim.o(.bss)
    huart1                                   0x20000830   Data          72  usart.o(.bss)
    huart2                                   0x20000878   Data          72  usart.o(.bss)
    htim4                                    0x200008c0   Data          72  stm32f1xx_hal_timebase_tim.o(.bss)
    xQueueRegistry                           0x20000908   Data          64  queue.o(.bss)
    addTime                                  0x20001b08   Data          24  testprinter.o(.bss)
    __initial_sp                             0x20001f20   Data           0  startup_stm32f103xb.o(STACK)



==============================================================================

Memory Map of the image

  Image Entry point : 0x080000ed

  Load Region LR_IROM1 (Base: 0x08000000, Size: 0x000044dc, Max: 0x00010000, ABSOLUTE)

    Execution Region ER_IROM1 (Exec base: 0x08000000, Load base: 0x08000000, Size: 0x00004424, Max: 0x00010000, ABSOLUTE)

    Exec Addr    Load Addr    Size         Type   Attr      Idx    E Section Name        Object

    0x08000000   0x08000000   0x000000ec   Data   RO            3    RESET               startup_stm32f103xb.o
    0x080000ec   0x080000ec   0x00000000   Code   RO         5206  * .ARM.Collect$$$$00000000  mc_w.l(entry.o)
    0x080000ec   0x080000ec   0x00000004   Code   RO         5498    .ARM.Collect$$$$00000001  mc_w.l(entry2.o)
    0x080000f0   0x080000f0   0x00000004   Code   RO         5501    .ARM.Collect$$$$00000004  mc_w.l(entry5.o)
    0x080000f4   0x080000f4   0x00000000   Code   RO         5503    .ARM.Collect$$$$00000008  mc_w.l(entry7b.o)
    0x080000f4   0x080000f4   0x00000000   Code   RO         5505    .ARM.Collect$$$$0000000A  mc_w.l(entry8b.o)
    0x080000f4   0x080000f4   0x00000008   Code   RO         5506    .ARM.Collect$$$$0000000B  mc_w.l(entry9a.o)
    0x080000fc   0x080000fc   0x00000000   Code   RO         5508    .ARM.Collect$$$$0000000D  mc_w.l(entry10a.o)
    0x080000fc   0x080000fc   0x00000000   Code   RO         5510    .ARM.Collect$$$$0000000F  mc_w.l(entry11a.o)
    0x080000fc   0x080000fc   0x00000004   Code   RO         5499    .ARM.Collect$$$$00002712  mc_w.l(entry2.o)
    0x08000100   0x08000100   0x00000096   Code   RO         4936    .emb_text           port.o
    0x08000196   0x08000196   0x00000002   PAD
    0x08000198   0x08000198   0x00000024   Code   RO            4    .text               startup_stm32f103xb.o
    0x080001bc   0x080001bc   0x00000020   Code   RO         5209    .text               mc_w.l(llushr.o)
    0x080001dc   0x080001dc   0x00000024   Code   RO         5211    .text               mc_w.l(memcpya.o)
    0x08000200   0x08000200   0x00000024   Code   RO         5215    .text               mc_w.l(memseta.o)
    0x08000224   0x08000224   0x000000b0   Code   RO         5480    .text               mf_w.l(fadd.o)
    0x080002d4   0x080002d4   0x00000064   Code   RO         5482    .text               mf_w.l(fmul.o)
    0x08000338   0x08000338   0x000000e4   Code   RO         5484    .text               mf_w.l(dmul.o)
    0x0800041c   0x0800041c   0x000000de   Code   RO         5486    .text               mf_w.l(ddiv.o)
    0x080004fa   0x080004fa   0x0000000a   Code   RO         5488    .text               mf_w.l(ffltui.o)
    0x08000504   0x08000504   0x0000001a   Code   RO         5490    .text               mf_w.l(dfltui.o)
    0x0800051e   0x0800051e   0x00000026   Code   RO         5492    .text               mf_w.l(f2d.o)
    0x08000544   0x08000544   0x00000030   Code   RO         5494    .text               mf_w.l(cdcmple.o)
    0x08000574   0x08000574   0x00000038   Code   RO         5496    .text               mf_w.l(d2f.o)
    0x080005ac   0x080005ac   0x0000002c   Code   RO         5513    .text               mc_w.l(uidiv.o)
    0x080005d8   0x080005d8   0x00000000   Code   RO         5517    .text               mc_w.l(iusefp.o)
    0x080005d8   0x080005d8   0x0000006e   Code   RO         5518    .text               mf_w.l(fepilogue.o)
    0x08000646   0x08000646   0x000000ba   Code   RO         5520    .text               mf_w.l(depilogue.o)
    0x08000700   0x08000700   0x00000024   Code   RO         5528    .text               mc_w.l(init.o)
    0x08000724   0x08000724   0x0000001e   Code   RO         5530    .text               mc_w.l(llshl.o)
    0x08000742   0x08000742   0x00000002   PAD
    0x08000744   0x08000744   0x00000056   Code   RO          679    i.ADC_ConversionStop_Disable  stm32f1xx_hal_adc.o
    0x0800079a   0x0800079a   0x00000002   Code   RO          516    i.BusFault_Handler  stm32f1xx_it.o
    0x0800079c   0x0800079c   0x00000002   Code   RO          517    i.DebugMon_Handler  stm32f1xx_it.o
    0x0800079e   0x0800079e   0x00000004   Code   RO           13    i.Error_Handler     main.o
    0x080007a2   0x080007a2   0x00000002   PAD
    0x080007a4   0x080007a4   0x000000fc   Code   RO          685    i.HAL_ADC_ConfigChannel  stm32f1xx_hal_adc.o
    0x080008a0   0x080008a0   0x0000011c   Code   RO          694    i.HAL_ADC_Init      stm32f1xx_hal_adc.o
    0x080009bc   0x080009bc   0x00000058   Code   RO          343    i.HAL_ADC_MspInit   adc.o
    0x08000a14   0x08000a14   0x000001e0   Code   RO         1272    i.HAL_GPIO_Init     stm32f1xx_hal_gpio.o
    0x08000bf4   0x08000bf4   0x0000000a   Code   RO         1276    i.HAL_GPIO_WritePin  stm32f1xx_hal_gpio.o
    0x08000bfe   0x08000bfe   0x00000002   PAD
    0x08000c00   0x08000c00   0x0000000c   Code   RO          966    i.HAL_GetTick       stm32f1xx_hal.o
    0x08000c0c   0x08000c0c   0x00000010   Code   RO          972    i.HAL_IncTick       stm32f1xx_hal.o
    0x08000c1c   0x08000c1c   0x00000024   Code   RO          973    i.HAL_Init          stm32f1xx_hal.o
    0x08000c40   0x08000c40   0x00000098   Code   RO          604    i.HAL_InitTick      stm32f1xx_hal_timebase_tim.o
    0x08000cd8   0x08000cd8   0x00000048   Code   RO          580    i.HAL_MspInit       stm32f1xx_hal_msp.o
    0x08000d20   0x08000d20   0x0000001a   Code   RO         1432    i.HAL_NVIC_EnableIRQ  stm32f1xx_hal_cortex.o
    0x08000d3a   0x08000d3a   0x00000002   PAD
    0x08000d3c   0x08000d3c   0x00000040   Code   RO         1438    i.HAL_NVIC_SetPriority  stm32f1xx_hal_cortex.o
    0x08000d7c   0x08000d7c   0x00000024   Code   RO         1439    i.HAL_NVIC_SetPriorityGrouping  stm32f1xx_hal_cortex.o
    0x08000da0   0x08000da0   0x000000ec   Code   RO         1234    i.HAL_RCCEx_PeriphCLKConfig  stm32f1xx_hal_rcc_ex.o
    0x08000e8c   0x08000e8c   0x0000012c   Code   RO         1130    i.HAL_RCC_ClockConfig  stm32f1xx_hal_rcc.o
    0x08000fb8   0x08000fb8   0x00000040   Code   RO         1134    i.HAL_RCC_GetClockConfig  stm32f1xx_hal_rcc.o
    0x08000ff8   0x08000ff8   0x00000020   Code   RO         1137    i.HAL_RCC_GetPCLK1Freq  stm32f1xx_hal_rcc.o
    0x08001018   0x08001018   0x00000020   Code   RO         1138    i.HAL_RCC_GetPCLK2Freq  stm32f1xx_hal_rcc.o
    0x08001038   0x08001038   0x0000004c   Code   RO         1139    i.HAL_RCC_GetSysClockFreq  stm32f1xx_hal_rcc.o
    0x08001084   0x08001084   0x00000320   Code   RO         1142    i.HAL_RCC_OscConfig  stm32f1xx_hal_rcc.o
    0x080013a4   0x080013a4   0x000000b2   Code   RO         1943    i.HAL_SPI_Init      stm32f1xx_hal_spi.o
    0x08001456   0x08001456   0x00000002   PAD
    0x08001458   0x08001458   0x0000005c   Code   RO          385    i.HAL_SPI_MspInit   spi.o
    0x080014b4   0x080014b4   0x0000016e   Code   RO         1951    i.HAL_SPI_Transmit  stm32f1xx_hal_spi.o
    0x08001622   0x08001622   0x00000002   Code   RO         2960    i.HAL_TIMEx_BreakCallback  stm32f1xx_hal_tim_ex.o
    0x08001624   0x08001624   0x00000002   Code   RO         2961    i.HAL_TIMEx_CommutCallback  stm32f1xx_hal_tim_ex.o
    0x08001626   0x08001626   0x00000002   PAD
    0x08001628   0x08001628   0x00000068   Code   RO         2979    i.HAL_TIMEx_MasterConfigSynchronization  stm32f1xx_hal_tim_ex.o
    0x08001690   0x08001690   0x0000005a   Code   RO         2256    i.HAL_TIM_Base_Init  stm32f1xx_hal_tim.o
    0x080016ea   0x080016ea   0x00000002   PAD
    0x080016ec   0x080016ec   0x00000028   Code   RO          427    i.HAL_TIM_Base_MspInit  tim.o
    0x08001714   0x08001714   0x00000058   Code   RO         2261    i.HAL_TIM_Base_Start_IT  stm32f1xx_hal_tim.o
    0x0800176c   0x0800176c   0x000000dc   Code   RO         2265    i.HAL_TIM_ConfigClockSource  stm32f1xx_hal_tim.o
    0x08001848   0x08001848   0x00000002   Code   RO         2290    i.HAL_TIM_IC_CaptureCallback  stm32f1xx_hal_tim.o
    0x0800184a   0x0800184a   0x00000166   Code   RO         2304    i.HAL_TIM_IRQHandler  stm32f1xx_hal_tim.o
    0x080019b0   0x080019b0   0x00000002   Code   RO         2307    i.HAL_TIM_OC_DelayElapsedCallback  stm32f1xx_hal_tim.o
    0x080019b2   0x080019b2   0x00000002   Code   RO         2334    i.HAL_TIM_PWM_PulseFinishedCallback  stm32f1xx_hal_tim.o
    0x080019b4   0x080019b4   0x00000014   Code   RO           14    i.HAL_TIM_PeriodElapsedCallback  main.o
    0x080019c8   0x080019c8   0x00000002   Code   RO         2347    i.HAL_TIM_TriggerCallback  stm32f1xx_hal_tim.o
    0x080019ca   0x080019ca   0x00000064   Code   RO         3257    i.HAL_UART_Init     stm32f1xx_hal_uart.o
    0x08001a2e   0x08001a2e   0x00000002   PAD
    0x08001a30   0x08001a30   0x000000ac   Code   RO          469    i.HAL_UART_MspInit  usart.o
    0x08001adc   0x08001adc   0x0000009a   Code   RO         3265    i.HAL_UART_Transmit  stm32f1xx_hal_uart.o
    0x08001b76   0x08001b76   0x00000002   Code   RO          518    i.HardFault_Handler  stm32f1xx_it.o
    0x08001b78   0x08001b78   0x00000002   Code   RO         5016    i.Init_Spi          au_spi.o
    0x08001b7a   0x08001b7a   0x00000002   PAD
    0x08001b7c   0x08001b7c   0x00000068   Code   RO          344    i.MX_ADC1_Init      adc.o
    0x08001be4   0x08001be4   0x00000028   Code   RO          277    i.MX_FREERTOS_Init  freertos.o
    0x08001c0c   0x08001c0c   0x000000e0   Code   RO          250    i.MX_GPIO_Init      gpio.o
    0x08001cec   0x08001cec   0x00000048   Code   RO          386    i.MX_SPI1_Init      spi.o
    0x08001d34   0x08001d34   0x00000068   Code   RO          428    i.MX_TIM1_Init      tim.o
    0x08001d9c   0x08001d9c   0x00000038   Code   RO          470    i.MX_USART1_UART_Init  usart.o
    0x08001dd4   0x08001dd4   0x00000038   Code   RO          471    i.MX_USART2_UART_Init  usart.o
    0x08001e0c   0x08001e0c   0x00000002   Code   RO          519    i.MemManage_Handler  stm32f1xx_it.o
    0x08001e0e   0x08001e0e   0x00000002   Code   RO          520    i.NMI_Handler       stm32f1xx_it.o
    0x08001e10   0x08001e10   0x00000020   Code   RO         1981    i.SPI_EndRxTxTransaction  stm32f1xx_hal_spi.o
    0x08001e30   0x08001e30   0x000000b8   Code   RO         1986    i.SPI_WaitFlagStateUntilTimeout  stm32f1xx_hal_spi.o
    0x08001ee8   0x08001ee8   0x00000010   Code   RO         5017    i.Spi_Command       au_spi.o
    0x08001ef8   0x08001ef8   0x00000008   Code   RO          278    i.StartDefaultTask  freertos.o
    0x08001f00   0x08001f00   0x0000002c   Code   RO         4937    i.SysTick_Handler   port.o
    0x08001f2c   0x08001f2c   0x00000068   Code   RO           15    i.SystemClock_Config  main.o
    0x08001f94   0x08001f94   0x00000002   Code   RO         3591    i.SystemInit        system_stm32f1xx.o
    0x08001f96   0x08001f96   0x00000002   PAD
    0x08001f98   0x08001f98   0x0000000c   Code   RO          521    i.TIM4_IRQHandler   stm32f1xx_it.o
    0x08001fa4   0x08001fa4   0x0000006c   Code   RO         2349    i.TIM_Base_SetConfig  stm32f1xx_hal_tim.o
    0x08002010   0x08002010   0x00000014   Code   RO         2360    i.TIM_ETR_SetConfig  stm32f1xx_hal_tim.o
    0x08002024   0x08002024   0x00000010   Code   RO         2361    i.TIM_ITRx_SetConfig  stm32f1xx_hal_tim.o
    0x08002034   0x08002034   0x00000022   Code   RO         2367    i.TIM_TI1_ConfigInputStage  stm32f1xx_hal_tim.o
    0x08002056   0x08002056   0x00000024   Code   RO         2369    i.TIM_TI2_ConfigInputStage  stm32f1xx_hal_tim.o
    0x0800207a   0x0800207a   0x00000002   PAD
    0x0800207c   0x0800207c   0x000000b8   Code   RO         3283    i.UART_SetConfig    stm32f1xx_hal_uart.o
    0x08002134   0x08002134   0x00000078   Code   RO         3286    i.UART_WaitOnFlagUntilTimeout  stm32f1xx_hal_uart.o
    0x080021ac   0x080021ac   0x00000002   Code   RO          522    i.UsageFault_Handler  stm32f1xx_it.o
    0x080021ae   0x080021ae   0x00000002   PAD
    0x080021b0   0x080021b0   0x00000020   Code   RO         5264    i.__0printf$1       mc_w.l(printf1.o)
    0x080021d0   0x080021d0   0x00000020   Code   RO         1445    i.__NVIC_SetPriority  stm32f1xx_hal_cortex.o
    0x080021f0   0x080021f0   0x0000000e   Code   RO         5536    i.__scatterload_copy  mc_w.l(handlers.o)
    0x080021fe   0x080021fe   0x00000002   Code   RO         5537    i.__scatterload_null  mc_w.l(handlers.o)
    0x08002200   0x08002200   0x0000000e   Code   RO         5538    i.__scatterload_zeroinit  mc_w.l(handlers.o)
    0x0800220e   0x0800220e   0x00000002   PAD
    0x08002210   0x08002210   0x00000154   Code   RO         5271    i._printf_core      mc_w.l(printf1.o)
    0x08002364   0x08002364   0x00000018   Code   RO         5057    i.clearAddTime      testprinter.o
    0x0800237c   0x0800237c   0x00000060   Code   RO         5058    i.digitalWrite      testprinter.o
    0x080023dc   0x080023dc   0x00000038   Code   RO         5146    i.digitalWrite      testmotor.o
    0x08002414   0x08002414   0x00000010   Code   RO         5059    i.digitalWrite_vhen  testprinter.o
    0x08002424   0x08002424   0x00000018   Code   RO           16    i.fputc             main.o
    0x0800243c   0x0800243c   0x0000000c   Code   RO         4518    i.inHandlerMode     cmsis_os.o
    0x08002448   0x08002448   0x00000026   Code   RO         5147    i.init_motor        testmotor.o
    0x0800246e   0x0800246e   0x0000001a   Code   RO         5060    i.init_printer      testprinter.o
    0x08002488   0x08002488   0x00000064   Code   RO           17    i.main              main.o
    0x080024ec   0x080024ec   0x0000000c   Code   RO         4520    i.makeFreeRtosPriority  cmsis_os.o
    0x080024f8   0x080024f8   0x00000054   Code   RO         5148    i.motor_run         testmotor.o
    0x0800254c   0x0800254c   0x000000a4   Code   RO         5149    i.motor_run_step    testmotor.o
    0x080025f0   0x080025f0   0x00000038   Code   RO         5151    i.motor_stop        testmotor.o
    0x08002628   0x08002628   0x0000007c   Code   RO         5061    i.move_and_start_std  testprinter.o
    0x080026a4   0x080026a4   0x0000000e   Code   RO         4522    i.osDelay           cmsis_os.o
    0x080026b2   0x080026b2   0x0000000a   Code   RO         4525    i.osKernelStart     cmsis_os.o
    0x080026bc   0x080026bc   0x00000054   Code   RO         4559    i.osThreadCreate    cmsis_os.o
    0x08002710   0x08002710   0x00000058   Code   RO         4573    i.osTimerStop       cmsis_os.o
    0x08002768   0x08002768   0x00000070   Code   RO         4090    i.prvAddCurrentTaskToDelayedList  tasks.o
    0x080027d8   0x080027d8   0x000000d0   Code   RO         4091    i.prvAddNewTaskToReadyList  tasks.o
    0x080028a8   0x080028a8   0x00000058   Code   RO         4389    i.prvCheckForValidListAndQueue  timers.o
    0x08002900   0x08002900   0x00000026   Code   RO         3769    i.prvCopyDataFromQueue  queue.o
    0x08002926   0x08002926   0x0000006c   Code   RO         3770    i.prvCopyDataToQueue  queue.o
    0x08002992   0x08002992   0x00000034   Code   RO         4092    i.prvDeleteTCB      tasks.o
    0x080029c6   0x080029c6   0x00000002   PAD
    0x080029c8   0x080029c8   0x00000048   Code   RO         4887    i.prvHeapInit       heap_4.o
    0x08002a10   0x08002a10   0x00000060   Code   RO         4093    i.prvIdleTask       tasks.o
    0x08002a70   0x08002a70   0x00000016   Code   RO         3772    i.prvInitialiseNewQueue  queue.o
    0x08002a86   0x08002a86   0x0000008e   Code   RO         4094    i.prvInitialiseNewTask  tasks.o
    0x08002b14   0x08002b14   0x0000004c   Code   RO         4888    i.prvInsertBlockIntoFreeList  heap_4.o
    0x08002b60   0x08002b60   0x00000038   Code   RO         4391    i.prvInsertTimerInActiveList  timers.o
    0x08002b98   0x08002b98   0x0000001c   Code   RO         3773    i.prvIsQueueEmpty   queue.o
    0x08002bb4   0x08002bb4   0x000000bc   Code   RO         4392    i.prvProcessReceivedCommands  timers.o
    0x08002c70   0x08002c70   0x000000b4   Code   RO         4393    i.prvProcessTimerOrBlockTask  timers.o
    0x08002d24   0x08002d24   0x00000020   Code   RO         4095    i.prvResetNextTaskUnblockTime  tasks.o
    0x08002d44   0x08002d44   0x00000028   Code   RO         4394    i.prvSampleTimeNow  timers.o
    0x08002d6c   0x08002d6c   0x0000006c   Code   RO         4395    i.prvSwitchTimerLists  timers.o
    0x08002dd8   0x08002dd8   0x00000028   Code   RO         4938    i.prvTaskExitError  port.o
    0x08002e00   0x08002e00   0x00000024   Code   RO         4396    i.prvTimerTask      timers.o
    0x08002e24   0x08002e24   0x0000006a   Code   RO         3774    i.prvUnlockQueue    queue.o
    0x08002e8e   0x08002e8e   0x00000002   PAD
    0x08002e90   0x08002e90   0x000000d8   Code   RO         4889    i.pvPortMalloc      heap_4.o
    0x08002f68   0x08002f68   0x00000024   Code   RO         4939    i.pxPortInitialiseStack  port.o
    0x08002f8c   0x08002f8c   0x000003e8   Code   RO         5062    i.run_stb           testprinter.o
    0x08003374   0x08003374   0x000000b0   Code   RO         5063    i.send_one_line_data  testprinter.o
    0x08003424   0x08003424   0x0000000e   Code   RO         5064    i.setDebugData      testprinter.o
    0x08003432   0x08003432   0x00000036   Code   RO         5066    i.set_stb_idle      testprinter.o
    0x08003468   0x08003468   0x00000090   Code   RO         5067    i.start_printing_by_onestb  testprinter.o
    0x080034f8   0x080034f8   0x00000034   Code   RO           18    i.task_test         main.o
    0x0800352c   0x0800352c   0x0000008c   Code   RO         5068    i.testSTB           testprinter.o
    0x080035b8   0x080035b8   0x00000026   Code   RO         3729    i.uxListRemove      list.o
    0x080035de   0x080035de   0x00000002   PAD
    0x080035e0   0x080035e0   0x00000014   Code   RO          279    i.vApplicationGetIdleTaskMemory  freertos.o
    0x080035f4   0x080035f4   0x00000018   Code   RO          280    i.vApplicationGetTimerTaskMemory  freertos.o
    0x0800360c   0x0800360c   0x00000016   Code   RO         3730    i.vListInitialise   list.o
    0x08003622   0x08003622   0x00000006   Code   RO         3731    i.vListInitialiseItem  list.o
    0x08003628   0x08003628   0x00000030   Code   RO         3732    i.vListInsert       list.o
    0x08003658   0x08003658   0x00000018   Code   RO         3733    i.vListInsertEnd    list.o
    0x08003670   0x08003670   0x00000040   Code   RO         4941    i.vPortEnterCritical  port.o
    0x080036b0   0x080036b0   0x00000028   Code   RO         4942    i.vPortExitCritical  port.o
    0x080036d8   0x080036d8   0x0000005c   Code   RO         4890    i.vPortFree         heap_4.o
    0x08003734   0x08003734   0x00000024   Code   RO         4943    i.vPortSetupTimerInterrupt  port.o
    0x08003758   0x08003758   0x00000054   Code   RO         4944    i.vPortValidateInterruptPriority  port.o
    0x080037ac   0x080037ac   0x00000028   Code   RO         3778    i.vQueueAddToRegistry  queue.o
    0x080037d4   0x080037d4   0x00000044   Code   RO         3781    i.vQueueWaitForMessageRestricted  queue.o
    0x08003818   0x08003818   0x0000004c   Code   RO         4103    i.vTaskDelay        tasks.o
    0x08003864   0x08003864   0x00000010   Code   RO         4106    i.vTaskInternalSetTimeOutState  tasks.o
    0x08003874   0x08003874   0x0000000c   Code   RO         4107    i.vTaskMissedYield  tasks.o
    0x08003880   0x08003880   0x00000030   Code   RO         4109    i.vTaskPlaceOnEventList  tasks.o
    0x080038b0   0x080038b0   0x00000038   Code   RO         4110    i.vTaskPlaceOnEventListRestricted  tasks.o
    0x080038e8   0x080038e8   0x00000088   Code   RO         4117    i.vTaskStartScheduler  tasks.o
    0x08003970   0x08003970   0x00000010   Code   RO         4119    i.vTaskSuspendAll   tasks.o
    0x08003980   0x08003980   0x0000005c   Code   RO         4120    i.vTaskSwitchContext  tasks.o
    0x080039dc   0x080039dc   0x000000a8   Code   RO         4945    i.xPortStartScheduler  port.o
    0x08003a84   0x08003a84   0x00000066   Code   RO         3785    i.xQueueGenericCreateStatic  queue.o
    0x08003aea   0x08003aea   0x00000002   PAD
    0x08003aec   0x08003aec   0x00000088   Code   RO         3786    i.xQueueGenericReset  queue.o
    0x08003b74   0x08003b74   0x00000160   Code   RO         3787    i.xQueueGenericSend  queue.o
    0x08003cd4   0x08003cd4   0x000000bc   Code   RO         3788    i.xQueueGenericSendFromISR  queue.o
    0x08003d90   0x08003d90   0x00000138   Code   RO         3794    i.xQueueReceive     queue.o
    0x08003ec8   0x08003ec8   0x00000074   Code   RO         4121    i.xTaskCheckForTimeOut  tasks.o
    0x08003f3c   0x08003f3c   0x0000005a   Code   RO         4122    i.xTaskCreate       tasks.o
    0x08003f96   0x08003f96   0x00000056   Code   RO         4123    i.xTaskCreateStatic  tasks.o
    0x08003fec   0x08003fec   0x0000001c   Code   RO         4127    i.xTaskGetSchedulerState  tasks.o
    0x08004008   0x08004008   0x0000000c   Code   RO         4128    i.xTaskGetTickCount  tasks.o
    0x08004014   0x08004014   0x000000c8   Code   RO         4130    i.xTaskIncrementTick  tasks.o
    0x080040dc   0x080040dc   0x00000098   Code   RO         4133    i.xTaskPriorityDisinherit  tasks.o
    0x08004174   0x08004174   0x00000074   Code   RO         4135    i.xTaskRemoveFromEventList  tasks.o
    0x080041e8   0x080041e8   0x000000c4   Code   RO         4136    i.xTaskResumeAll    tasks.o
    0x080042ac   0x080042ac   0x00000060   Code   RO         4401    i.xTimerCreateTimerTask  timers.o
    0x0800430c   0x0800430c   0x00000060   Code   RO         4402    i.xTimerGenericCommand  timers.o
    0x0800436c   0x0800436c   0x0000001c   Data   RO          282    .constdata          freertos.o
    0x08004388   0x08004388   0x00000012   Data   RO         1143    .constdata          stm32f1xx_hal_rcc.o
    0x0800439a   0x0800439a   0x00000010   Data   RO         3592    .constdata          system_stm32f1xx.o
    0x080043aa   0x080043aa   0x00000008   Data   RO         3593    .constdata          system_stm32f1xx.o
    0x080043b2   0x080043b2   0x00000002   PAD
    0x080043b4   0x080043b4   0x0000000c   Data   RO          283    .conststring        freertos.o
    0x080043c0   0x080043c0   0x00000042   Data   RO         5070    .conststring        testprinter.o
    0x08004402   0x08004402   0x00000002   PAD
    0x08004404   0x08004404   0x00000020   Data   RO         5534    Region$$Table       anon$$obj.o


    Execution Region RW_IRAM1 (Exec base: 0x20000000, Load base: 0x08004424, Size: 0x00001f20, Max: 0x00005000, ABSOLUTE)

    Exec Addr    Load Addr    Size         Type   Attr      Idx    E Section Name        Object

    0x20000000   0x08004424   0x00000004   Data   RW          284    .data               freertos.o
    0x20000004   0x08004428   0x0000000c   Data   RW          980    .data               stm32f1xx_hal.o
    0x20000010   0x08004434   0x00000004   Data   RW         3594    .data               system_stm32f1xx.o
    0x20000014   0x08004438   0x0000003c   Data   RW         4139    .data               tasks.o
    0x20000050   0x08004474   0x00000014   Data   RW         4408    .data               timers.o
    0x20000064   0x08004488   0x00000018   Data   RW         4895    .data               heap_4.o
    0x2000007c   0x080044a0   0x0000000c   Data   RW         4946    .data               port.o
    0x20000088   0x080044ac   0x00000001   Data   RW         5071    .data               testprinter.o
    0x20000089   0x080044ad   0x00000003   PAD
    0x2000008c   0x080044b0   0x00000028   Data   RW         5154    .data               testmotor.o
    0x200000b4   0x080044d8   0x00000004   Data   RW         5512    .data               mc_w.l(stdout.o)
    0x200000b8        -       0x000006a8   Zero   RW          281    .bss                freertos.o
    0x20000760        -       0x00000030   Zero   RW          345    .bss                adc.o
    0x20000790        -       0x00000058   Zero   RW          387    .bss                spi.o
    0x200007e8        -       0x00000048   Zero   RW          429    .bss                tim.o
    0x20000830        -       0x00000090   Zero   RW          472    .bss                usart.o
    0x200008c0        -       0x00000048   Zero   RW          607    .bss                stm32f1xx_hal_timebase_tim.o
    0x20000908        -       0x00000040   Zero   RW         3797    .bss                queue.o
    0x20000948        -       0x000000f0   Zero   RW         4138    .bss                tasks.o
    0x20000a38        -       0x000000e8   Zero   RW         4407    .bss                timers.o
    0x20000b20        -       0x00000fe8   Zero   RW         4894    .bss                heap_4.o
    0x20001b08        -       0x00000018   Zero   RW         5069    .bss                testprinter.o
    0x20001b20        -       0x00000400   Zero   RW            1    STACK               startup_stm32f103xb.o


==============================================================================

Image component sizes


      Code (inc. data)   RO Data    RW Data    ZI Data      Debug   Object Name

       192         24          0          0         48       1677   adc.o
        18          4          0          0          0       1177   au_spi.o
       220          6          0          0          0      27175   cmsis_os.o
         0          0          0          0          0      18168   event_groups.o
        92         20         40          4       1704      16195   freertos.o
       224         18          0          0          0       1483   gpio.o
       456         22          0         24       4072       4671   heap_4.o
       138          0          0          0          0       3398   list.o
       304         44          0          0          0     469668   main.o
       662         70          0         12          0      11165   port.o
      1500         20          0          0         64      14300   queue.o
       164         20          0          0         88       1645   spi.o
        36          8        236          0       1024        804   startup_stm32f103xb.o
        64         14          0         12          0       4646   stm32f1xx_hal.o
       622         24          0          0          0       3300   stm32f1xx_hal_adc.o
       158         14          0          0          0      28190   stm32f1xx_hal_cortex.o
       490         34          0          0          0       2892   stm32f1xx_hal_gpio.o
        72         10          0          0          0        874   stm32f1xx_hal_msp.o
      1304         94         18          0          0       5741   stm32f1xx_hal_rcc.o
       236         12          0          0          0       1388   stm32f1xx_hal_rcc_ex.o
       760          4          0          0          0       4390   stm32f1xx_hal_spi.o
       978         26          0          0          0       9757   stm32f1xx_hal_tim.o
       108         12          0          0          0       2405   stm32f1xx_hal_tim_ex.o
       152         20          0          0         72       1479   stm32f1xx_hal_timebase_tim.o
       558          6          0          0          0       3984   stm32f1xx_hal_uart.o
        24          6          0          0          0       3027   stm32f1xx_it.o
         0          0          0          0          0        384   stream_buffer.o
         2          0         24          4          0       1119   system_stm32f1xx.o
      2090        158          0         60        240      23064   tasks.o
       398         20          0         40          0       3214   testmotor.o
      1814        144         66          1         24       7279   testprinter.o
       144         18          0          0         72       1630   tim.o
       888         78          0         20        232      26319   timers.o
       284         32          0          0        144       2347   usart.o

    ----------------------------------------------------------------------
     15184        982        420        180       7784     708955   Object Totals
         0          0         32          0          0          0   (incl. Generated)
        32          0          4          3          0          0   (incl. Padding)

    ----------------------------------------------------------------------

      Code (inc. data)   RO Data    RW Data    ZI Data      Debug   Library Member Name

         0          0          0          0          0          0   entry.o
         0          0          0          0          0          0   entry10a.o
         0          0          0          0          0          0   entry11a.o
         8          4          0          0          0          0   entry2.o
         4          0          0          0          0          0   entry5.o
         0          0          0          0          0          0   entry7b.o
         0          0          0          0          0          0   entry8b.o
         8          4          0          0          0          0   entry9a.o
        30          0          0          0          0          0   handlers.o
        36          8          0          0          0         68   init.o
         0          0          0          0          0          0   iusefp.o
        30          0          0          0          0         68   llshl.o
        32          0          0          0          0         68   llushr.o
        36          0          0          0          0         68   memcpya.o
        36          0          0          0          0        108   memseta.o
       372         14          0          0          0        184   printf1.o
         0          0          0          4          0          0   stdout.o
        44          0          0          0          0         80   uidiv.o
        48          0          0          0          0         68   cdcmple.o
        56          0          0          0          0         88   d2f.o
       222          0          0          0          0        100   ddiv.o
       186          0          0          0          0        176   depilogue.o
        26          0          0          0          0         76   dfltui.o
       228          0          0          0          0         96   dmul.o
        38          0          0          0          0         68   f2d.o
       176          0          0          0          0        140   fadd.o
       110          0          0          0          0        168   fepilogue.o
        10          0          0          0          0         68   ffltui.o
       100          0          0          0          0         76   fmul.o

    ----------------------------------------------------------------------
      1840         30          0          4          0       1768   Library Totals
         4          0          0          0          0          0   (incl. Padding)

    ----------------------------------------------------------------------

      Code (inc. data)   RO Data    RW Data    ZI Data      Debug   Library Name

       636         30          0          4          0        644   mc_w.l
      1200          0          0          0          0       1124   mf_w.l

    ----------------------------------------------------------------------
      1840         30          0          4          0       1768   Library Totals

    ----------------------------------------------------------------------

==============================================================================


      Code (inc. data)   RO Data    RW Data    ZI Data      Debug   

     17024       1012        420        184       7784     701931   Grand Totals
     17024       1012        420        184       7784     701931   ELF Image Totals
     17024       1012        420        184          0          0   ROM Totals

==============================================================================

    Total RO  Size (Code + RO Data)                17444 (  17.04kB)
    Total RW  Size (RW Data + ZI Data)              7968 (   7.78kB)
    Total ROM Size (Code + RO Data + RW Data)      17628 (  17.21kB)

==============================================================================

